###############################################################################
#
# IAR ELF Linker V8.11.1.13263/W32 for ARM                04/May/2017  20:32:13
# Copyright 2007-2017 IAR Systems AB.
#
#    Output file  =  D:\Apollo\ucosiii\Debug\Exe\ucosiii-f767.out
#    Map file     =  D:\Apollo\ucosiii\Debug\List\ucosiii-f767.map
#    Command line =  
#        -f C:\Users\iysheng\AppData\Local\Temp\EWD8D4.tmp
#        (D:\Apollo\ucosiii\Debug\Obj\app_main.o
#        D:\Apollo\ucosiii\Debug\Obj\bsp.o
#        D:\Apollo\ucosiii\Debug\Obj\bsp_clock.o
#        D:\Apollo\ucosiii\Debug\Obj\bsp_led.o
#        D:\Apollo\ucosiii\Debug\Obj\bsp_os.o
#        D:\Apollo\ucosiii\Debug\Obj\cpu_a.o
#        D:\Apollo\ucosiii\Debug\Obj\cpu_bsp.o
#        D:\Apollo\ucosiii\Debug\Obj\cpu_c.o
#        D:\Apollo\ucosiii\Debug\Obj\cpu_cache_armv7m_generic_l1.o
#        D:\Apollo\ucosiii\Debug\Obj\cpu_core.o
#        D:\Apollo\ucosiii\Debug\Obj\lib_ascii.o
#        D:\Apollo\ucosiii\Debug\Obj\lib_math.o
#        D:\Apollo\ucosiii\Debug\Obj\lib_mem.o
#        D:\Apollo\ucosiii\Debug\Obj\lib_mem_a.o
#        D:\Apollo\ucosiii\Debug\Obj\lib_str.o
#        D:\Apollo\ucosiii\Debug\Obj\os_app_hooks.o
#        D:\Apollo\ucosiii\Debug\Obj\os_cfg_app.o
#        D:\Apollo\ucosiii\Debug\Obj\os_core.o
#        D:\Apollo\ucosiii\Debug\Obj\os_cpu_a.o
#        D:\Apollo\ucosiii\Debug\Obj\os_cpu_c.o
#        D:\Apollo\ucosiii\Debug\Obj\os_dbg.o
#        D:\Apollo\ucosiii\Debug\Obj\os_flag.o
#        D:\Apollo\ucosiii\Debug\Obj\os_mem.o
#        D:\Apollo\ucosiii\Debug\Obj\os_mon.o
#        D:\Apollo\ucosiii\Debug\Obj\os_msg.o
#        D:\Apollo\ucosiii\Debug\Obj\os_mutex.o
#        D:\Apollo\ucosiii\Debug\Obj\os_prio.o
#        D:\Apollo\ucosiii\Debug\Obj\os_q.o
#        D:\Apollo\ucosiii\Debug\Obj\os_sem.o
#        D:\Apollo\ucosiii\Debug\Obj\os_stat.o
#        D:\Apollo\ucosiii\Debug\Obj\os_task.o
#        D:\Apollo\ucosiii\Debug\Obj\os_tick.o
#        D:\Apollo\ucosiii\Debug\Obj\os_time.o
#        D:\Apollo\ucosiii\Debug\Obj\os_tmr.o
#        D:\Apollo\ucosiii\Debug\Obj\os_var.o
#        D:\Apollo\ucosiii\Debug\Obj\startup_stm32f767xx.o
#        D:\Apollo\ucosiii\Debug\Obj\stm32f7xx_hal.o
#        D:\Apollo\ucosiii\Debug\Obj\stm32f7xx_hal_cortex.o
#        D:\Apollo\ucosiii\Debug\Obj\stm32f7xx_hal_gpio.o
#        D:\Apollo\ucosiii\Debug\Obj\stm32f7xx_hal_pwr_ex.o
#        D:\Apollo\ucosiii\Debug\Obj\stm32f7xx_hal_rcc.o
#        D:\Apollo\ucosiii\Debug\Obj\stm32f7xx_it.o
#        D:\Apollo\ucosiii\Debug\Obj\system_stm32f7xx.o -o
#        D:\Apollo\ucosiii\Debug\Exe\ucosiii-f767.out --map
#        D:\Apollo\ucosiii\Debug\List\ucosiii-f767.map --config "D:\Program
#        Files (x86)\IAR Systems\Embedded Workbench
#        8.0\arm\config\linker\ST\stm32f767xG.icf" --semihosting --entry
#        __iar_program_start --vfe --text_out locale)
#
###############################################################################

*******************************************************************************
*** RUNTIME MODEL ATTRIBUTES
***

CppFlavor       = *
__SystemLibrary = DLib
__dlib_version  = 6


*******************************************************************************
*** HEAP SELECTION
***

The basic heap was selected because no calls to memory allocation
functions were found in the application outside of system library
functions, and there are calls to deallocation functions in the
application.


*******************************************************************************
*** PLACEMENT SUMMARY
***

"A0":  place at 0x00200000 { ro section .intvec };
"P1":  place in [from 0x00200000 to 0x002fffff] { ro };
"P4":  place in [from 0x20000000 to 0x2000ffff] { block CSTACK };
"P5":  place in [from 0x20010000 to 0x2004bfff] |
                [from 0x2004c000 to 0x2004ffff] { rw, block HEAP };
initialize by copy { rw };

  Section            Kind        Address    Size  Object
  -------            ----        -------    ----  ------
"A0":                                      0x1f8
  .intvec            ro code  0x00200000   0x1f8  startup_stm32f767xx.o [1]
                            - 0x002001f8   0x1f8

"P1":                                     0x46a0
  .text              ro code  0x002001f8   0xa54  os_task.o [1]
  .text              ro code  0x00200c4c   0x378  os_cpu_c.o [1]
  .text              ro code  0x00200fc4    0xac  os_msg.o [1]
  .text              ro code  0x00201070   0x1b8  cpu_core.o [1]
  .text              ro code  0x00201228    0x78  os_prio.o [1]
  .text              ro code  0x002012a0   0x8f0  os_core.o [1]
  .text              ro code  0x00201b90    0x5c  cpu_bsp.o [1]
  .text              ro code  0x00201bec   0x290  os_time.o [1]
  .text              ro code  0x00201e7c   0x466  os_mutex.o [1]
  .rodata            const    0x002022e2     0x2  os_cfg_app.o [1]
  CODE               ro code  0x002022e4   0x108  os_cpu_a.o [1]
  .text              ro code  0x002023ec   0x100  lib_mem.o [1]
  CODE               ro code  0x002024ec    0x34  cpu_a.o [1]
  .text              ro code  0x00202520    0x1c  os_mem.o [1]
  .text              ro code  0x0020253c   0x4ac  os_tick.o [1]
  .text              ro code  0x002029e8   0x540  os_stat.o [1]
  .text              ro code  0x00202f28   0x204  os_tmr.o [1]
  .text              ro code  0x0020312c   0x190  os_dbg.o [1]
  .text              ro code  0x002032bc     0x2  os_cfg_app.o [1]
  .text              ro code  0x002032be    0xa4  bsp_clock.o [1]
  .rodata            const    0x00203362     0x2  os_dbg.o [1]
  .text              ro code  0x00203364   0x75c  stm32f7xx_hal_rcc.o [1]
  .text              ro code  0x00203ac0    0x88  stm32f7xx_hal_pwr_ex.o [1]
  .text              ro code  0x00203b48    0x24  bsp_os.o [1]
  .text              ro code  0x00203b6c    0x2c  stm32f7xx_hal_cortex.o [1]
  .text              ro code  0x00203b98   0x258  stm32f7xx_hal_gpio.o [1]
  .text              ro code  0x00203df0    0xf4  app_main.o [1]
  .text              ro code  0x00203ee4    0x2a  stm32f7xx_hal.o [1]
  .rodata            const    0x00203f0e     0x2  os_dbg.o [1]
  .text              ro code  0x00203f10    0x2c  lib_math.o [1]
  .text              ro code  0x00203f3c    0x92  os_app_hooks.o [1]
  .text              ro code  0x00203fce     0xc  bsp.o [1]
  .rodata            const    0x00203fda     0x2  os_dbg.o [1]
  .text              ro code  0x00203fdc    0xac  bsp_led.o [1]
  .text              ro code  0x00204088    0xb0  os_sem.o [1]
  .text              ro code  0x00204138    0xc4  os_q.o [1]
  .text              ro code  0x002041fc    0xb0  os_flag.o [1]
  .text              ro code  0x002042ac    0x6c  system_stm32f7xx.o [1]
  .text              ro code  0x00204318    0x40  zero_init3.o [5]
  .rodata            const    0x00204358    0x30  os_dbg.o [1]
  .rodata            const    0x00204388    0x30  os_dbg.o [1]
  .rodata            const    0x002043b8    0x30  os_dbg.o [1]
  .text              ro code  0x002043e8    0x2c  copy_init3.o [5]
  .rodata            const    0x00204414    0x28  os_dbg.o [1]
  .rodata            const    0x0020443c    0x28  os_dbg.o [1]
  .text              ro code  0x00204464    0x28  data_init.o [5]
  .text              ro code  0x0020448c    0x22  fpinit_M.o [4]
  .iar.init_table    const    0x002044b0    0x24  - Linker created -
  .rodata            const    0x002044d4     0x2  os_dbg.o [1]
  .rodata            const    0x002044d8    0x20  os_dbg.o [1]
  .text              ro code  0x002044f8    0x1a  cmain.o [5]
  .text              ro code  0x00204512     0x4  low_level_init.o [3]
  .text              ro code  0x00204516     0x4  exit.o [3]
  .rodata            const    0x0020451a     0x2  os_dbg.o [1]
  .text              ro code  0x0020451c     0xa  cexit.o [5]
  .rodata            const    0x00204526     0x2  os_dbg.o [1]
  .text              ro code  0x00204528    0x14  exit.o [6]
  .rodata            const    0x0020453c    0x18  os_tmr.o [1]
  .rodata            const    0x00204554    0x14  os_core.o [1]
  .rodata            const    0x00204568    0x14  os_stat.o [1]
  .rodata            const    0x0020457c    0x14  os_tick.o [1]
  .rodata            const    0x00204590    0x10  app_main.o [1]
  .rodata            const    0x002045a0    0x10  os_tmr.o [1]
  .rodata            const    0x002045b0    0x10  system_stm32f7xx.o [1]
  .text              ro code  0x002045c0    0x10  startup_stm32f767xx.o [1]
  .rodata            const    0x002045d0     0xc  app_main.o [1]
  .rodata            const    0x002045dc     0xc  app_main.o [1]
  .rodata            const    0x002045e8     0xc  app_main.o [1]
  .rodata            const    0x002045f4     0xc  app_main.o [1]
  .rodata            const    0x00204600     0xc  os_core.o [1]
  .text              ro code  0x0020460c     0xc  stm32f7xx_it.o [1]
  .text              ro code  0x00204618     0xc  cstartup_M.o [5]
  .rodata            const    0x00204624     0x8  lib_mem.o [1]
  .rodata            const    0x0020462c     0x8  os_core.o [1]
  .rodata            const    0x00204634     0x8  os_task.o [1]
  .rodata            const    0x0020463c     0x8  system_stm32f7xx.o [1]
  .rodata            const    0x00204644     0x4  os_cfg_app.o [1]
  .rodata            const    0x00204648     0x4  os_cfg_app.o [1]
  .rodata            const    0x0020464c     0x4  os_cfg_app.o [1]
  .rodata            const    0x00204650     0x4  os_cfg_app.o [1]
  .rodata            const    0x00204654     0x4  os_cfg_app.o [1]
  .rodata            const    0x00204658     0x4  os_cfg_app.o [1]
  .rodata            const    0x0020465c     0x4  os_cfg_app.o [1]
  .rodata            const    0x00204660     0x4  os_cfg_app.o [1]
  .rodata            const    0x00204664     0x4  os_cfg_app.o [1]
  .rodata            const    0x00204668     0x4  os_cfg_app.o [1]
  .rodata            const    0x0020466c     0x4  os_cfg_app.o [1]
  .rodata            const    0x00204670     0x4  os_cfg_app.o [1]
  .rodata            const    0x00204674     0x4  os_cfg_app.o [1]
  .rodata            const    0x00204678     0x4  os_cfg_app.o [1]
  .rodata            const    0x0020467c     0x4  os_cfg_app.o [1]
  .rodata            const    0x00204680     0x4  os_cfg_app.o [1]
  .rodata            const    0x00204684     0x4  os_cfg_app.o [1]
  .rodata            const    0x00204688     0x4  os_cfg_app.o [1]
  .rodata            const    0x0020468c     0x4  os_cfg_app.o [1]
  .rodata            const    0x00204690     0x4  os_dbg.o [1]
  .rodata            const    0x00204694     0x4  os_dbg.o [1]
  .rodata            const    0x00204698     0x4  os_dbg.o [1]
  .text              ro code  0x0020469c     0x4  startup_stm32f767xx.o [1]
  .text              ro code  0x002046a0     0x4  startup_stm32f767xx.o [1]
  .text              ro code  0x002046a4     0x4  startup_stm32f767xx.o [1]
  .text              ro code  0x002046a8     0x4  startup_stm32f767xx.o [1]
  .text              ro code  0x002046ac     0x4  startup_stm32f767xx.o [1]
  .text              ro code  0x002046b0     0x4  startup_stm32f767xx.o [1]
  .text              ro code  0x002046b4     0x4  startup_stm32f767xx.o [1]
  .text              ro code  0x002046b8     0x4  startup_stm32f767xx.o [1]
  .text              ro code  0x002046bc     0x4  startup_stm32f767xx.o [1]
  .text              ro code  0x002046c0     0x4  startup_stm32f767xx.o [1]
  .text              ro code  0x002046c4     0x4  startup_stm32f767xx.o [1]
  .text              ro code  0x002046c8     0x4  startup_stm32f767xx.o [1]
  .text              ro code  0x002046cc     0x4  startup_stm32f767xx.o [1]
  .text              ro code  0x002046d0     0x4  startup_stm32f767xx.o [1]
  .text              ro code  0x002046d4     0x4  startup_stm32f767xx.o [1]
  .text              ro code  0x002046d8     0x4  startup_stm32f767xx.o [1]
  .text              ro code  0x002046dc     0x4  startup_stm32f767xx.o [1]
  .text              ro code  0x002046e0     0x4  startup_stm32f767xx.o [1]
  .text              ro code  0x002046e4     0x4  startup_stm32f767xx.o [1]
  .text              ro code  0x002046e8     0x4  startup_stm32f767xx.o [1]
  .text              ro code  0x002046ec     0x4  startup_stm32f767xx.o [1]
  .text              ro code  0x002046f0     0x4  startup_stm32f767xx.o [1]
  .text              ro code  0x002046f4     0x4  startup_stm32f767xx.o [1]
  .text              ro code  0x002046f8     0x4  startup_stm32f767xx.o [1]
  .text              ro code  0x002046fc     0x4  startup_stm32f767xx.o [1]
  .text              ro code  0x00204700     0x4  startup_stm32f767xx.o [1]
  .text              ro code  0x00204704     0x4  startup_stm32f767xx.o [1]
  .text              ro code  0x00204708     0x4  startup_stm32f767xx.o [1]
  .text              ro code  0x0020470c     0x4  startup_stm32f767xx.o [1]
  .text              ro code  0x00204710     0x4  startup_stm32f767xx.o [1]
  .text              ro code  0x00204714     0x4  startup_stm32f767xx.o [1]
  .text              ro code  0x00204718     0x4  startup_stm32f767xx.o [1]
  .text              ro code  0x0020471c     0x4  startup_stm32f767xx.o [1]
  .text              ro code  0x00204720     0x4  startup_stm32f767xx.o [1]
  .text              ro code  0x00204724     0x4  startup_stm32f767xx.o [1]
  .text              ro code  0x00204728     0x4  startup_stm32f767xx.o [1]
  .text              ro code  0x0020472c     0x4  startup_stm32f767xx.o [1]
  .text              ro code  0x00204730     0x4  startup_stm32f767xx.o [1]
  .text              ro code  0x00204734     0x4  startup_stm32f767xx.o [1]
  .text              ro code  0x00204738     0x4  startup_stm32f767xx.o [1]
  .text              ro code  0x0020473c     0x4  startup_stm32f767xx.o [1]
  .text              ro code  0x00204740     0x4  startup_stm32f767xx.o [1]
  .text              ro code  0x00204744     0x4  startup_stm32f767xx.o [1]
  .text              ro code  0x00204748     0x4  startup_stm32f767xx.o [1]
  .text              ro code  0x0020474c     0x4  startup_stm32f767xx.o [1]
  .text              ro code  0x00204750     0x4  startup_stm32f767xx.o [1]
  .text              ro code  0x00204754     0x4  startup_stm32f767xx.o [1]
  .text              ro code  0x00204758     0x4  startup_stm32f767xx.o [1]
  .text              ro code  0x0020475c     0x4  startup_stm32f767xx.o [1]
  .text              ro code  0x00204760     0x4  startup_stm32f767xx.o [1]
  .text              ro code  0x00204764     0x4  startup_stm32f767xx.o [1]
  .text              ro code  0x00204768     0x4  startup_stm32f767xx.o [1]
  .text              ro code  0x0020476c     0x4  startup_stm32f767xx.o [1]
  .text              ro code  0x00204770     0x4  startup_stm32f767xx.o [1]
  .text              ro code  0x00204774     0x4  startup_stm32f767xx.o [1]
  .text              ro code  0x00204778     0x4  startup_stm32f767xx.o [1]
  .text              ro code  0x0020477c     0x4  startup_stm32f767xx.o [1]
  .text              ro code  0x00204780     0x4  startup_stm32f767xx.o [1]
  .text              ro code  0x00204784     0x4  startup_stm32f767xx.o [1]
  .text              ro code  0x00204788     0x4  startup_stm32f767xx.o [1]
  .text              ro code  0x0020478c     0x4  startup_stm32f767xx.o [1]
  .text              ro code  0x00204790     0x4  startup_stm32f767xx.o [1]
  .text              ro code  0x00204794     0x4  startup_stm32f767xx.o [1]
  .text              ro code  0x00204798     0x4  startup_stm32f767xx.o [1]
  .text              ro code  0x0020479c     0x4  startup_stm32f767xx.o [1]
  .text              ro code  0x002047a0     0x4  startup_stm32f767xx.o [1]
  .text              ro code  0x002047a4     0x4  startup_stm32f767xx.o [1]
  .text              ro code  0x002047a8     0x4  startup_stm32f767xx.o [1]
  .text              ro code  0x002047ac     0x4  startup_stm32f767xx.o [1]
  .text              ro code  0x002047b0     0x4  startup_stm32f767xx.o [1]
  .text              ro code  0x002047b4     0x4  startup_stm32f767xx.o [1]
  .text              ro code  0x002047b8     0x4  startup_stm32f767xx.o [1]
  .text              ro code  0x002047bc     0x4  startup_stm32f767xx.o [1]
  .text              ro code  0x002047c0     0x4  startup_stm32f767xx.o [1]
  .text              ro code  0x002047c4     0x4  startup_stm32f767xx.o [1]
  .text              ro code  0x002047c8     0x4  startup_stm32f767xx.o [1]
  .text              ro code  0x002047cc     0x4  startup_stm32f767xx.o [1]
  .text              ro code  0x002047d0     0x4  startup_stm32f767xx.o [1]
  .text              ro code  0x002047d4     0x4  startup_stm32f767xx.o [1]
  .text              ro code  0x002047d8     0x4  startup_stm32f767xx.o [1]
  .text              ro code  0x002047dc     0x4  startup_stm32f767xx.o [1]
  .text              ro code  0x002047e0     0x4  startup_stm32f767xx.o [1]
  .text              ro code  0x002047e4     0x4  startup_stm32f767xx.o [1]
  .text              ro code  0x002047e8     0x4  startup_stm32f767xx.o [1]
  .text              ro code  0x002047ec     0x4  startup_stm32f767xx.o [1]
  .text              ro code  0x002047f0     0x4  startup_stm32f767xx.o [1]
  .text              ro code  0x002047f4     0x4  startup_stm32f767xx.o [1]
  .text              ro code  0x002047f8     0x4  startup_stm32f767xx.o [1]
  .text              ro code  0x002047fc     0x4  startup_stm32f767xx.o [1]
  .text              ro code  0x00204800     0x4  startup_stm32f767xx.o [1]
  .text              ro code  0x00204804     0x4  startup_stm32f767xx.o [1]
  .text              ro code  0x00204808     0x4  startup_stm32f767xx.o [1]
  .text              ro code  0x0020480c     0x4  startup_stm32f767xx.o [1]
  .text              ro code  0x00204810     0x4  startup_stm32f767xx.o [1]
  .text              ro code  0x00204814     0x4  startup_stm32f767xx.o [1]
  .text              ro code  0x00204818     0x4  startup_stm32f767xx.o [1]
  .text              ro code  0x0020481c     0x4  startup_stm32f767xx.o [1]
  .text              ro code  0x00204820     0x4  startup_stm32f767xx.o [1]
  .text              ro code  0x00204824     0x4  startup_stm32f767xx.o [1]
  .text              ro code  0x00204828     0x4  startup_stm32f767xx.o [1]
  .text              ro code  0x0020482c     0x4  startup_stm32f767xx.o [1]
  .text              ro code  0x00204830     0x4  startup_stm32f767xx.o [1]
  .text              ro code  0x00204834     0x4  startup_stm32f767xx.o [1]
  .text              ro code  0x00204838     0x4  startup_stm32f767xx.o [1]
  .text              ro code  0x0020483c     0x4  startup_stm32f767xx.o [1]
  .text              ro code  0x00204840     0x4  startup_stm32f767xx.o [1]
  .text              ro code  0x00204844     0x4  startup_stm32f767xx.o [1]
  .text              ro code  0x00204848     0x4  startup_stm32f767xx.o [1]
  .text              ro code  0x0020484c     0x4  startup_stm32f767xx.o [1]
  .rodata            const    0x00204850     0x2  os_dbg.o [1]
  .rodata            const    0x00204852     0x2  os_dbg.o [1]
  .rodata            const    0x00204854     0x2  os_dbg.o [1]
  .rodata            const    0x00204856     0x2  os_dbg.o [1]
  .rodata            const    0x00204858     0x2  os_dbg.o [1]
  .rodata            const    0x0020485a     0x2  os_dbg.o [1]
  .rodata            const    0x0020485c     0x2  os_dbg.o [1]
  .rodata            const    0x0020485e     0x2  os_dbg.o [1]
  .rodata            const    0x00204860     0x2  os_dbg.o [1]
  .rodata            const    0x00204862     0x2  os_dbg.o [1]
  .rodata            const    0x00204864     0x2  os_dbg.o [1]
  .rodata            const    0x00204866     0x2  os_dbg.o [1]
  .rodata            const    0x00204868     0x2  os_dbg.o [1]
  .rodata            const    0x0020486a     0x2  os_dbg.o [1]
  .rodata            const    0x0020486c     0x1  os_cfg_app.o [1]
  .rodata            const    0x0020486d     0x1  os_cfg_app.o [1]
  .rodata            const    0x0020486e     0x1  os_cfg_app.o [1]
  .rodata            const    0x0020486f     0x1  os_dbg.o [1]
  .rodata            const    0x00204870     0x1  os_dbg.o [1]
  .rodata            const    0x00204871     0x1  os_dbg.o [1]
  .rodata            const    0x00204872     0x1  os_dbg.o [1]
  .rodata            const    0x00204873     0x1  os_dbg.o [1]
  .rodata            const    0x00204874     0x1  os_dbg.o [1]
  .rodata            const    0x00204875     0x1  os_dbg.o [1]
  .rodata            const    0x00204876     0x1  os_dbg.o [1]
  .rodata            const    0x00204877     0x1  os_dbg.o [1]
  .rodata            const    0x00204878     0x1  os_dbg.o [1]
  .rodata            const    0x00204879     0x1  os_dbg.o [1]
  .rodata            const    0x0020487a     0x1  os_dbg.o [1]
  .rodata            const    0x0020487b     0x1  os_dbg.o [1]
  .rodata            const    0x0020487c     0x1  os_dbg.o [1]
  .rodata            const    0x0020487d     0x1  os_dbg.o [1]
  .rodata            const    0x0020487e     0x1  os_dbg.o [1]
  .rodata            const    0x0020487f     0x1  os_dbg.o [1]
  .rodata            const    0x00204880     0x1  os_dbg.o [1]
  .rodata            const    0x00204881     0x1  os_dbg.o [1]
  .rodata            const    0x00204882     0x1  os_dbg.o [1]
  .rodata            const    0x00204883     0x1  os_dbg.o [1]
  .rodata            const    0x00204884     0x1  os_dbg.o [1]
  .rodata            const    0x00204885     0x1  os_dbg.o [1]
  .rodata            const    0x00204886     0x1  os_dbg.o [1]
  .rodata            const    0x00204887     0x1  os_dbg.o [1]
  .rodata            const    0x00204888     0x1  os_dbg.o [1]
  .rodata            const    0x00204889     0x1  os_dbg.o [1]
  .rodata            const    0x0020488a     0x1  os_dbg.o [1]
  .rodata            const    0x0020488b     0x1  os_dbg.o [1]
  .rodata            const    0x0020488c     0x1  os_dbg.o [1]
  .rodata            const    0x0020488d     0x1  os_dbg.o [1]
  .rodata            const    0x0020488e     0x1  os_dbg.o [1]
  .rodata            const    0x0020488f     0x1  os_dbg.o [1]
  .rodata            const    0x00204890     0x1  os_dbg.o [1]
  .rodata            const    0x00204891     0x1  os_dbg.o [1]
  .rodata            const    0x00204892     0x1  os_dbg.o [1]
  .rodata            const    0x00204893     0x1  os_dbg.o [1]
  .rodata            const    0x00204894     0x0  zero_init3.o [5]
  .rodata            const    0x00204894     0x0  copy_init3.o [5]
  Initializer bytes  const    0x00204894     0x4  <for P5 s0>
                            - 0x00204898  0x46a0

"P4":                                     0x2000
  CSTACK                      0x20000000  0x2000  <Block>
    CSTACK           uninit   0x20000000  0x2000  <Block tail>
                            - 0x20002000  0x2000

"P5", part 1 of 2:                           0x4
  P5 s0                       0x20010000     0x4  <Init block>
    .data            inited   0x20010000     0x4  system_stm32f7xx.o [1]
                            - 0x20010004     0x4

"P5", part 2 of 2:                        0x1b84
  .bss               zero     0x20010004   0x400  app_main.o [1]
  .bss               zero     0x20010404   0x400  lib_mem.o [1]
  .bss               zero     0x20010804   0x200  os_cfg_app.o [1]
  .bss               zero     0x20010a04   0x200  os_cfg_app.o [1]
  .bss               zero     0x20010c04   0x200  os_cfg_app.o [1]
  .bss               zero     0x20010e04   0x200  os_cfg_app.o [1]
  .bss               zero     0x20011004   0x200  os_cfg_app.o [1]
  .bss               zero     0x20011204   0x200  os_cfg_app.o [1]
  .bss               zero     0x20011404   0x180  os_var.o [1]
  .bss               zero     0x20011584    0xd4  app_main.o [1]
  .bss               zero     0x20011658    0xd4  os_var.o [1]
  .bss               zero     0x2001172c    0xd4  os_var.o [1]
  .bss               zero     0x20011800    0xd4  os_var.o [1]
  .bss               zero     0x200118d4    0xd4  os_var.o [1]
  .bss               zero     0x200119a8    0x30  app_main.o [1]
  .bss               zero     0x200119d8    0x30  app_main.o [1]
  .bss               zero     0x20011a08    0x30  os_var.o [1]
  .bss               zero     0x20011a38    0x28  app_main.o [1]
  .bss               zero     0x20011a60    0x28  app_main.o [1]
  .bss               zero     0x20011a88    0x14  lib_mem.o [1]
  .bss               zero     0x20011a9c    0x10  cpu_core.o [1]
  .bss               zero     0x20011aac     0xc  os_var.o [1]
  .bss               zero     0x20011ab8     0x8  os_var.o [1]
  .bss               zero     0x20011ac0     0x8  os_var.o [1]
  .bss               zero     0x20011ac8     0x4  cpu_core.o [1]
  .bss               zero     0x20011acc     0x4  cpu_core.o [1]
  .bss               zero     0x20011ad0     0x4  cpu_core.o [1]
  .bss               zero     0x20011ad4     0x4  cpu_core.o [1]
  .bss               zero     0x20011ad8     0x4  cpu_core.o [1]
  .bss               zero     0x20011adc     0x4  cpu_core.o [1]
  .bss               zero     0x20011ae0     0x4  lib_math.o [1]
  .bss               zero     0x20011ae4     0x4  lib_mem.o [1]
  .bss               zero     0x20011ae8     0x4  os_cpu_c.o [1]
  .bss               zero     0x20011aec     0x4  os_prio.o [1]
  .bss               zero     0x20011af0     0x4  os_var.o [1]
  .bss               zero     0x20011af4     0x4  os_var.o [1]
  .bss               zero     0x20011af8     0x4  os_var.o [1]
  .bss               zero     0x20011afc     0x4  os_var.o [1]
  .bss               zero     0x20011b00     0x4  os_var.o [1]
  .bss               zero     0x20011b04     0x4  os_var.o [1]
  .bss               zero     0x20011b08     0x4  os_var.o [1]
  .bss               zero     0x20011b0c     0x4  os_var.o [1]
  .bss               zero     0x20011b10     0x4  os_var.o [1]
  .bss               zero     0x20011b14     0x4  os_var.o [1]
  .bss               zero     0x20011b18     0x4  os_var.o [1]
  .bss               zero     0x20011b1c     0x4  os_var.o [1]
  .bss               zero     0x20011b20     0x4  os_var.o [1]
  .bss               zero     0x20011b24     0x4  os_var.o [1]
  .bss               zero     0x20011b28     0x4  os_var.o [1]
  .bss               zero     0x20011b2c     0x4  os_var.o [1]
  .bss               zero     0x20011b30     0x4  os_var.o [1]
  .bss               zero     0x20011b34     0x4  os_var.o [1]
  .bss               zero     0x20011b38     0x4  os_var.o [1]
  .bss               zero     0x20011b3c     0x4  os_var.o [1]
  .bss               zero     0x20011b40     0x4  os_var.o [1]
  .bss               zero     0x20011b44     0x4  os_var.o [1]
  .bss               zero     0x20011b48     0x4  os_var.o [1]
  .bss               zero     0x20011b4c     0x4  os_var.o [1]
  .bss               zero     0x20011b50     0x4  os_var.o [1]
  .bss               zero     0x20011b54     0x4  os_var.o [1]
  .bss               zero     0x20011b58     0x4  os_var.o [1]
  .bss               zero     0x20011b5c     0x4  os_var.o [1]
  .bss               zero     0x20011b60     0x4  os_var.o [1]
  .bss               zero     0x20011b64     0x4  os_var.o [1]
  .bss               zero     0x20011b68     0x2  cpu_core.o [1]
  .bss               zero     0x20011b6a     0x2  cpu_core.o [1]
  .bss               zero     0x20011b6c     0x2  os_var.o [1]
  .bss               zero     0x20011b6e     0x2  os_var.o [1]
  .bss               zero     0x20011b70     0x2  os_var.o [1]
  .bss               zero     0x20011b72     0x2  os_var.o [1]
  .bss               zero     0x20011b74     0x2  os_var.o [1]
  .bss               zero     0x20011b76     0x2  os_var.o [1]
  .bss               zero     0x20011b78     0x2  os_var.o [1]
  .bss               zero     0x20011b7a     0x2  os_var.o [1]
  .bss               zero     0x20011b7c     0x2  os_var.o [1]
  .bss               zero     0x20011b7e     0x1  os_var.o [1]
  .bss               zero     0x20011b7f     0x1  os_var.o [1]
  .bss               zero     0x20011b80     0x1  os_var.o [1]
  .bss               zero     0x20011b81     0x1  os_var.o [1]
  .bss               zero     0x20011b82     0x1  os_var.o [1]
  .bss               zero     0x20011b83     0x1  os_var.o [1]
  .bss               zero     0x20011b84     0x1  os_var.o [1]
  .bss               zero     0x20011b85     0x1  os_var.o [1]
  .bss               zero     0x20011b86     0x1  os_var.o [1]
                            - 0x20011b87  0x1b83


*******************************************************************************
*** INIT TABLE
***

          Address     Size
          -------     ----
Zero (__iar_zero_init3)
    1 destination range, total size 0x1b83:
          0x20010004  0x1b83

Copy (__iar_copy_init3)
    1 source range, total size 0x4:
          0x00204894     0x4
    1 destination range, total size 0x4:
          0x20010000     0x4



*******************************************************************************
*** MODULE SUMMARY
***

    Module                  ro code  ro data  rw data
    ------                  -------  -------  -------
D:\Apollo\ucosiii\Debug\Obj: [1]
    app_main.o                  244       64    1 412
    bsp.o                        12
    bsp_clock.o                 164
    bsp_led.o                   172
    bsp_os.o                     36
    cpu_a.o                      52
    cpu_bsp.o                    92
    cpu_core.o                  440                44
    lib_math.o                   44                 4
    lib_mem.o                   256        8    1 048
    os_app_hooks.o              146
    os_cfg_app.o                  2       81    3 072
    os_core.o                 2 288       40
    os_cpu_a.o                  264
    os_cpu_c.o                  888                 4
    os_dbg.o                    400      345
    os_flag.o                   176
    os_mem.o                     28
    os_msg.o                    172
    os_mutex.o                1 126
    os_prio.o                   120                 4
    os_q.o                      196
    os_sem.o                    176
    os_stat.o                 1 344       20
    os_task.o                 2 644        8
    os_tick.o                 1 196       20
    os_time.o                   656
    os_tmr.o                    516       40
    os_var.o                                    1 455
    startup_stm32f767xx.o       956
    stm32f7xx_hal.o              42
    stm32f7xx_hal_cortex.o       44
    stm32f7xx_hal_gpio.o        600
    stm32f7xx_hal_pwr_ex.o      136
    stm32f7xx_hal_rcc.o       1 884
    stm32f7xx_it.o               12
    system_stm32f7xx.o          108       28        4
    -------------------------------------------------
    Total:                   17 632      654    7 047

command line: [2]
    -------------------------------------------------
    Total:

dl7M_tlf.a: [3]
    exit.o                        4
    low_level_init.o              4
    -------------------------------------------------
    Total:                        8

m7M_tlv.a: [4]
    fpinit_M.o                   34
    -------------------------------------------------
    Total:                       34

rt7M_tl.a: [5]
    cexit.o                      10
    cmain.o                      26
    copy_init3.o                 44
    cstartup_M.o                 12
    data_init.o                  40
    zero_init3.o                 64
    -------------------------------------------------
    Total:                      196

shb_l.a: [6]
    exit.o                       20
    -------------------------------------------------
    Total:                       20

    Gaps                                   4
    Linker created                        36    8 192
-----------------------------------------------------
    Grand Total:             17 890      694   15 239


*******************************************************************************
*** ENTRY LIST
***

Entry                      Address   Size  Type      Object
-----                      -------   ----  ----      ------
.iar.init_table$$Base   0x002044b0          --   Gb  - Linker created -
.iar.init_table$$Limit  0x002044d4          --   Gb  - Linker created -
?main                   0x002044f9         Code  Gb  cmain.o [5]
AHBPrescTable           0x002045b0   0x10  Data  Gb  system_stm32f7xx.o [1]
APBPrescTable           0x0020463c    0x8  Data  Gb  system_stm32f7xx.o [1]
AppObjCreate            0x00203e85   0x32  Code  Lc  app_main.o [1]
AppTaskObjFlag          0x20011a60   0x28  Data  Lc  app_main.o [1]
AppTaskObjMutex         0x200119a8   0x30  Data  Lc  app_main.o [1]
AppTaskObjQ             0x200119d8   0x30  Data  Lc  app_main.o [1]
AppTaskObjSem           0x20011a38   0x28  Data  Lc  app_main.o [1]
AppTaskStart            0x00203e55   0x30  Code  Lc  app_main.o [1]
AppTaskStartStk         0x20010004  0x400  Data  Lc  app_main.o [1]
AppTaskStartTCB         0x20011584   0xd4  Data  Lc  app_main.o [1]
App_OS_IdleTaskHook     0x00203fa9    0x2  Code  Gb  os_app_hooks.o [1]
App_OS_SetAllHooks      0x00203f3d   0x50  Code  Gb  os_app_hooks.o [1]
App_OS_StatTaskHook     0x00203fad    0x2  Code  Gb  os_app_hooks.o [1]
App_OS_TaskCreateHook   0x00203fb1    0x8  Code  Gb  os_app_hooks.o [1]
App_OS_TaskDelHook      0x00203fb9    0x8  Code  Gb  os_app_hooks.o [1]
App_OS_TaskReturnHook   0x00203fc1    0x8  Code  Gb  os_app_hooks.o [1]
App_OS_TaskSwHook       0x00203fc9    0x2  Code  Gb  os_app_hooks.o [1]
App_OS_TimeTickHook     0x00203fcd    0x2  Code  Gb  os_app_hooks.o [1]
BSP_ClkFreqGet          0x00203333   0x30  Code  Gb  bsp_clock.o [1]
BSP_Init                0x00203fcf    0xc  Code  Gb  bsp.o [1]
BSP_LED_Init            0x00203fdd   0x3e  Code  Gb  bsp_led.o [1]
BSP_LED_Off             0x0020401b   0x32  Code  Gb  bsp_led.o [1]
BSP_LED_Toggle          0x0020404d   0x2c  Code  Gb  bsp_led.o [1]
BSP_OSTickInit          0x00203b49    0xe  Code  Gb  bsp_os.o [1]
BSP_SystemClkCfg        0x002032bf   0x74  Code  Gb  bsp_clock.o [1]
BusFault_Handler        0x00204611    0x2  Code  Gb  stm32f7xx_it.o [1]
CPU_CntLeadZeros        0x0020250b         Code  Gb  cpu_a.o [1]
CPU_CntTrailZeros       0x00202511         Code  Gb  cpu_a.o [1]
CPU_Init                0x00201071   0x10  Code  Gb  cpu_core.o [1]
CPU_IntDis              0x002024ed         Code  Gb  cpu_a.o [1]
CPU_IntDisMeasCtr       0x20011b68    0x2  Data  Gb  cpu_core.o [1]
CPU_IntDisMeasInit      0x0020117b   0x72  Code  Lc  cpu_core.o [1]
CPU_IntDisMeasMaxCalc   0x002011ed   0x14  Code  Lc  cpu_core.o [1]
CPU_IntDisMeasMaxCurGet
                        0x002010c5   0x18  Code  Gb  cpu_core.o [1]
CPU_IntDisMeasMaxCurReset
                        0x002010ab   0x1a  Code  Gb  cpu_core.o [1]
CPU_IntDisMeasMaxCur_cnts
                        0x20011ad8    0x4  Data  Gb  cpu_core.o [1]
CPU_IntDisMeasMaxGet    0x002010dd   0x18  Code  Gb  cpu_core.o [1]
CPU_IntDisMeasMax_cnts  0x20011adc    0x4  Data  Gb  cpu_core.o [1]
CPU_IntDisMeasOvrhd_cnts
                        0x20011ad4    0x4  Data  Gb  cpu_core.o [1]
CPU_IntDisMeasStart     0x002010f5   0x28  Code  Gb  cpu_core.o [1]
CPU_IntDisMeasStart_cnts
                        0x20011acc    0x4  Data  Gb  cpu_core.o [1]
CPU_IntDisMeasStop      0x0020111d   0x40  Code  Gb  cpu_core.o [1]
CPU_IntDisMeasStop_cnts
                        0x20011ad0    0x4  Data  Gb  cpu_core.o [1]
CPU_IntDisNestCtr       0x20011b6a    0x2  Data  Gb  cpu_core.o [1]
CPU_IntEn               0x002024f1         Code  Gb  cpu_a.o [1]
CPU_Name                0x20011a9c   0x10  Data  Gb  cpu_core.o [1]
CPU_NameClr             0x00201083   0x22  Code  Gb  cpu_core.o [1]
CPU_NameInit            0x00201165    0x8  Code  Lc  cpu_core.o [1]
CPU_RevBits             0x0020251b         Code  Gb  cpu_a.o [1]
CPU_SR_Restore          0x002024fd         Code  Gb  cpu_a.o [1]
CPU_SR_Save             0x002024f5         Code  Gb  cpu_a.o [1]
CPU_SW_Exception        0x00201081    0x2  Code  Gb  cpu_core.o [1]
CPU_StatReset           0x0020115d    0x8  Code  Gb  cpu_core.o [1]
CPU_TS_Init             0x0020116d    0xe  Code  Lc  cpu_core.o [1]
CPU_TS_TmrFreqSet       0x002010a5    0x6  Code  Gb  cpu_core.o [1]
CPU_TS_TmrFreq_Hz       0x20011ac8    0x4  Data  Gb  cpu_core.o [1]
CPU_TS_TmrInit          0x00201b91   0x3e  Code  Gb  cpu_bsp.o [1]
CPU_TS_TmrRd            0x00201bcf    0x6  Code  Gb  cpu_bsp.o [1]
CPU_WaitForExcept       0x00202507         Code  Gb  cpu_a.o [1]
CPU_WaitForInt          0x00202503         Code  Gb  cpu_a.o [1]
CSTACK$$Base            0x20000000          --   Gb  - Linker created -
CSTACK$$Limit           0x20002000          --   Gb  - Linker created -
DebugMon_Handler        0x00204617    0x2  Code  Gb  stm32f7xx_it.o [1]
HAL_GPIO_Init           0x00203b99  0x1fa  Code  Gb  stm32f7xx_hal_gpio.o [1]
HAL_GPIO_TogglePin      0x00203da7    0xa  Code  Gb  stm32f7xx_hal_gpio.o [1]
HAL_GPIO_WritePin       0x00203d93   0x14  Code  Gb  stm32f7xx_hal_gpio.o [1]
HAL_GetTick             0x00203b63    0xa  Code  Gb  bsp_os.o [1]
HAL_Init                0x00203ee5   0x22  Code  Gb  stm32f7xx_hal.o [1]
HAL_InitTick            0x00203b57    0xc  Code  Gb  bsp_os.o [1]
HAL_NVIC_SetPriorityGrouping
                        0x00203b89    0x8  Code  Gb  stm32f7xx_hal_cortex.o [1]
HAL_PWREx_EnableOverDrive
                        0x00203ac1   0x7a  Code  Gb  stm32f7xx_hal_pwr_ex.o [1]
HAL_RCC_ClockConfig     0x00203813  0x1a2  Code  Gb  stm32f7xx_hal_rcc.o [1]
HAL_RCC_GetHCLKFreq     0x00203a41    0x6  Code  Gb  stm32f7xx_hal_rcc.o [1]
HAL_RCC_GetPCLK1Freq    0x00203a47   0x20  Code  Gb  stm32f7xx_hal_rcc.o [1]
HAL_RCC_GetPCLK2Freq    0x00203a67   0x20  Code  Gb  stm32f7xx_hal_rcc.o [1]
HAL_RCC_GetSysClockFreq
                        0x002039b5   0x8c  Code  Gb  stm32f7xx_hal_rcc.o [1]
HAL_RCC_OscConfig       0x00203365  0x4ae  Code  Gb  stm32f7xx_hal_rcc.o [1]
HardFault_Handler       0x0020460f    0x2  Code  Gb  stm32f7xx_it.o [1]
Math_Init               0x00203f11    0xa  Code  Gb  lib_math.o [1]
Math_RandSeedCur        0x20011ae0    0x4  Data  Gb  lib_math.o [1]
Math_RandSetSeed        0x00203f1b   0x1e  Code  Gb  lib_math.o [1]
Mem_Clr                 0x00202425    0xc  Code  Gb  lib_mem.o [1]
Mem_Heap                0x20010404  0x400  Data  Gb  lib_mem.o [1]
Mem_Init                0x002023ed   0x38  Code  Gb  lib_mem.o [1]
Mem_SegCreate           0x0020247b   0x46  Code  Gb  lib_mem.o [1]
Mem_SegCreateCritical   0x002024c1   0x1a  Code  Lc  lib_mem.o [1]
Mem_SegHeadPtr          0x20011ae4    0x4  Data  Gb  lib_mem.o [1]
Mem_SegHeap             0x20011a88   0x14  Data  Gb  lib_mem.o [1]
Mem_Set                 0x00202431   0x4a  Code  Gb  lib_mem.o [1]
NMI_Handler             0x0020460d    0x2  Code  Gb  stm32f7xx_it.o [1]
NVIC_SetPriorityGrouping
                        0x00203b6d   0x1c  Code  Lc  stm32f7xx_hal_cortex.o [1]
OSCfg_ISRStk            0x20010a04  0x200  Data  Gb  os_cfg_app.o [1]
OSCfg_ISRStkBasePtr     0x00204650    0x4  Data  Gb  os_cfg_app.o [1]
OSCfg_ISRStkSize        0x00204654    0x4  Data  Gb  os_cfg_app.o [1]
OSCfg_IdleTaskStk       0x20010804  0x200  Data  Gb  os_cfg_app.o [1]
OSCfg_IdleTaskStkBasePtr
                        0x00204644    0x4  Data  Gb  os_cfg_app.o [1]
OSCfg_IdleTaskStkLimit  0x00204648    0x4  Data  Gb  os_cfg_app.o [1]
OSCfg_IdleTaskStkSize   0x0020464c    0x4  Data  Gb  os_cfg_app.o [1]
OSCfg_Init              0x002032bd    0x2  Code  Gb  os_cfg_app.o [1]
OSCfg_MsgPool           0x20010c04  0x200  Data  Gb  os_cfg_app.o [1]
OSCfg_MsgPoolBasePtr    0x00204658    0x4  Data  Gb  os_cfg_app.o [1]
OSCfg_MsgPoolSize       0x002022e2    0x2  Data  Gb  os_cfg_app.o [1]
OSCfg_StatTaskPrio      0x0020486c    0x1  Data  Gb  os_cfg_app.o [1]
OSCfg_StatTaskRate_Hz   0x0020465c    0x4  Data  Gb  os_cfg_app.o [1]
OSCfg_StatTaskStk       0x20010e04  0x200  Data  Gb  os_cfg_app.o [1]
OSCfg_StatTaskStkBasePtr
                        0x00204660    0x4  Data  Gb  os_cfg_app.o [1]
OSCfg_StatTaskStkLimit  0x00204664    0x4  Data  Gb  os_cfg_app.o [1]
OSCfg_StatTaskStkSize   0x00204668    0x4  Data  Gb  os_cfg_app.o [1]
OSCfg_StkSizeMin        0x0020466c    0x4  Data  Gb  os_cfg_app.o [1]
OSCfg_TickRate_Hz       0x00204670    0x4  Data  Gb  os_cfg_app.o [1]
OSCfg_TickTaskPrio      0x0020486d    0x1  Data  Gb  os_cfg_app.o [1]
OSCfg_TickTaskStk       0x20011004  0x200  Data  Gb  os_cfg_app.o [1]
OSCfg_TickTaskStkBasePtr
                        0x00204674    0x4  Data  Gb  os_cfg_app.o [1]
OSCfg_TickTaskStkLimit  0x00204678    0x4  Data  Gb  os_cfg_app.o [1]
OSCfg_TickTaskStkSize   0x0020467c    0x4  Data  Gb  os_cfg_app.o [1]
OSCfg_TmrTaskPrio       0x0020486e    0x1  Data  Gb  os_cfg_app.o [1]
OSCfg_TmrTaskRate_Hz    0x00204680    0x4  Data  Gb  os_cfg_app.o [1]
OSCfg_TmrTaskStk        0x20011204  0x200  Data  Gb  os_cfg_app.o [1]
OSCfg_TmrTaskStkBasePtr
                        0x00204684    0x4  Data  Gb  os_cfg_app.o [1]
OSCfg_TmrTaskStkLimit   0x00204688    0x4  Data  Gb  os_cfg_app.o [1]
OSCfg_TmrTaskStkSize    0x0020468c    0x4  Data  Gb  os_cfg_app.o [1]
OSCtxSw                 0x0020237d         Code  Gb  os_cpu_a.o [1]
OSDbg_AppHooksEn        0x00204871    0x1  Data  Gb  os_dbg.o [1]
OSDbg_ArgChkEn          0x00204870    0x1  Data  Gb  os_dbg.o [1]
OSDbg_CalledFromISRChkEn
                        0x00204872    0x1  Data  Gb  os_dbg.o [1]
OSDbg_DataSize          0x00204698    0x4  Data  Gb  os_dbg.o [1]
OSDbg_DbgEn             0x0020486f    0x1  Data  Gb  os_dbg.o [1]
OSDbg_EndiannessTest    0x00204690    0x4  Data  Gb  os_dbg.o [1]
OSDbg_FlagDelEn         0x00204874    0x1  Data  Gb  os_dbg.o [1]
OSDbg_FlagEn            0x00204873    0x1  Data  Gb  os_dbg.o [1]
OSDbg_FlagGrp           0x00204414   0x28  Data  Gb  os_dbg.o [1]
OSDbg_FlagGrpSize       0x00203362    0x2  Data  Gb  os_dbg.o [1]
OSDbg_FlagModeClrEn     0x00204875    0x1  Data  Gb  os_dbg.o [1]
OSDbg_FlagPendAbortEn   0x00204876    0x1  Data  Gb  os_dbg.o [1]
OSDbg_FlagWidth         0x00203f0e    0x2  Data  Gb  os_dbg.o [1]
OSDbg_Mem               0x002044d8   0x20  Data  Gb  os_dbg.o [1]
OSDbg_MemEn             0x00204877    0x1  Data  Gb  os_dbg.o [1]
OSDbg_MemSize           0x00203fda    0x2  Data  Gb  os_dbg.o [1]
OSDbg_MsgEn             0x00204878    0x1  Data  Gb  os_dbg.o [1]
OSDbg_MsgPoolSize       0x0020451a    0x2  Data  Gb  os_dbg.o [1]
OSDbg_MsgQSize          0x00204526    0x2  Data  Gb  os_dbg.o [1]
OSDbg_MsgSize           0x002044d4    0x2  Data  Gb  os_dbg.o [1]
OSDbg_Mutex             0x00204358   0x30  Data  Gb  os_dbg.o [1]
OSDbg_MutexDelEn        0x0020487a    0x1  Data  Gb  os_dbg.o [1]
OSDbg_MutexEn           0x00204879    0x1  Data  Gb  os_dbg.o [1]
OSDbg_MutexPendAbortEn  0x0020487b    0x1  Data  Gb  os_dbg.o [1]
OSDbg_MutexSize         0x00204850    0x2  Data  Gb  os_dbg.o [1]
OSDbg_ObjTypeChkEn      0x0020487c    0x1  Data  Gb  os_dbg.o [1]
OSDbg_PendListSize      0x00204852    0x2  Data  Gb  os_dbg.o [1]
OSDbg_PendObjSize       0x00204854    0x2  Data  Gb  os_dbg.o [1]
OSDbg_PrioMax           0x00204856    0x2  Data  Gb  os_dbg.o [1]
OSDbg_PrioTblSize       0x00204858    0x2  Data  Gb  os_dbg.o [1]
OSDbg_PtrSize           0x0020485a    0x2  Data  Gb  os_dbg.o [1]
OSDbg_Q                 0x00204388   0x30  Data  Gb  os_dbg.o [1]
OSDbg_QDelEn            0x0020487e    0x1  Data  Gb  os_dbg.o [1]
OSDbg_QEn               0x0020487d    0x1  Data  Gb  os_dbg.o [1]
OSDbg_QFlushEn          0x0020487f    0x1  Data  Gb  os_dbg.o [1]
OSDbg_QPendAbortEn      0x00204880    0x1  Data  Gb  os_dbg.o [1]
OSDbg_QSize             0x0020485c    0x2  Data  Gb  os_dbg.o [1]
OSDbg_RdyList           0x00204860    0x2  Data  Gb  os_dbg.o [1]
OSDbg_RdyListSize       0x00204694    0x4  Data  Gb  os_dbg.o [1]
OSDbg_SchedRoundRobinEn
                        0x00204881    0x1  Data  Gb  os_dbg.o [1]
OSDbg_Sem               0x0020443c   0x28  Data  Gb  os_dbg.o [1]
OSDbg_SemDelEn          0x00204883    0x1  Data  Gb  os_dbg.o [1]
OSDbg_SemEn             0x00204882    0x1  Data  Gb  os_dbg.o [1]
OSDbg_SemPendAbortEn    0x00204884    0x1  Data  Gb  os_dbg.o [1]
OSDbg_SemSetEn          0x00204885    0x1  Data  Gb  os_dbg.o [1]
OSDbg_SemSize           0x0020485e    0x2  Data  Gb  os_dbg.o [1]
OSDbg_StatTaskEn        0x00204887    0x1  Data  Gb  os_dbg.o [1]
OSDbg_StatTaskStkChkEn  0x00204888    0x1  Data  Gb  os_dbg.o [1]
OSDbg_StkWidth          0x00204886    0x1  Data  Gb  os_dbg.o [1]
OSDbg_TCBSize           0x00204864    0x2  Data  Gb  os_dbg.o [1]
OSDbg_TaskChangePrioEn  0x00204889    0x1  Data  Gb  os_dbg.o [1]
OSDbg_TaskDelEn         0x0020488a    0x1  Data  Gb  os_dbg.o [1]
OSDbg_TaskProfileEn     0x0020488d    0x1  Data  Gb  os_dbg.o [1]
OSDbg_TaskQEn           0x0020488b    0x1  Data  Gb  os_dbg.o [1]
OSDbg_TaskQPendAbortEn  0x0020488c    0x1  Data  Gb  os_dbg.o [1]
OSDbg_TaskRegTblSize    0x00204862    0x2  Data  Gb  os_dbg.o [1]
OSDbg_TaskSemPendAbortEn
                        0x0020488e    0x1  Data  Gb  os_dbg.o [1]
OSDbg_TaskSuspendEn     0x0020488f    0x1  Data  Gb  os_dbg.o [1]
OSDbg_TickListSize      0x00204866    0x2  Data  Gb  os_dbg.o [1]
OSDbg_TimeDlyHMSMEn     0x00204890    0x1  Data  Gb  os_dbg.o [1]
OSDbg_TimeDlyResumeEn   0x00204891    0x1  Data  Gb  os_dbg.o [1]
OSDbg_Tmr               0x002043b8   0x30  Data  Gb  os_dbg.o [1]
OSDbg_TmrDelEn          0x00204893    0x1  Data  Gb  os_dbg.o [1]
OSDbg_TmrEn             0x00204892    0x1  Data  Gb  os_dbg.o [1]
OSDbg_TmrSize           0x00204868    0x2  Data  Gb  os_dbg.o [1]
OSDbg_VersionNbr        0x0020486a    0x2  Data  Gb  os_dbg.o [1]
OSFlagCreate            0x002041fd   0x72  Code  Gb  os_flag.o [1]
OSFlagDbgListPtr        0x20011b14    0x4  Data  Gb  os_var.o [1]
OSFlagQty               0x20011b6c    0x2  Data  Gb  os_var.o [1]
OSIdleTaskCtr           0x20011b0c    0x4  Data  Gb  os_var.o [1]
OSIdleTaskHook          0x00200c4d   0x12  Code  Gb  os_cpu_c.o [1]
OSIdleTaskTCB           0x20011658   0xd4  Data  Gb  os_var.o [1]
OSInit                  0x002012a1  0x14c  Code  Gb  os_core.o [1]
OSInitHook              0x00200c5f   0x2e  Code  Gb  os_cpu_c.o [1]
OSInitialized           0x20011b80    0x1  Data  Gb  os_var.o [1]
OSIntCtxSw              0x00202385         Code  Gb  os_cpu_a.o [1]
OSIntDisTimeMax         0x20011b10    0x4  Data  Gb  os_var.o [1]
OSIntEnter              0x002013ed   0x24  Code  Gb  os_core.o [1]
OSIntExit               0x00201411   0xb6  Code  Gb  os_core.o [1]
OSIntNestingCtr         0x20011b7e    0x1  Data  Gb  os_var.o [1]
OSMemDbgListPtr         0x20011b18    0x4  Data  Gb  os_var.o [1]
OSMemQty                0x20011b6e    0x2  Data  Gb  os_var.o [1]
OSMsgPool               0x20011aac    0xc  Data  Gb  os_var.o [1]
OSMutexCreate           0x00201e7d   0x76  Code  Gb  os_mutex.o [1]
OSMutexDbgListPtr       0x20011b1c    0x4  Data  Gb  os_var.o [1]
OSMutexPend             0x00201ef3  0x1d6  Code  Gb  os_mutex.o [1]
OSMutexPost             0x002020c9  0x17a  Code  Gb  os_mutex.o [1]
OSMutexQty              0x20011b70    0x2  Data  Gb  os_var.o [1]
OSPrioCur               0x20011b81    0x1  Data  Gb  os_var.o [1]
OSPrioHighRdy           0x20011b82    0x1  Data  Gb  os_var.o [1]
OSPrioTbl               0x20011aec    0x4  Data  Gb  os_prio.o [1]
OSQCreate               0x00204139   0x86  Code  Gb  os_q.o [1]
OSQDbgListPtr           0x20011b20    0x4  Data  Gb  os_var.o [1]
OSQQty                  0x20011b72    0x2  Data  Gb  os_var.o [1]
OSRdyList               0x20011404  0x180  Data  Gb  os_var.o [1]
OSRunning               0x20011b7f    0x1  Data  Gb  os_var.o [1]
OSSched                 0x002014c7   0x86  Code  Gb  os_core.o [1]
OSSchedLock             0x0020154d   0x62  Code  Gb  os_core.o [1]
OSSchedLockNestingCtr   0x20011b83    0x1  Data  Gb  os_var.o [1]
OSSchedUnlock           0x002015af   0x80  Code  Gb  os_core.o [1]
OSSemCreate             0x00204089   0x72  Code  Gb  os_sem.o [1]
OSSemDbgListPtr         0x20011b24    0x4  Data  Gb  os_var.o [1]
OSSemQty                0x20011b74    0x2  Data  Gb  os_var.o [1]
OSStart                 0x0020162f   0x92  Code  Gb  os_core.o [1]
OSStartHighRdy          0x00202303         Code  Gb  os_cpu_a.o [1]
OSStatReset             0x002029e9   0xfe  Code  Gb  os_stat.o [1]
OSStatResetFlag         0x20011b84    0x1  Data  Gb  os_var.o [1]
OSStatTaskCPUUsage      0x20011b76    0x2  Data  Gb  os_var.o [1]
OSStatTaskCPUUsageInit  0x00202ae7   0xdc  Code  Gb  os_stat.o [1]
OSStatTaskCPUUsageMax   0x20011b78    0x2  Data  Gb  os_var.o [1]
OSStatTaskCtr           0x20011b28    0x4  Data  Gb  os_var.o [1]
OSStatTaskCtrMax        0x20011b2c    0x4  Data  Gb  os_var.o [1]
OSStatTaskCtrRun        0x20011b30    0x4  Data  Gb  os_var.o [1]
OSStatTaskHook          0x00200c8d   0x12  Code  Gb  os_cpu_c.o [1]
OSStatTaskRdy           0x20011b85    0x1  Data  Gb  os_var.o [1]
OSStatTaskTCB           0x2001172c   0xd4  Data  Gb  os_var.o [1]
OSStatTaskTimeMax       0x20011b34    0x4  Data  Gb  os_var.o [1]
OSTCBCurPtr             0x20011b60    0x4  Data  Gb  os_var.o [1]
OSTCBHighRdyPtr         0x20011b64    0x4  Data  Gb  os_var.o [1]
OSTaskCreate            0x002001f9  0x1aa  Code  Gb  os_task.o [1]
OSTaskCreateHook        0x00200c9f   0x12  Code  Gb  os_cpu_c.o [1]
OSTaskCtxSwCtr          0x20011b38    0x4  Data  Gb  os_var.o [1]
OSTaskDbgListPtr        0x20011b3c    0x4  Data  Gb  os_var.o [1]
OSTaskQty               0x20011b7a    0x2  Data  Gb  os_var.o [1]
OSTaskRegNextAvailID    0x20011b86    0x1  Data  Gb  os_var.o [1]
OSTaskResume            0x002003a3  0x126  Code  Gb  os_task.o [1]
OSTaskReturnHook        0x00200cb1   0x12  Code  Gb  os_cpu_c.o [1]
OSTaskSemPend           0x002004c9  0x1e8  Code  Gb  os_task.o [1]
OSTaskSemPost           0x002006b1  0x104  Code  Gb  os_task.o [1]
OSTaskStkChk            0x002007b5   0xb2  Code  Gb  os_task.o [1]
OSTaskStkInit           0x00200cc3  0x160  Code  Gb  os_cpu_c.o [1]
OSTaskSuspend           0x00200875  0x140  Code  Gb  os_task.o [1]
OSTaskSwHook            0x00200e23   0x82  Code  Gb  os_cpu_c.o [1]
OSTickCtr               0x20011b40    0x4  Data  Gb  os_var.o [1]
OSTickListDly           0x20011ab8    0x8  Data  Gb  os_var.o [1]
OSTickListTimeout       0x20011ac0    0x8  Data  Gb  os_var.o [1]
OSTickTaskTCB           0x20011800   0xd4  Data  Gb  os_var.o [1]
OSTickTaskTimeMax       0x20011b44    0x4  Data  Gb  os_var.o [1]
OSTimeDly               0x00201bed   0x94  Code  Gb  os_time.o [1]
OSTimeDlyHMSM           0x00201c81  0x172  Code  Gb  os_time.o [1]
OSTimeGet               0x00201df3   0x24  Code  Gb  os_time.o [1]
OSTimeTick              0x00201e17   0x3e  Code  Gb  os_time.o [1]
OSTimeTickHook          0x00200ea5   0x12  Code  Gb  os_cpu_c.o [1]
OSTmrDbgListPtr         0x20011b48    0x4  Data  Gb  os_var.o [1]
OSTmrListEntries        0x20011b7c    0x2  Data  Gb  os_var.o [1]
OSTmrListPtr            0x20011b4c    0x4  Data  Gb  os_var.o [1]
OSTmrMutex              0x20011a08   0x30  Data  Gb  os_var.o [1]
OSTmrTaskTCB            0x200118d4   0xd4  Data  Gb  os_var.o [1]
OSTmrTaskTimeMax        0x20011b50    0x4  Data  Gb  os_var.o [1]
OSTmrTickCtr            0x20011b54    0x4  Data  Gb  os_var.o [1]
OSTmrUpdateCnt          0x20011b58    0x4  Data  Gb  os_var.o [1]
OSTmrUpdateCtr          0x20011b5c    0x4  Data  Gb  os_var.o [1]
OS_AppIdleTaskHookPtr   0x20011afc    0x4  Data  Gb  os_var.o [1]
OS_AppStatTaskHookPtr   0x20011b00    0x4  Data  Gb  os_var.o [1]
OS_AppTaskCreateHookPtr
                        0x20011af0    0x4  Data  Gb  os_var.o [1]
OS_AppTaskDelHookPtr    0x20011af4    0x4  Data  Gb  os_var.o [1]
OS_AppTaskReturnHookPtr
                        0x20011af8    0x4  Data  Gb  os_var.o [1]
OS_AppTaskSwHookPtr     0x20011b04    0x4  Data  Gb  os_var.o [1]
OS_AppTimeTickHookPtr   0x20011b08    0x4  Data  Gb  os_var.o [1]
OS_CPU_ExceptStkBase    0x20011ae8    0x4  Data  Gb  os_cpu_c.o [1]
OS_CPU_FP_Reg_Pop       0x002022f7         Code  Gb  os_cpu_a.o [1]
OS_CPU_FP_Reg_Push      0x002022e5         Code  Gb  os_cpu_a.o [1]
OS_CPU_PendSVHandler    0x0020238d         Code  Gb  os_cpu_a.o [1]
OS_CPU_SysTickHandler   0x00200eb7   0x24  Code  Gb  os_cpu_c.o [1]
OS_CPU_SysTickInit      0x00200eeb   0x2c  Code  Gb  os_cpu_c.o [1]
OS_CPU_SysTickInitFreq  0x00200edb   0x10  Code  Gb  os_cpu_c.o [1]
OS_Dbg_Init             0x0020312d  0x190  Code  Gb  os_dbg.o [1]
OS_FlagDbgListAdd       0x0020426f   0x28  Code  Gb  os_flag.o [1]
OS_IdleTask             0x002016c1   0x38  Code  Gb  os_core.o [1]
OS_IdleTaskInit         0x002016f9   0x50  Code  Gb  os_core.o [1]
OS_MemInit              0x00202521   0x12  Code  Gb  os_mem.o [1]
OS_MsgPoolInit          0x00200fc5   0x8a  Code  Gb  os_msg.o [1]
OS_MsgQInit             0x0020104f   0x14  Code  Gb  os_msg.o [1]
OS_MutexDbgListAdd      0x00202243   0x28  Code  Gb  os_mutex.o [1]
OS_MutexGrpAdd          0x0020228d    0x8  Code  Gb  os_mutex.o [1]
OS_MutexGrpPrioFindHighest
                        0x002022ab   0x38  Code  Gb  os_mutex.o [1]
OS_MutexGrpRemove       0x00202295   0x16  Code  Gb  os_mutex.o [1]
OS_Pend                 0x00201749   0x5a  Code  Gb  os_core.o [1]
OS_PendDbgNameAdd       0x002017a3   0x40  Code  Gb  os_core.o [1]
OS_PendDbgNameRemove    0x002017e3   0x20  Code  Gb  os_core.o [1]
OS_PendListChangePrio   0x00201803   0x24  Code  Gb  os_core.o [1]
OS_PendListInit         0x00201827    0xe  Code  Gb  os_core.o [1]
OS_PendListInsertPrio   0x00201835   0x72  Code  Gb  os_core.o [1]
OS_PendListRemove       0x002018a7   0x5a  Code  Gb  os_core.o [1]
OS_Post                 0x00201901   0xaa  Code  Gb  os_core.o [1]
OS_PrioGetHighest       0x0020123d   0x14  Code  Gb  os_prio.o [1]
OS_PrioInit             0x00201229   0x14  Code  Gb  os_prio.o [1]
OS_PrioInsert           0x00201251   0x24  Code  Gb  os_prio.o [1]
OS_PrioRemove           0x00201275   0x26  Code  Gb  os_prio.o [1]
OS_QDbgListAdd          0x002041bf   0x28  Code  Gb  os_q.o [1]
OS_RdyListInit          0x002019ab   0x22  Code  Gb  os_core.o [1]
OS_RdyListInsert        0x002019cd   0x28  Code  Gb  os_core.o [1]
OS_RdyListInsertHead    0x002019f5   0x3a  Code  Gb  os_core.o [1]
OS_RdyListInsertTail    0x00201a2f   0x38  Code  Gb  os_core.o [1]
OS_RdyListRemove        0x00201a6d   0x5c  Code  Gb  os_core.o [1]
OS_SemDbgListAdd        0x002040fb   0x28  Code  Gb  os_sem.o [1]
OS_StatTask             0x00202bc3  0x262  Code  Gb  os_stat.o [1]
OS_StatTaskInit         0x00202e25   0x90  Code  Gb  os_stat.o [1]
OS_TaskBlock            0x00201ac9   0x28  Code  Gb  os_core.o [1]
OS_TaskChangePrio       0x00200b4d   0xe0  Code  Gb  os_task.o [1]
OS_TaskDbgListAdd       0x002009b9   0x2c  Code  Gb  os_task.o [1]
OS_TaskInit             0x002009e5   0x18  Code  Gb  os_task.o [1]
OS_TaskInitTCB          0x00200a05  0x12c  Code  Gb  os_task.o [1]
OS_TaskReturn           0x00200b31   0x18  Code  Gb  os_task.o [1]
OS_TickListInsert       0x0020265b   0x8c  Code  Gb  os_tick.o [1]
OS_TickListInsertDly    0x002026e7   0x90  Code  Gb  os_tick.o [1]
OS_TickListRemove       0x00202777   0x70  Code  Gb  os_tick.o [1]
OS_TickListUpdateDly    0x002027e7   0xa6  Code  Lc  os_tick.o [1]
OS_TickListUpdateTimeout
                        0x0020288d  0x128  Code  Lc  os_tick.o [1]
OS_TickTask             0x0020253d   0x5e  Code  Gb  os_tick.o [1]
OS_TickTaskInit         0x0020259b   0xc0  Code  Gb  os_tick.o [1]
OS_TmrInit              0x00202f29   0xd4  Code  Gb  os_tmr.o [1]
OS_TmrLock              0x002030c3   0x14  Code  Lc  os_tmr.o [1]
OS_TmrTask              0x0020303d   0x86  Code  Gb  os_tmr.o [1]
OS_TmrUnlink            0x00202ffd   0x3e  Code  Gb  os_tmr.o [1]
OS_TmrUnlock            0x002030d7    0xe  Code  Lc  os_tmr.o [1]
Region$$Table$$Base     0x002044b0          --   Gb  - Linker created -
Region$$Table$$Limit    0x002044d4          --   Gb  - Linker created -
SVC_Handler             0x00204615    0x2  Code  Gb  stm32f7xx_it.o [1]
SystemCoreClock         0x20010000    0x4  Data  Gb  system_stm32f7xx.o [1]
SystemInit              0x002042ad   0x4c  Code  Gb  system_stm32f7xx.o [1]
UsageFault_Handler      0x00204613    0x2  Code  Gb  stm32f7xx_it.o [1]
__cmain                 0x002044f9         Code  Gb  cmain.o [5]
__exit                  0x00204529   0x14  Code  Gb  exit.o [6]
__iar_copy_init3        0x002043e9   0x2c  Code  Gb  copy_init3.o [5]
__iar_data_init3        0x00204465   0x28  Code  Gb  data_init.o [5]
__iar_init_vfp          0x0020448d         Code  Gb  fpinit_M.o [4]
__iar_program_start     0x00204619         Code  Gb  cstartup_M.o [5]
__iar_systems$$module {Abs}
                        0x00000001         Data  Gb  command line/config [2]
__iar_zero_init3        0x00204319   0x40  Code  Gb  zero_init3.o [5]
__low_level_init        0x00204513    0x4  Code  Gb  low_level_init.o [3]
__vector_table          0x00200000         Data  Gb  startup_stm32f767xx.o [1]
_call_main              0x00204505         Code  Gb  cmain.o [5]
_exit                   0x0020451d         Code  Gb  cexit.o [5]
_main                   0x0020450f         Code  Gb  cmain.o [5]
exit                    0x00204517    0x4  Code  Gb  exit.o [3]
main                    0x00203df1   0x64  Code  Gb  app_main.o [1]


[1] = D:\Apollo\ucosiii\Debug\Obj
[2] = command line
[3] = dl7M_tlf.a
[4] = m7M_tlv.a
[5] = rt7M_tl.a
[6] = shb_l.a

  17 890 bytes of readonly  code memory
     694 bytes of readonly  data memory
  15 239 bytes of readwrite data memory

Errors: none
Warnings: none
