###############################################################################
#
# IAR ELF Linker V8.11.1.13263/W32 for ARM                05/May/2017  18:33:31
# Copyright 2007-2017 IAR Systems AB.
#
#    Output file  =  D:\Apollo\ucosiii\Debug\Exe\ucosiii-f767.out
#    Map file     =  D:\Apollo\ucosiii\Debug\List\ucosiii-f767.map
#    Command line =  
#        -f C:\Users\iysheng\AppData\Local\Temp\EW2A18.tmp
#        (D:\Apollo\ucosiii\Debug\Obj\app_main.o
#        D:\Apollo\ucosiii\Debug\Obj\bsp.o
#        D:\Apollo\ucosiii\Debug\Obj\bsp_clock.o
#        D:\Apollo\ucosiii\Debug\Obj\bsp_led.o
#        D:\Apollo\ucosiii\Debug\Obj\bsp_os.o
#        D:\Apollo\ucosiii\Debug\Obj\cpu_a.o
#        D:\Apollo\ucosiii\Debug\Obj\cpu_bsp.o
#        D:\Apollo\ucosiii\Debug\Obj\cpu_c.o
#        D:\Apollo\ucosiii\Debug\Obj\cpu_cache_armv7m_generic_l1.o
#        D:\Apollo\ucosiii\Debug\Obj\cpu_core.o
#        D:\Apollo\ucosiii\Debug\Obj\lib_ascii.o
#        D:\Apollo\ucosiii\Debug\Obj\lib_math.o
#        D:\Apollo\ucosiii\Debug\Obj\lib_mem.o
#        D:\Apollo\ucosiii\Debug\Obj\lib_mem_a.o
#        D:\Apollo\ucosiii\Debug\Obj\lib_str.o
#        D:\Apollo\ucosiii\Debug\Obj\os_app_hooks.o
#        D:\Apollo\ucosiii\Debug\Obj\os_cfg_app.o
#        D:\Apollo\ucosiii\Debug\Obj\os_core.o
#        D:\Apollo\ucosiii\Debug\Obj\os_cpu_a.o
#        D:\Apollo\ucosiii\Debug\Obj\os_cpu_c.o
#        D:\Apollo\ucosiii\Debug\Obj\os_dbg.o
#        D:\Apollo\ucosiii\Debug\Obj\os_flag.o
#        D:\Apollo\ucosiii\Debug\Obj\os_mem.o
#        D:\Apollo\ucosiii\Debug\Obj\os_mon.o
#        D:\Apollo\ucosiii\Debug\Obj\os_msg.o
#        D:\Apollo\ucosiii\Debug\Obj\os_mutex.o
#        D:\Apollo\ucosiii\Debug\Obj\os_prio.o
#        D:\Apollo\ucosiii\Debug\Obj\os_q.o
#        D:\Apollo\ucosiii\Debug\Obj\os_sem.o
#        D:\Apollo\ucosiii\Debug\Obj\os_stat.o
#        D:\Apollo\ucosiii\Debug\Obj\os_task.o
#        D:\Apollo\ucosiii\Debug\Obj\os_tick.o
#        D:\Apollo\ucosiii\Debug\Obj\os_time.o
#        D:\Apollo\ucosiii\Debug\Obj\os_tmr.o
#        D:\Apollo\ucosiii\Debug\Obj\os_var.o
#        D:\Apollo\ucosiii\Debug\Obj\startup_stm32f767xx.o
#        D:\Apollo\ucosiii\Debug\Obj\stm32f7xx_hal.o
#        D:\Apollo\ucosiii\Debug\Obj\stm32f7xx_hal_cortex.o
#        D:\Apollo\ucosiii\Debug\Obj\stm32f7xx_hal_gpio.o
#        D:\Apollo\ucosiii\Debug\Obj\stm32f7xx_hal_pwr_ex.o
#        D:\Apollo\ucosiii\Debug\Obj\stm32f7xx_hal_rcc.o
#        D:\Apollo\ucosiii\Debug\Obj\stm32f7xx_it.o
#        D:\Apollo\ucosiii\Debug\Obj\system_stm32f7xx.o -o
#        D:\Apollo\ucosiii\Debug\Exe\ucosiii-f767.out --map
#        D:\Apollo\ucosiii\Debug\List\ucosiii-f767.map --config "D:\Program
#        Files (x86)\IAR Systems\Embedded Workbench
#        8.0\arm\config\linker\ST\stm32f767xG.icf" --semihosting --entry
#        __iar_program_start --vfe --text_out locale)
#
###############################################################################

*******************************************************************************
*** RUNTIME MODEL ATTRIBUTES
***

CppFlavor       = *
__SystemLibrary = DLib
__dlib_version  = 6


*******************************************************************************
*** HEAP SELECTION
***

The basic heap was selected because no calls to memory allocation
functions were found in the application outside of system library
functions, and there are calls to deallocation functions in the
application.


*******************************************************************************
*** PLACEMENT SUMMARY
***

"A0":  place at 0x00200000 { ro section .intvec };
"P1":  place in [from 0x00200000 to 0x002fffff] { ro };
"P4":  place in [from 0x20000000 to 0x2000ffff] { block CSTACK };
"P5":  place in [from 0x20010000 to 0x2004bfff] |
                [from 0x2004c000 to 0x2004ffff] { rw, block HEAP };
initialize by copy { rw };

  Section            Kind        Address    Size  Object
  -------            ----        -------    ----  ------
"A0":                                      0x1f8
  .intvec            ro code  0x00200000   0x1f8  startup_stm32f767xx.o [1]
                            - 0x002001f8   0x1f8

"P1":                                     0x4784
  .text              ro code  0x002001f8   0xc20  os_task.o [1]
  .text              ro code  0x00200e18   0x38c  os_cpu_c.o [1]
  .text              ro code  0x002011a4    0xf0  os_msg.o [1]
  .text              ro code  0x00201294   0x1b8  cpu_core.o [1]
  .text              ro code  0x0020144c    0x78  os_prio.o [1]
  .text              ro code  0x002014c4   0x8f0  os_core.o [1]
  .text              ro code  0x00201db4   0x4c6  os_mutex.o [1]
  .rodata            const    0x0020227a     0x2  os_cfg_app.o [1]
  .text              ro code  0x0020227c   0x4ac  os_tick.o [1]
  .text              ro code  0x00202728    0x5c  cpu_bsp.o [1]
  CODE               ro code  0x00202784   0x108  os_cpu_a.o [1]
  .text              ro code  0x0020288c   0x2a0  os_time.o [1]
  .text              ro code  0x00202b2c   0x100  lib_mem.o [1]
  CODE               ro code  0x00202c2c    0x34  cpu_a.o [1]
  .text              ro code  0x00202c60    0x1c  os_mem.o [1]
  .text              ro code  0x00202c7c   0x540  os_stat.o [1]
  .text              ro code  0x002031bc   0x204  os_tmr.o [1]
  .text              ro code  0x002033c0   0x190  os_dbg.o [1]
  .text              ro code  0x00203550     0x2  os_cfg_app.o [1]
  .text              ro code  0x00203552    0xa4  bsp_clock.o [1]
  .rodata            const    0x002035f6     0x2  os_dbg.o [1]
  .text              ro code  0x002035f8   0x75c  stm32f7xx_hal_rcc.o [1]
  .text              ro code  0x00203d54    0x88  stm32f7xx_hal_pwr_ex.o [1]
  .text              ro code  0x00203ddc    0x24  bsp_os.o [1]
  .text              ro code  0x00203e00    0x2c  stm32f7xx_hal_cortex.o [1]
  .text              ro code  0x00203e2c   0x250  stm32f7xx_hal_gpio.o [1]
  .text              ro code  0x0020407c   0x15a  app_main.o [1]
  .rodata            const    0x002041d6     0x2  os_dbg.o [1]
  .text              ro code  0x002041d8    0x2a  stm32f7xx_hal.o [1]
  .rodata            const    0x00204202     0x2  os_dbg.o [1]
  .text              ro code  0x00204204    0x2c  lib_math.o [1]
  .text              ro code  0x00204230    0x92  os_app_hooks.o [1]
  .text              ro code  0x002042c2     0xc  bsp.o [1]
  .rodata            const    0x002042ce     0x2  os_dbg.o [1]
  .text              ro code  0x002042d0    0xc0  bsp_led.o [1]
  .text              ro code  0x00204390    0x6c  system_stm32f7xx.o [1]
  .text              ro code  0x002043fc    0x40  zero_init3.o [5]
  .rodata            const    0x0020443c    0x30  os_dbg.o [1]
  .rodata            const    0x0020446c    0x30  os_dbg.o [1]
  .rodata            const    0x0020449c    0x30  os_dbg.o [1]
  .text              ro code  0x002044cc    0x2c  copy_init3.o [5]
  .rodata            const    0x002044f8    0x28  os_dbg.o [1]
  .rodata            const    0x00204520    0x28  os_dbg.o [1]
  .text              ro code  0x00204548    0x28  data_init.o [5]
  .text              ro code  0x00204570    0x22  fpinit_M.o [4]
  .iar.init_table    const    0x00204594    0x24  - Linker created -
  .rodata            const    0x002045b8     0x2  os_dbg.o [1]
  .rodata            const    0x002045bc    0x20  os_dbg.o [1]
  .text              ro code  0x002045dc    0x1a  cmain.o [5]
  .text              ro code  0x002045f6     0x4  low_level_init.o [3]
  .text              ro code  0x002045fa     0x4  exit.o [3]
  .rodata            const    0x002045fe     0x2  os_dbg.o [1]
  .text              ro code  0x00204600     0xa  cexit.o [5]
  .rodata            const    0x0020460a     0x2  os_dbg.o [1]
  .text              ro code  0x0020460c    0x14  exit.o [6]
  .rodata            const    0x00204620    0x18  app_main.o [1]
  .rodata            const    0x00204638    0x18  app_main.o [1]
  .rodata            const    0x00204650    0x18  os_tmr.o [1]
  .rodata            const    0x00204668    0x14  os_core.o [1]
  .rodata            const    0x0020467c    0x14  os_stat.o [1]
  .rodata            const    0x00204690    0x14  os_tick.o [1]
  .rodata            const    0x002046a4    0x10  app_main.o [1]
  .rodata            const    0x002046b4    0x10  os_tmr.o [1]
  .rodata            const    0x002046c4    0x10  system_stm32f7xx.o [1]
  .text              ro code  0x002046d4    0x10  startup_stm32f767xx.o [1]
  .rodata            const    0x002046e4     0xc  os_core.o [1]
  .text              ro code  0x002046f0     0xc  stm32f7xx_it.o [1]
  .text              ro code  0x002046fc     0xc  cstartup_M.o [5]
  .rodata            const    0x00204708     0x8  lib_mem.o [1]
  .rodata            const    0x00204710     0x8  os_core.o [1]
  .rodata            const    0x00204718     0x8  os_task.o [1]
  .rodata            const    0x00204720     0x8  system_stm32f7xx.o [1]
  .rodata            const    0x00204728     0x4  os_cfg_app.o [1]
  .rodata            const    0x0020472c     0x4  os_cfg_app.o [1]
  .rodata            const    0x00204730     0x4  os_cfg_app.o [1]
  .rodata            const    0x00204734     0x4  os_cfg_app.o [1]
  .rodata            const    0x00204738     0x4  os_cfg_app.o [1]
  .rodata            const    0x0020473c     0x4  os_cfg_app.o [1]
  .rodata            const    0x00204740     0x4  os_cfg_app.o [1]
  .rodata            const    0x00204744     0x4  os_cfg_app.o [1]
  .rodata            const    0x00204748     0x4  os_cfg_app.o [1]
  .rodata            const    0x0020474c     0x4  os_cfg_app.o [1]
  .rodata            const    0x00204750     0x4  os_cfg_app.o [1]
  .rodata            const    0x00204754     0x4  os_cfg_app.o [1]
  .rodata            const    0x00204758     0x4  os_cfg_app.o [1]
  .rodata            const    0x0020475c     0x4  os_cfg_app.o [1]
  .rodata            const    0x00204760     0x4  os_cfg_app.o [1]
  .rodata            const    0x00204764     0x4  os_cfg_app.o [1]
  .rodata            const    0x00204768     0x4  os_cfg_app.o [1]
  .rodata            const    0x0020476c     0x4  os_cfg_app.o [1]
  .rodata            const    0x00204770     0x4  os_cfg_app.o [1]
  .rodata            const    0x00204774     0x4  os_dbg.o [1]
  .rodata            const    0x00204778     0x4  os_dbg.o [1]
  .rodata            const    0x0020477c     0x4  os_dbg.o [1]
  .text              ro code  0x00204780     0x4  startup_stm32f767xx.o [1]
  .text              ro code  0x00204784     0x4  startup_stm32f767xx.o [1]
  .text              ro code  0x00204788     0x4  startup_stm32f767xx.o [1]
  .text              ro code  0x0020478c     0x4  startup_stm32f767xx.o [1]
  .text              ro code  0x00204790     0x4  startup_stm32f767xx.o [1]
  .text              ro code  0x00204794     0x4  startup_stm32f767xx.o [1]
  .text              ro code  0x00204798     0x4  startup_stm32f767xx.o [1]
  .text              ro code  0x0020479c     0x4  startup_stm32f767xx.o [1]
  .text              ro code  0x002047a0     0x4  startup_stm32f767xx.o [1]
  .text              ro code  0x002047a4     0x4  startup_stm32f767xx.o [1]
  .text              ro code  0x002047a8     0x4  startup_stm32f767xx.o [1]
  .text              ro code  0x002047ac     0x4  startup_stm32f767xx.o [1]
  .text              ro code  0x002047b0     0x4  startup_stm32f767xx.o [1]
  .text              ro code  0x002047b4     0x4  startup_stm32f767xx.o [1]
  .text              ro code  0x002047b8     0x4  startup_stm32f767xx.o [1]
  .text              ro code  0x002047bc     0x4  startup_stm32f767xx.o [1]
  .text              ro code  0x002047c0     0x4  startup_stm32f767xx.o [1]
  .text              ro code  0x002047c4     0x4  startup_stm32f767xx.o [1]
  .text              ro code  0x002047c8     0x4  startup_stm32f767xx.o [1]
  .text              ro code  0x002047cc     0x4  startup_stm32f767xx.o [1]
  .text              ro code  0x002047d0     0x4  startup_stm32f767xx.o [1]
  .text              ro code  0x002047d4     0x4  startup_stm32f767xx.o [1]
  .text              ro code  0x002047d8     0x4  startup_stm32f767xx.o [1]
  .text              ro code  0x002047dc     0x4  startup_stm32f767xx.o [1]
  .text              ro code  0x002047e0     0x4  startup_stm32f767xx.o [1]
  .text              ro code  0x002047e4     0x4  startup_stm32f767xx.o [1]
  .text              ro code  0x002047e8     0x4  startup_stm32f767xx.o [1]
  .text              ro code  0x002047ec     0x4  startup_stm32f767xx.o [1]
  .text              ro code  0x002047f0     0x4  startup_stm32f767xx.o [1]
  .text              ro code  0x002047f4     0x4  startup_stm32f767xx.o [1]
  .text              ro code  0x002047f8     0x4  startup_stm32f767xx.o [1]
  .text              ro code  0x002047fc     0x4  startup_stm32f767xx.o [1]
  .text              ro code  0x00204800     0x4  startup_stm32f767xx.o [1]
  .text              ro code  0x00204804     0x4  startup_stm32f767xx.o [1]
  .text              ro code  0x00204808     0x4  startup_stm32f767xx.o [1]
  .text              ro code  0x0020480c     0x4  startup_stm32f767xx.o [1]
  .text              ro code  0x00204810     0x4  startup_stm32f767xx.o [1]
  .text              ro code  0x00204814     0x4  startup_stm32f767xx.o [1]
  .text              ro code  0x00204818     0x4  startup_stm32f767xx.o [1]
  .text              ro code  0x0020481c     0x4  startup_stm32f767xx.o [1]
  .text              ro code  0x00204820     0x4  startup_stm32f767xx.o [1]
  .text              ro code  0x00204824     0x4  startup_stm32f767xx.o [1]
  .text              ro code  0x00204828     0x4  startup_stm32f767xx.o [1]
  .text              ro code  0x0020482c     0x4  startup_stm32f767xx.o [1]
  .text              ro code  0x00204830     0x4  startup_stm32f767xx.o [1]
  .text              ro code  0x00204834     0x4  startup_stm32f767xx.o [1]
  .text              ro code  0x00204838     0x4  startup_stm32f767xx.o [1]
  .text              ro code  0x0020483c     0x4  startup_stm32f767xx.o [1]
  .text              ro code  0x00204840     0x4  startup_stm32f767xx.o [1]
  .text              ro code  0x00204844     0x4  startup_stm32f767xx.o [1]
  .text              ro code  0x00204848     0x4  startup_stm32f767xx.o [1]
  .text              ro code  0x0020484c     0x4  startup_stm32f767xx.o [1]
  .text              ro code  0x00204850     0x4  startup_stm32f767xx.o [1]
  .text              ro code  0x00204854     0x4  startup_stm32f767xx.o [1]
  .text              ro code  0x00204858     0x4  startup_stm32f767xx.o [1]
  .text              ro code  0x0020485c     0x4  startup_stm32f767xx.o [1]
  .text              ro code  0x00204860     0x4  startup_stm32f767xx.o [1]
  .text              ro code  0x00204864     0x4  startup_stm32f767xx.o [1]
  .text              ro code  0x00204868     0x4  startup_stm32f767xx.o [1]
  .text              ro code  0x0020486c     0x4  startup_stm32f767xx.o [1]
  .text              ro code  0x00204870     0x4  startup_stm32f767xx.o [1]
  .text              ro code  0x00204874     0x4  startup_stm32f767xx.o [1]
  .text              ro code  0x00204878     0x4  startup_stm32f767xx.o [1]
  .text              ro code  0x0020487c     0x4  startup_stm32f767xx.o [1]
  .text              ro code  0x00204880     0x4  startup_stm32f767xx.o [1]
  .text              ro code  0x00204884     0x4  startup_stm32f767xx.o [1]
  .text              ro code  0x00204888     0x4  startup_stm32f767xx.o [1]
  .text              ro code  0x0020488c     0x4  startup_stm32f767xx.o [1]
  .text              ro code  0x00204890     0x4  startup_stm32f767xx.o [1]
  .text              ro code  0x00204894     0x4  startup_stm32f767xx.o [1]
  .text              ro code  0x00204898     0x4  startup_stm32f767xx.o [1]
  .text              ro code  0x0020489c     0x4  startup_stm32f767xx.o [1]
  .text              ro code  0x002048a0     0x4  startup_stm32f767xx.o [1]
  .text              ro code  0x002048a4     0x4  startup_stm32f767xx.o [1]
  .text              ro code  0x002048a8     0x4  startup_stm32f767xx.o [1]
  .text              ro code  0x002048ac     0x4  startup_stm32f767xx.o [1]
  .text              ro code  0x002048b0     0x4  startup_stm32f767xx.o [1]
  .text              ro code  0x002048b4     0x4  startup_stm32f767xx.o [1]
  .text              ro code  0x002048b8     0x4  startup_stm32f767xx.o [1]
  .text              ro code  0x002048bc     0x4  startup_stm32f767xx.o [1]
  .text              ro code  0x002048c0     0x4  startup_stm32f767xx.o [1]
  .text              ro code  0x002048c4     0x4  startup_stm32f767xx.o [1]
  .text              ro code  0x002048c8     0x4  startup_stm32f767xx.o [1]
  .text              ro code  0x002048cc     0x4  startup_stm32f767xx.o [1]
  .text              ro code  0x002048d0     0x4  startup_stm32f767xx.o [1]
  .text              ro code  0x002048d4     0x4  startup_stm32f767xx.o [1]
  .text              ro code  0x002048d8     0x4  startup_stm32f767xx.o [1]
  .text              ro code  0x002048dc     0x4  startup_stm32f767xx.o [1]
  .text              ro code  0x002048e0     0x4  startup_stm32f767xx.o [1]
  .text              ro code  0x002048e4     0x4  startup_stm32f767xx.o [1]
  .text              ro code  0x002048e8     0x4  startup_stm32f767xx.o [1]
  .text              ro code  0x002048ec     0x4  startup_stm32f767xx.o [1]
  .text              ro code  0x002048f0     0x4  startup_stm32f767xx.o [1]
  .text              ro code  0x002048f4     0x4  startup_stm32f767xx.o [1]
  .text              ro code  0x002048f8     0x4  startup_stm32f767xx.o [1]
  .text              ro code  0x002048fc     0x4  startup_stm32f767xx.o [1]
  .text              ro code  0x00204900     0x4  startup_stm32f767xx.o [1]
  .text              ro code  0x00204904     0x4  startup_stm32f767xx.o [1]
  .text              ro code  0x00204908     0x4  startup_stm32f767xx.o [1]
  .text              ro code  0x0020490c     0x4  startup_stm32f767xx.o [1]
  .text              ro code  0x00204910     0x4  startup_stm32f767xx.o [1]
  .text              ro code  0x00204914     0x4  startup_stm32f767xx.o [1]
  .text              ro code  0x00204918     0x4  startup_stm32f767xx.o [1]
  .text              ro code  0x0020491c     0x4  startup_stm32f767xx.o [1]
  .text              ro code  0x00204920     0x4  startup_stm32f767xx.o [1]
  .text              ro code  0x00204924     0x4  startup_stm32f767xx.o [1]
  .text              ro code  0x00204928     0x4  startup_stm32f767xx.o [1]
  .text              ro code  0x0020492c     0x4  startup_stm32f767xx.o [1]
  .text              ro code  0x00204930     0x4  startup_stm32f767xx.o [1]
  .rodata            const    0x00204934     0x2  os_dbg.o [1]
  .rodata            const    0x00204936     0x2  os_dbg.o [1]
  .rodata            const    0x00204938     0x2  os_dbg.o [1]
  .rodata            const    0x0020493a     0x2  os_dbg.o [1]
  .rodata            const    0x0020493c     0x2  os_dbg.o [1]
  .rodata            const    0x0020493e     0x2  os_dbg.o [1]
  .rodata            const    0x00204940     0x2  os_dbg.o [1]
  .rodata            const    0x00204942     0x2  os_dbg.o [1]
  .rodata            const    0x00204944     0x2  os_dbg.o [1]
  .rodata            const    0x00204946     0x2  os_dbg.o [1]
  .rodata            const    0x00204948     0x2  os_dbg.o [1]
  .rodata            const    0x0020494a     0x2  os_dbg.o [1]
  .rodata            const    0x0020494c     0x2  os_dbg.o [1]
  .rodata            const    0x0020494e     0x1  os_cfg_app.o [1]
  .rodata            const    0x0020494f     0x1  os_cfg_app.o [1]
  .rodata            const    0x00204950     0x1  os_cfg_app.o [1]
  .rodata            const    0x00204951     0x1  os_dbg.o [1]
  .rodata            const    0x00204952     0x1  os_dbg.o [1]
  .rodata            const    0x00204953     0x1  os_dbg.o [1]
  .rodata            const    0x00204954     0x1  os_dbg.o [1]
  .rodata            const    0x00204955     0x1  os_dbg.o [1]
  .rodata            const    0x00204956     0x1  os_dbg.o [1]
  .rodata            const    0x00204957     0x1  os_dbg.o [1]
  .rodata            const    0x00204958     0x1  os_dbg.o [1]
  .rodata            const    0x00204959     0x1  os_dbg.o [1]
  .rodata            const    0x0020495a     0x1  os_dbg.o [1]
  .rodata            const    0x0020495b     0x1  os_dbg.o [1]
  .rodata            const    0x0020495c     0x1  os_dbg.o [1]
  .rodata            const    0x0020495d     0x1  os_dbg.o [1]
  .rodata            const    0x0020495e     0x1  os_dbg.o [1]
  .rodata            const    0x0020495f     0x1  os_dbg.o [1]
  .rodata            const    0x00204960     0x1  os_dbg.o [1]
  .rodata            const    0x00204961     0x1  os_dbg.o [1]
  .rodata            const    0x00204962     0x1  os_dbg.o [1]
  .rodata            const    0x00204963     0x1  os_dbg.o [1]
  .rodata            const    0x00204964     0x1  os_dbg.o [1]
  .rodata            const    0x00204965     0x1  os_dbg.o [1]
  .rodata            const    0x00204966     0x1  os_dbg.o [1]
  .rodata            const    0x00204967     0x1  os_dbg.o [1]
  .rodata            const    0x00204968     0x1  os_dbg.o [1]
  .rodata            const    0x00204969     0x1  os_dbg.o [1]
  .rodata            const    0x0020496a     0x1  os_dbg.o [1]
  .rodata            const    0x0020496b     0x1  os_dbg.o [1]
  .rodata            const    0x0020496c     0x1  os_dbg.o [1]
  .rodata            const    0x0020496d     0x1  os_dbg.o [1]
  .rodata            const    0x0020496e     0x1  os_dbg.o [1]
  .rodata            const    0x0020496f     0x1  os_dbg.o [1]
  .rodata            const    0x00204970     0x1  os_dbg.o [1]
  .rodata            const    0x00204971     0x1  os_dbg.o [1]
  .rodata            const    0x00204972     0x1  os_dbg.o [1]
  .rodata            const    0x00204973     0x1  os_dbg.o [1]
  .rodata            const    0x00204974     0x1  os_dbg.o [1]
  .rodata            const    0x00204975     0x1  os_dbg.o [1]
  .rodata            const    0x00204976     0x0  zero_init3.o [5]
  .rodata            const    0x00204976     0x0  copy_init3.o [5]
  Initializer bytes  const    0x00204978     0x4  <for P5 s0>
                            - 0x0020497c  0x4784

"P4":                                     0x2000
  CSTACK                      0x20000000  0x2000  <Block>
    CSTACK           uninit   0x20000000  0x2000  <Block tail>
                            - 0x20002000  0x2000

"P5", part 1 of 2:                           0x4
  P5 s0                       0x20010000     0x4  <Init block>
    .data            inited   0x20010000     0x4  system_stm32f7xx.o [1]
                            - 0x20010004     0x4

"P5", part 2 of 2:                        0x2480
  .bss               zero     0x20010004   0x400  app_main.o [1]
  .bss               zero     0x20010404   0x400  app_main.o [1]
  .bss               zero     0x20010804   0x400  app_main.o [1]
  .bss               zero     0x20010c04   0x400  lib_mem.o [1]
  .bss               zero     0x20011004   0x200  os_cfg_app.o [1]
  .bss               zero     0x20011204   0x200  os_cfg_app.o [1]
  .bss               zero     0x20011404   0x200  os_cfg_app.o [1]
  .bss               zero     0x20011604   0x200  os_cfg_app.o [1]
  .bss               zero     0x20011804   0x200  os_cfg_app.o [1]
  .bss               zero     0x20011a04   0x200  os_cfg_app.o [1]
  .bss               zero     0x20011c04   0x180  os_var.o [1]
  .bss               zero     0x20011d84    0xd4  app_main.o [1]
  .bss               zero     0x20011e58    0xd4  app_main.o [1]
  .bss               zero     0x20011f2c    0xd4  app_main.o [1]
  .bss               zero     0x20012000    0xd4  os_var.o [1]
  .bss               zero     0x200120d4    0xd4  os_var.o [1]
  .bss               zero     0x200121a8    0xd4  os_var.o [1]
  .bss               zero     0x2001227c    0xd4  os_var.o [1]
  .bss               zero     0x20012350    0x30  os_var.o [1]
  .bss               zero     0x20012380    0x14  lib_mem.o [1]
  .bss               zero     0x20012394    0x10  cpu_core.o [1]
  .bss               zero     0x200123a4     0xc  os_var.o [1]
  .bss               zero     0x200123b0     0x8  os_var.o [1]
  .bss               zero     0x200123b8     0x8  os_var.o [1]
  .bss               zero     0x200123c0     0x4  cpu_core.o [1]
  .bss               zero     0x200123c4     0x4  cpu_core.o [1]
  .bss               zero     0x200123c8     0x4  cpu_core.o [1]
  .bss               zero     0x200123cc     0x4  cpu_core.o [1]
  .bss               zero     0x200123d0     0x4  cpu_core.o [1]
  .bss               zero     0x200123d4     0x4  cpu_core.o [1]
  .bss               zero     0x200123d8     0x4  lib_math.o [1]
  .bss               zero     0x200123dc     0x4  lib_mem.o [1]
  .bss               zero     0x200123e0     0x4  os_cpu_c.o [1]
  .bss               zero     0x200123e4     0x4  os_prio.o [1]
  .bss               zero     0x200123e8     0x4  os_time.o [1]
  .bss               zero     0x200123ec     0x4  os_var.o [1]
  .bss               zero     0x200123f0     0x4  os_var.o [1]
  .bss               zero     0x200123f4     0x4  os_var.o [1]
  .bss               zero     0x200123f8     0x4  os_var.o [1]
  .bss               zero     0x200123fc     0x4  os_var.o [1]
  .bss               zero     0x20012400     0x4  os_var.o [1]
  .bss               zero     0x20012404     0x4  os_var.o [1]
  .bss               zero     0x20012408     0x4  os_var.o [1]
  .bss               zero     0x2001240c     0x4  os_var.o [1]
  .bss               zero     0x20012410     0x4  os_var.o [1]
  .bss               zero     0x20012414     0x4  os_var.o [1]
  .bss               zero     0x20012418     0x4  os_var.o [1]
  .bss               zero     0x2001241c     0x4  os_var.o [1]
  .bss               zero     0x20012420     0x4  os_var.o [1]
  .bss               zero     0x20012424     0x4  os_var.o [1]
  .bss               zero     0x20012428     0x4  os_var.o [1]
  .bss               zero     0x2001242c     0x4  os_var.o [1]
  .bss               zero     0x20012430     0x4  os_var.o [1]
  .bss               zero     0x20012434     0x4  os_var.o [1]
  .bss               zero     0x20012438     0x4  os_var.o [1]
  .bss               zero     0x2001243c     0x4  os_var.o [1]
  .bss               zero     0x20012440     0x4  os_var.o [1]
  .bss               zero     0x20012444     0x4  os_var.o [1]
  .bss               zero     0x20012448     0x4  os_var.o [1]
  .bss               zero     0x2001244c     0x4  os_var.o [1]
  .bss               zero     0x20012450     0x4  os_var.o [1]
  .bss               zero     0x20012454     0x4  os_var.o [1]
  .bss               zero     0x20012458     0x4  os_var.o [1]
  .bss               zero     0x2001245c     0x4  os_var.o [1]
  .bss               zero     0x20012460     0x4  os_var.o [1]
  .bss               zero     0x20012464     0x2  cpu_core.o [1]
  .bss               zero     0x20012466     0x2  cpu_core.o [1]
  .bss               zero     0x20012468     0x2  os_var.o [1]
  .bss               zero     0x2001246a     0x2  os_var.o [1]
  .bss               zero     0x2001246c     0x2  os_var.o [1]
  .bss               zero     0x2001246e     0x2  os_var.o [1]
  .bss               zero     0x20012470     0x2  os_var.o [1]
  .bss               zero     0x20012472     0x2  os_var.o [1]
  .bss               zero     0x20012474     0x2  os_var.o [1]
  .bss               zero     0x20012476     0x2  os_var.o [1]
  .bss               zero     0x20012478     0x2  os_var.o [1]
  .bss               zero     0x2001247a     0x1  os_var.o [1]
  .bss               zero     0x2001247b     0x1  os_var.o [1]
  .bss               zero     0x2001247c     0x1  os_var.o [1]
  .bss               zero     0x2001247d     0x1  os_var.o [1]
  .bss               zero     0x2001247e     0x1  os_var.o [1]
  .bss               zero     0x2001247f     0x1  os_var.o [1]
  .bss               zero     0x20012480     0x1  os_var.o [1]
  .bss               zero     0x20012481     0x1  os_var.o [1]
  .bss               zero     0x20012482     0x1  os_var.o [1]
                            - 0x20012483  0x247f


*******************************************************************************
*** INIT TABLE
***

          Address     Size
          -------     ----
Zero (__iar_zero_init3)
    1 destination range, total size 0x247f:
          0x20010004  0x247f

Copy (__iar_copy_init3)
    1 source range, total size 0x4:
          0x00204978     0x4
    1 destination range, total size 0x4:
          0x20010000     0x4



*******************************************************************************
*** MODULE SUMMARY
***

    Module                  ro code  ro data  rw data
    ------                  -------  -------  -------
D:\Apollo\ucosiii\Debug\Obj: [1]
    app_main.o                  346       64    3 708
    bsp.o                        12
    bsp_clock.o                 164
    bsp_led.o                   192
    bsp_os.o                     36
    cpu_a.o                      52
    cpu_bsp.o                    92
    cpu_core.o                  440                44
    lib_math.o                   44                 4
    lib_mem.o                   256        8    1 048
    os_app_hooks.o              146
    os_cfg_app.o                  2       81    3 072
    os_core.o                 2 288       40
    os_cpu_a.o                  264
    os_cpu_c.o                  908                 4
    os_dbg.o                    400      345
    os_mem.o                     28
    os_msg.o                    240
    os_mutex.o                1 222
    os_prio.o                   120                 4
    os_stat.o                 1 344       20
    os_task.o                 3 104        8
    os_tick.o                 1 196       20
    os_time.o                   672                 4
    os_tmr.o                    516       40
    os_var.o                                    1 455
    startup_stm32f767xx.o       956
    stm32f7xx_hal.o              42
    stm32f7xx_hal_cortex.o       44
    stm32f7xx_hal_gpio.o        592
    stm32f7xx_hal_pwr_ex.o      136
    stm32f7xx_hal_rcc.o       1 884
    stm32f7xx_it.o               12
    system_stm32f7xx.o          108       28        4
    -------------------------------------------------
    Total:                   17 858      654    9 347

command line: [2]
    -------------------------------------------------
    Total:

dl7M_tlf.a: [3]
    exit.o                        4
    low_level_init.o              4
    -------------------------------------------------
    Total:                        8

m7M_tlv.a: [4]
    fpinit_M.o                   34
    -------------------------------------------------
    Total:                       34

rt7M_tl.a: [5]
    cexit.o                      10
    cmain.o                      26
    copy_init3.o                 44
    cstartup_M.o                 12
    data_init.o                  40
    zero_init3.o                 64
    -------------------------------------------------
    Total:                      196

shb_l.a: [6]
    exit.o                       20
    -------------------------------------------------
    Total:                       20

    Gaps                                   4
    Linker created                        38    8 192
-----------------------------------------------------
    Grand Total:             18 116      696   17 539


*******************************************************************************
*** ENTRY LIST
***

Entry                      Address   Size  Type      Object
-----                      -------   ----  ----      ------
.iar.init_table$$Base   0x00204594          --   Gb  - Linker created -
.iar.init_table$$Limit  0x002045b8          --   Gb  - Linker created -
?main                   0x002045dd         Code  Gb  cmain.o [5]
AHBPrescTable           0x002046c4   0x10  Data  Gb  system_stm32f7xx.o [1]
APBPrescTable           0x00204720    0x8  Data  Gb  system_stm32f7xx.o [1]
AppTaskCreate           0x002040ff   0x74  Code  Lc  app_main.o [1]
AppTaskObj0             0x00204199   0x1e  Code  Lc  app_main.o [1]
AppTaskObj0Stk          0x20010404  0x400  Data  Lc  app_main.o [1]
AppTaskObj0TCB          0x20011e58   0xd4  Data  Lc  app_main.o [1]
AppTaskObj1             0x002041b9   0x1e  Code  Lc  app_main.o [1]
AppTaskObj1Stk          0x20010804  0x400  Data  Lc  app_main.o [1]
AppTaskObj1TCB          0x20011f2c   0xd4  Data  Lc  app_main.o [1]
AppTaskStart            0x002040e1   0x1e  Code  Lc  app_main.o [1]
AppTaskStartStk         0x20010004  0x400  Data  Lc  app_main.o [1]
AppTaskStartTCB         0x20011d84   0xd4  Data  Lc  app_main.o [1]
App_OS_IdleTaskHook     0x0020429d    0x2  Code  Gb  os_app_hooks.o [1]
App_OS_SetAllHooks      0x00204231   0x50  Code  Gb  os_app_hooks.o [1]
App_OS_StatTaskHook     0x002042a1    0x2  Code  Gb  os_app_hooks.o [1]
App_OS_TaskCreateHook   0x002042a5    0x8  Code  Gb  os_app_hooks.o [1]
App_OS_TaskDelHook      0x002042ad    0x8  Code  Gb  os_app_hooks.o [1]
App_OS_TaskReturnHook   0x002042b5    0x8  Code  Gb  os_app_hooks.o [1]
App_OS_TaskSwHook       0x002042bd    0x2  Code  Gb  os_app_hooks.o [1]
App_OS_TimeTickHook     0x002042c1    0x2  Code  Gb  os_app_hooks.o [1]
BSP_ClkFreqGet          0x002035c7   0x30  Code  Gb  bsp_clock.o [1]
BSP_Init                0x002042c3    0xc  Code  Gb  bsp.o [1]
BSP_LED_Init            0x002042d1   0x3e  Code  Gb  bsp_led.o [1]
BSP_LED_Off             0x0020430f   0x3c  Code  Gb  bsp_led.o [1]
BSP_LED_On              0x0020434b   0x3c  Code  Gb  bsp_led.o [1]
BSP_OSTickInit          0x00203ddd    0xe  Code  Gb  bsp_os.o [1]
BSP_SystemClkCfg        0x00203553   0x74  Code  Gb  bsp_clock.o [1]
BusFault_Handler        0x002046f5    0x2  Code  Gb  stm32f7xx_it.o [1]
CPU_CntLeadZeros        0x00202c4b         Code  Gb  cpu_a.o [1]
CPU_CntTrailZeros       0x00202c51         Code  Gb  cpu_a.o [1]
CPU_Init                0x00201295   0x10  Code  Gb  cpu_core.o [1]
CPU_IntDis              0x00202c2d         Code  Gb  cpu_a.o [1]
CPU_IntDisMeasCtr       0x20012464    0x2  Data  Gb  cpu_core.o [1]
CPU_IntDisMeasInit      0x0020139f   0x72  Code  Lc  cpu_core.o [1]
CPU_IntDisMeasMaxCalc   0x00201411   0x14  Code  Lc  cpu_core.o [1]
CPU_IntDisMeasMaxCurGet
                        0x002012e9   0x18  Code  Gb  cpu_core.o [1]
CPU_IntDisMeasMaxCurReset
                        0x002012cf   0x1a  Code  Gb  cpu_core.o [1]
CPU_IntDisMeasMaxCur_cnts
                        0x200123d0    0x4  Data  Gb  cpu_core.o [1]
CPU_IntDisMeasMaxGet    0x00201301   0x18  Code  Gb  cpu_core.o [1]
CPU_IntDisMeasMax_cnts  0x200123d4    0x4  Data  Gb  cpu_core.o [1]
CPU_IntDisMeasOvrhd_cnts
                        0x200123cc    0x4  Data  Gb  cpu_core.o [1]
CPU_IntDisMeasStart     0x00201319   0x28  Code  Gb  cpu_core.o [1]
CPU_IntDisMeasStart_cnts
                        0x200123c4    0x4  Data  Gb  cpu_core.o [1]
CPU_IntDisMeasStop      0x00201341   0x40  Code  Gb  cpu_core.o [1]
CPU_IntDisMeasStop_cnts
                        0x200123c8    0x4  Data  Gb  cpu_core.o [1]
CPU_IntDisNestCtr       0x20012466    0x2  Data  Gb  cpu_core.o [1]
CPU_IntEn               0x00202c31         Code  Gb  cpu_a.o [1]
CPU_Name                0x20012394   0x10  Data  Gb  cpu_core.o [1]
CPU_NameClr             0x002012a7   0x22  Code  Gb  cpu_core.o [1]
CPU_NameInit            0x00201389    0x8  Code  Lc  cpu_core.o [1]
CPU_RevBits             0x00202c5b         Code  Gb  cpu_a.o [1]
CPU_SR_Restore          0x00202c3d         Code  Gb  cpu_a.o [1]
CPU_SR_Save             0x00202c35         Code  Gb  cpu_a.o [1]
CPU_SW_Exception        0x002012a5    0x2  Code  Gb  cpu_core.o [1]
CPU_StatReset           0x00201381    0x8  Code  Gb  cpu_core.o [1]
CPU_TS_Init             0x00201391    0xe  Code  Lc  cpu_core.o [1]
CPU_TS_TmrFreqSet       0x002012c9    0x6  Code  Gb  cpu_core.o [1]
CPU_TS_TmrFreq_Hz       0x200123c0    0x4  Data  Gb  cpu_core.o [1]
CPU_TS_TmrInit          0x00202729   0x3e  Code  Gb  cpu_bsp.o [1]
CPU_TS_TmrRd            0x00202767    0x6  Code  Gb  cpu_bsp.o [1]
CPU_WaitForExcept       0x00202c47         Code  Gb  cpu_a.o [1]
CPU_WaitForInt          0x00202c43         Code  Gb  cpu_a.o [1]
CSTACK$$Base            0x20000000          --   Gb  - Linker created -
CSTACK$$Limit           0x20002000          --   Gb  - Linker created -
DebugMon_Handler        0x002046fb    0x2  Code  Gb  stm32f7xx_it.o [1]
HAL_GPIO_Init           0x00203e2d  0x1fa  Code  Gb  stm32f7xx_hal_gpio.o [1]
HAL_GPIO_WritePin       0x00204027   0x14  Code  Gb  stm32f7xx_hal_gpio.o [1]
HAL_GetTick             0x00203df7    0xa  Code  Gb  bsp_os.o [1]
HAL_Init                0x002041d9   0x22  Code  Gb  stm32f7xx_hal.o [1]
HAL_InitTick            0x00203deb    0xc  Code  Gb  bsp_os.o [1]
HAL_NVIC_SetPriorityGrouping
                        0x00203e1d    0x8  Code  Gb  stm32f7xx_hal_cortex.o [1]
HAL_PWREx_EnableOverDrive
                        0x00203d55   0x7a  Code  Gb  stm32f7xx_hal_pwr_ex.o [1]
HAL_RCC_ClockConfig     0x00203aa7  0x1a2  Code  Gb  stm32f7xx_hal_rcc.o [1]
HAL_RCC_GetHCLKFreq     0x00203cd5    0x6  Code  Gb  stm32f7xx_hal_rcc.o [1]
HAL_RCC_GetPCLK1Freq    0x00203cdb   0x20  Code  Gb  stm32f7xx_hal_rcc.o [1]
HAL_RCC_GetPCLK2Freq    0x00203cfb   0x20  Code  Gb  stm32f7xx_hal_rcc.o [1]
HAL_RCC_GetSysClockFreq
                        0x00203c49   0x8c  Code  Gb  stm32f7xx_hal_rcc.o [1]
HAL_RCC_OscConfig       0x002035f9  0x4ae  Code  Gb  stm32f7xx_hal_rcc.o [1]
HardFault_Handler       0x002046f3    0x2  Code  Gb  stm32f7xx_it.o [1]
Math_Init               0x00204205    0xa  Code  Gb  lib_math.o [1]
Math_RandSeedCur        0x200123d8    0x4  Data  Gb  lib_math.o [1]
Math_RandSetSeed        0x0020420f   0x1e  Code  Gb  lib_math.o [1]
Mem_Clr                 0x00202b65    0xc  Code  Gb  lib_mem.o [1]
Mem_Heap                0x20010c04  0x400  Data  Gb  lib_mem.o [1]
Mem_Init                0x00202b2d   0x38  Code  Gb  lib_mem.o [1]
Mem_SegCreate           0x00202bbb   0x46  Code  Gb  lib_mem.o [1]
Mem_SegCreateCritical   0x00202c01   0x1a  Code  Lc  lib_mem.o [1]
Mem_SegHeadPtr          0x200123dc    0x4  Data  Gb  lib_mem.o [1]
Mem_SegHeap             0x20012380   0x14  Data  Gb  lib_mem.o [1]
Mem_Set                 0x00202b71   0x4a  Code  Gb  lib_mem.o [1]
NMI_Handler             0x002046f1    0x2  Code  Gb  stm32f7xx_it.o [1]
NVIC_SetPriorityGrouping
                        0x00203e01   0x1c  Code  Lc  stm32f7xx_hal_cortex.o [1]
OSCfg_ISRStk            0x20011204  0x200  Data  Gb  os_cfg_app.o [1]
OSCfg_ISRStkBasePtr     0x00204734    0x4  Data  Gb  os_cfg_app.o [1]
OSCfg_ISRStkSize        0x00204738    0x4  Data  Gb  os_cfg_app.o [1]
OSCfg_IdleTaskStk       0x20011004  0x200  Data  Gb  os_cfg_app.o [1]
OSCfg_IdleTaskStkBasePtr
                        0x00204728    0x4  Data  Gb  os_cfg_app.o [1]
OSCfg_IdleTaskStkLimit  0x0020472c    0x4  Data  Gb  os_cfg_app.o [1]
OSCfg_IdleTaskStkSize   0x00204730    0x4  Data  Gb  os_cfg_app.o [1]
OSCfg_Init              0x00203551    0x2  Code  Gb  os_cfg_app.o [1]
OSCfg_MsgPool           0x20011404  0x200  Data  Gb  os_cfg_app.o [1]
OSCfg_MsgPoolBasePtr    0x0020473c    0x4  Data  Gb  os_cfg_app.o [1]
OSCfg_MsgPoolSize       0x0020227a    0x2  Data  Gb  os_cfg_app.o [1]
OSCfg_StatTaskPrio      0x0020494e    0x1  Data  Gb  os_cfg_app.o [1]
OSCfg_StatTaskRate_Hz   0x00204740    0x4  Data  Gb  os_cfg_app.o [1]
OSCfg_StatTaskStk       0x20011604  0x200  Data  Gb  os_cfg_app.o [1]
OSCfg_StatTaskStkBasePtr
                        0x00204744    0x4  Data  Gb  os_cfg_app.o [1]
OSCfg_StatTaskStkLimit  0x00204748    0x4  Data  Gb  os_cfg_app.o [1]
OSCfg_StatTaskStkSize   0x0020474c    0x4  Data  Gb  os_cfg_app.o [1]
OSCfg_StkSizeMin        0x00204750    0x4  Data  Gb  os_cfg_app.o [1]
OSCfg_TickRate_Hz       0x00204754    0x4  Data  Gb  os_cfg_app.o [1]
OSCfg_TickTaskPrio      0x0020494f    0x1  Data  Gb  os_cfg_app.o [1]
OSCfg_TickTaskStk       0x20011804  0x200  Data  Gb  os_cfg_app.o [1]
OSCfg_TickTaskStkBasePtr
                        0x00204758    0x4  Data  Gb  os_cfg_app.o [1]
OSCfg_TickTaskStkLimit  0x0020475c    0x4  Data  Gb  os_cfg_app.o [1]
OSCfg_TickTaskStkSize   0x00204760    0x4  Data  Gb  os_cfg_app.o [1]
OSCfg_TmrTaskPrio       0x00204950    0x1  Data  Gb  os_cfg_app.o [1]
OSCfg_TmrTaskRate_Hz    0x00204764    0x4  Data  Gb  os_cfg_app.o [1]
OSCfg_TmrTaskStk        0x20011a04  0x200  Data  Gb  os_cfg_app.o [1]
OSCfg_TmrTaskStkBasePtr
                        0x00204768    0x4  Data  Gb  os_cfg_app.o [1]
OSCfg_TmrTaskStkLimit   0x0020476c    0x4  Data  Gb  os_cfg_app.o [1]
OSCfg_TmrTaskStkSize    0x00204770    0x4  Data  Gb  os_cfg_app.o [1]
OSCtxSw                 0x0020281d         Code  Gb  os_cpu_a.o [1]
OSDbg_AppHooksEn        0x00204953    0x1  Data  Gb  os_dbg.o [1]
OSDbg_ArgChkEn          0x00204952    0x1  Data  Gb  os_dbg.o [1]
OSDbg_CalledFromISRChkEn
                        0x00204954    0x1  Data  Gb  os_dbg.o [1]
OSDbg_DataSize          0x0020477c    0x4  Data  Gb  os_dbg.o [1]
OSDbg_DbgEn             0x00204951    0x1  Data  Gb  os_dbg.o [1]
OSDbg_EndiannessTest    0x00204774    0x4  Data  Gb  os_dbg.o [1]
OSDbg_FlagDelEn         0x00204956    0x1  Data  Gb  os_dbg.o [1]
OSDbg_FlagEn            0x00204955    0x1  Data  Gb  os_dbg.o [1]
OSDbg_FlagGrp           0x002044f8   0x28  Data  Gb  os_dbg.o [1]
OSDbg_FlagGrpSize       0x002035f6    0x2  Data  Gb  os_dbg.o [1]
OSDbg_FlagModeClrEn     0x00204957    0x1  Data  Gb  os_dbg.o [1]
OSDbg_FlagPendAbortEn   0x00204958    0x1  Data  Gb  os_dbg.o [1]
OSDbg_FlagWidth         0x002041d6    0x2  Data  Gb  os_dbg.o [1]
OSDbg_Mem               0x002045bc   0x20  Data  Gb  os_dbg.o [1]
OSDbg_MemEn             0x00204959    0x1  Data  Gb  os_dbg.o [1]
OSDbg_MemSize           0x00204202    0x2  Data  Gb  os_dbg.o [1]
OSDbg_MsgEn             0x0020495a    0x1  Data  Gb  os_dbg.o [1]
OSDbg_MsgPoolSize       0x002045b8    0x2  Data  Gb  os_dbg.o [1]
OSDbg_MsgQSize          0x002045fe    0x2  Data  Gb  os_dbg.o [1]
OSDbg_MsgSize           0x002042ce    0x2  Data  Gb  os_dbg.o [1]
OSDbg_Mutex             0x0020443c   0x30  Data  Gb  os_dbg.o [1]
OSDbg_MutexDelEn        0x0020495c    0x1  Data  Gb  os_dbg.o [1]
OSDbg_MutexEn           0x0020495b    0x1  Data  Gb  os_dbg.o [1]
OSDbg_MutexPendAbortEn  0x0020495d    0x1  Data  Gb  os_dbg.o [1]
OSDbg_MutexSize         0x0020460a    0x2  Data  Gb  os_dbg.o [1]
OSDbg_ObjTypeChkEn      0x0020495e    0x1  Data  Gb  os_dbg.o [1]
OSDbg_PendListSize      0x00204934    0x2  Data  Gb  os_dbg.o [1]
OSDbg_PendObjSize       0x00204936    0x2  Data  Gb  os_dbg.o [1]
OSDbg_PrioMax           0x00204938    0x2  Data  Gb  os_dbg.o [1]
OSDbg_PrioTblSize       0x0020493a    0x2  Data  Gb  os_dbg.o [1]
OSDbg_PtrSize           0x0020493c    0x2  Data  Gb  os_dbg.o [1]
OSDbg_Q                 0x0020446c   0x30  Data  Gb  os_dbg.o [1]
OSDbg_QDelEn            0x00204960    0x1  Data  Gb  os_dbg.o [1]
OSDbg_QEn               0x0020495f    0x1  Data  Gb  os_dbg.o [1]
OSDbg_QFlushEn          0x00204961    0x1  Data  Gb  os_dbg.o [1]
OSDbg_QPendAbortEn      0x00204962    0x1  Data  Gb  os_dbg.o [1]
OSDbg_QSize             0x0020493e    0x2  Data  Gb  os_dbg.o [1]
OSDbg_RdyList           0x00204942    0x2  Data  Gb  os_dbg.o [1]
OSDbg_RdyListSize       0x00204778    0x4  Data  Gb  os_dbg.o [1]
OSDbg_SchedRoundRobinEn
                        0x00204963    0x1  Data  Gb  os_dbg.o [1]
OSDbg_Sem               0x00204520   0x28  Data  Gb  os_dbg.o [1]
OSDbg_SemDelEn          0x00204965    0x1  Data  Gb  os_dbg.o [1]
OSDbg_SemEn             0x00204964    0x1  Data  Gb  os_dbg.o [1]
OSDbg_SemPendAbortEn    0x00204966    0x1  Data  Gb  os_dbg.o [1]
OSDbg_SemSetEn          0x00204967    0x1  Data  Gb  os_dbg.o [1]
OSDbg_SemSize           0x00204940    0x2  Data  Gb  os_dbg.o [1]
OSDbg_StatTaskEn        0x00204969    0x1  Data  Gb  os_dbg.o [1]
OSDbg_StatTaskStkChkEn  0x0020496a    0x1  Data  Gb  os_dbg.o [1]
OSDbg_StkWidth          0x00204968    0x1  Data  Gb  os_dbg.o [1]
OSDbg_TCBSize           0x00204946    0x2  Data  Gb  os_dbg.o [1]
OSDbg_TaskChangePrioEn  0x0020496b    0x1  Data  Gb  os_dbg.o [1]
OSDbg_TaskDelEn         0x0020496c    0x1  Data  Gb  os_dbg.o [1]
OSDbg_TaskProfileEn     0x0020496f    0x1  Data  Gb  os_dbg.o [1]
OSDbg_TaskQEn           0x0020496d    0x1  Data  Gb  os_dbg.o [1]
OSDbg_TaskQPendAbortEn  0x0020496e    0x1  Data  Gb  os_dbg.o [1]
OSDbg_TaskRegTblSize    0x00204944    0x2  Data  Gb  os_dbg.o [1]
OSDbg_TaskSemPendAbortEn
                        0x00204970    0x1  Data  Gb  os_dbg.o [1]
OSDbg_TaskSuspendEn     0x00204971    0x1  Data  Gb  os_dbg.o [1]
OSDbg_TickListSize      0x00204948    0x2  Data  Gb  os_dbg.o [1]
OSDbg_TimeDlyHMSMEn     0x00204972    0x1  Data  Gb  os_dbg.o [1]
OSDbg_TimeDlyResumeEn   0x00204973    0x1  Data  Gb  os_dbg.o [1]
OSDbg_Tmr               0x0020449c   0x30  Data  Gb  os_dbg.o [1]
OSDbg_TmrDelEn          0x00204975    0x1  Data  Gb  os_dbg.o [1]
OSDbg_TmrEn             0x00204974    0x1  Data  Gb  os_dbg.o [1]
OSDbg_TmrSize           0x0020494a    0x2  Data  Gb  os_dbg.o [1]
OSDbg_VersionNbr        0x0020494c    0x2  Data  Gb  os_dbg.o [1]
OSFlagDbgListPtr        0x20012410    0x4  Data  Gb  os_var.o [1]
OSFlagQty               0x20012468    0x2  Data  Gb  os_var.o [1]
OSIdleTaskCtr           0x20012408    0x4  Data  Gb  os_var.o [1]
OSIdleTaskHook          0x00200e19   0x12  Code  Gb  os_cpu_c.o [1]
OSIdleTaskTCB           0x20012000   0xd4  Data  Gb  os_var.o [1]
OSInit                  0x002014c5  0x14c  Code  Gb  os_core.o [1]
OSInitHook              0x00200e2b   0x2e  Code  Gb  os_cpu_c.o [1]
OSInitialized           0x2001247c    0x1  Data  Gb  os_var.o [1]
OSIntCtxSw              0x00202825         Code  Gb  os_cpu_a.o [1]
OSIntDisTimeMax         0x2001240c    0x4  Data  Gb  os_var.o [1]
OSIntEnter              0x00201611   0x24  Code  Gb  os_core.o [1]
OSIntExit               0x00201635   0xb6  Code  Gb  os_core.o [1]
OSIntNestingCtr         0x2001247a    0x1  Data  Gb  os_var.o [1]
OSMemDbgListPtr         0x20012414    0x4  Data  Gb  os_var.o [1]
OSMemQty                0x2001246a    0x2  Data  Gb  os_var.o [1]
OSMsgPool               0x200123a4    0xc  Data  Gb  os_var.o [1]
OSMutexCreate           0x00201db5   0x76  Code  Gb  os_mutex.o [1]
OSMutexDbgListPtr       0x20012418    0x4  Data  Gb  os_var.o [1]
OSMutexPend             0x00201e2b  0x1d6  Code  Gb  os_mutex.o [1]
OSMutexPost             0x00202001  0x17a  Code  Gb  os_mutex.o [1]
OSMutexQty              0x2001246c    0x2  Data  Gb  os_var.o [1]
OSPrioCur               0x2001247d    0x1  Data  Gb  os_var.o [1]
OSPrioHighRdy           0x2001247e    0x1  Data  Gb  os_var.o [1]
OSPrioTbl               0x200123e4    0x4  Data  Gb  os_prio.o [1]
OSQDbgListPtr           0x2001241c    0x4  Data  Gb  os_var.o [1]
OSQQty                  0x2001246e    0x2  Data  Gb  os_var.o [1]
OSRdyList               0x20011c04  0x180  Data  Gb  os_var.o [1]
OSRunning               0x2001247b    0x1  Data  Gb  os_var.o [1]
OSSched                 0x002016eb   0x86  Code  Gb  os_core.o [1]
OSSchedLock             0x00201771   0x62  Code  Gb  os_core.o [1]
OSSchedLockNestingCtr   0x2001247f    0x1  Data  Gb  os_var.o [1]
OSSchedUnlock           0x002017d3   0x80  Code  Gb  os_core.o [1]
OSSemDbgListPtr         0x20012420    0x4  Data  Gb  os_var.o [1]
OSSemQty                0x20012470    0x2  Data  Gb  os_var.o [1]
OSStart                 0x00201853   0x92  Code  Gb  os_core.o [1]
OSStartHighRdy          0x002027a3         Code  Gb  os_cpu_a.o [1]
OSStatReset             0x00202c7d   0xfe  Code  Gb  os_stat.o [1]
OSStatResetFlag         0x20012480    0x1  Data  Gb  os_var.o [1]
OSStatTaskCPUUsage      0x20012472    0x2  Data  Gb  os_var.o [1]
OSStatTaskCPUUsageInit  0x00202d7b   0xdc  Code  Gb  os_stat.o [1]
OSStatTaskCPUUsageMax   0x20012474    0x2  Data  Gb  os_var.o [1]
OSStatTaskCtr           0x20012424    0x4  Data  Gb  os_var.o [1]
OSStatTaskCtrMax        0x20012428    0x4  Data  Gb  os_var.o [1]
OSStatTaskCtrRun        0x2001242c    0x4  Data  Gb  os_var.o [1]
OSStatTaskHook          0x00200e59   0x12  Code  Gb  os_cpu_c.o [1]
OSStatTaskRdy           0x20012481    0x1  Data  Gb  os_var.o [1]
OSStatTaskTCB           0x200120d4   0xd4  Data  Gb  os_var.o [1]
OSStatTaskTimeMax       0x20012430    0x4  Data  Gb  os_var.o [1]
OSTCBCurPtr             0x2001245c    0x4  Data  Gb  os_var.o [1]
OSTCBHighRdyPtr         0x20012460    0x4  Data  Gb  os_var.o [1]
OSTaskCreate            0x002001f9  0x1aa  Code  Gb  os_task.o [1]
OSTaskCreateHook        0x00200e6b   0x12  Code  Gb  os_cpu_c.o [1]
OSTaskCtxSwCtr          0x20012434    0x4  Data  Gb  os_var.o [1]
OSTaskDbgListPtr        0x20012438    0x4  Data  Gb  os_var.o [1]
OSTaskDel               0x002003a3  0x180  Code  Gb  os_task.o [1]
OSTaskDelHook           0x00200e7d   0x12  Code  Gb  os_cpu_c.o [1]
OSTaskQty               0x20012476    0x2  Data  Gb  os_var.o [1]
OSTaskRegNextAvailID    0x20012482    0x1  Data  Gb  os_var.o [1]
OSTaskResume            0x00200523  0x126  Code  Gb  os_task.o [1]
OSTaskReturnHook        0x00200e8f   0x12  Code  Gb  os_cpu_c.o [1]
OSTaskSemPend           0x00200649  0x1e6  Code  Gb  os_task.o [1]
OSTaskSemPost           0x00200839  0x104  Code  Gb  os_task.o [1]
OSTaskStkChk            0x00200949   0xb4  Code  Gb  os_task.o [1]
OSTaskStkInit           0x00200ea1  0x160  Code  Gb  os_cpu_c.o [1]
OSTaskSuspend           0x00200a01  0x142  Code  Gb  os_task.o [1]
OSTaskSwHook            0x00201001   0x82  Code  Gb  os_cpu_c.o [1]
OSTickCtr               0x2001243c    0x4  Data  Gb  os_var.o [1]
OSTickListDly           0x200123b0    0x8  Data  Gb  os_var.o [1]
OSTickListTimeout       0x200123b8    0x8  Data  Gb  os_var.o [1]
OSTickTaskTCB           0x200121a8   0xd4  Data  Gb  os_var.o [1]
OSTickTaskTimeMax       0x20012440    0x4  Data  Gb  os_var.o [1]
OSTimeDly               0x0020288d   0x94  Code  Gb  os_time.o [1]
OSTimeDlyHMSM           0x00202921  0x17c  Code  Gb  os_time.o [1]
OSTimeDlyHMSM::ticks    0x200123e8    0x4  Data  Lc  os_time.o [1]
OSTimeGet               0x00202a9d   0x24  Code  Gb  os_time.o [1]
OSTimeTick              0x00202ac1   0x3e  Code  Gb  os_time.o [1]
OSTimeTickHook          0x00201083   0x12  Code  Gb  os_cpu_c.o [1]
OSTmrDbgListPtr         0x20012444    0x4  Data  Gb  os_var.o [1]
OSTmrListEntries        0x20012478    0x2  Data  Gb  os_var.o [1]
OSTmrListPtr            0x20012448    0x4  Data  Gb  os_var.o [1]
OSTmrMutex              0x20012350   0x30  Data  Gb  os_var.o [1]
OSTmrTaskTCB            0x2001227c   0xd4  Data  Gb  os_var.o [1]
OSTmrTaskTimeMax        0x2001244c    0x4  Data  Gb  os_var.o [1]
OSTmrTickCtr            0x20012450    0x4  Data  Gb  os_var.o [1]
OSTmrUpdateCnt          0x20012454    0x4  Data  Gb  os_var.o [1]
OSTmrUpdateCtr          0x20012458    0x4  Data  Gb  os_var.o [1]
OS_AppIdleTaskHookPtr   0x200123f8    0x4  Data  Gb  os_var.o [1]
OS_AppStatTaskHookPtr   0x200123fc    0x4  Data  Gb  os_var.o [1]
OS_AppTaskCreateHookPtr
                        0x200123ec    0x4  Data  Gb  os_var.o [1]
OS_AppTaskDelHookPtr    0x200123f0    0x4  Data  Gb  os_var.o [1]
OS_AppTaskReturnHookPtr
                        0x200123f4    0x4  Data  Gb  os_var.o [1]
OS_AppTaskSwHookPtr     0x20012400    0x4  Data  Gb  os_var.o [1]
OS_AppTimeTickHookPtr   0x20012404    0x4  Data  Gb  os_var.o [1]
OS_CPU_ExceptStkBase    0x200123e0    0x4  Data  Gb  os_cpu_c.o [1]
OS_CPU_FP_Reg_Pop       0x00202797         Code  Gb  os_cpu_a.o [1]
OS_CPU_FP_Reg_Push      0x00202785         Code  Gb  os_cpu_a.o [1]
OS_CPU_PendSVHandler    0x0020282d         Code  Gb  os_cpu_a.o [1]
OS_CPU_SysTickHandler   0x00201095   0x24  Code  Gb  os_cpu_c.o [1]
OS_CPU_SysTickInit      0x002010c9   0x2c  Code  Gb  os_cpu_c.o [1]
OS_CPU_SysTickInitFreq  0x002010b9   0x10  Code  Gb  os_cpu_c.o [1]
OS_Dbg_Init             0x002033c1  0x190  Code  Gb  os_dbg.o [1]
OS_IdleTask             0x002018e5   0x38  Code  Gb  os_core.o [1]
OS_IdleTaskInit         0x0020191d   0x50  Code  Gb  os_core.o [1]
OS_MemInit              0x00202c61   0x12  Code  Gb  os_mem.o [1]
OS_MsgPoolInit          0x002011a5   0x8a  Code  Gb  os_msg.o [1]
OS_MsgQFreeAll          0x0020122f   0x44  Code  Gb  os_msg.o [1]
OS_MsgQInit             0x00201273   0x14  Code  Gb  os_msg.o [1]
OS_MutexDbgListAdd      0x0020217b   0x28  Code  Gb  os_mutex.o [1]
OS_MutexGrpAdd          0x002021c5    0x8  Code  Gb  os_mutex.o [1]
OS_MutexGrpPostAll      0x0020221b   0x60  Code  Gb  os_mutex.o [1]
OS_MutexGrpPrioFindHighest
                        0x002021e3   0x38  Code  Gb  os_mutex.o [1]
OS_MutexGrpRemove       0x002021cd   0x16  Code  Gb  os_mutex.o [1]
OS_Pend                 0x0020196d   0x5a  Code  Gb  os_core.o [1]
OS_PendDbgNameAdd       0x002019c7   0x40  Code  Gb  os_core.o [1]
OS_PendDbgNameRemove    0x00201a07   0x20  Code  Gb  os_core.o [1]
OS_PendListChangePrio   0x00201a27   0x24  Code  Gb  os_core.o [1]
OS_PendListInit         0x00201a4b    0xe  Code  Gb  os_core.o [1]
OS_PendListInsertPrio   0x00201a59   0x72  Code  Gb  os_core.o [1]
OS_PendListRemove       0x00201acb   0x5a  Code  Gb  os_core.o [1]
OS_Post                 0x00201b25   0xaa  Code  Gb  os_core.o [1]
OS_PrioGetHighest       0x00201461   0x14  Code  Gb  os_prio.o [1]
OS_PrioInit             0x0020144d   0x14  Code  Gb  os_prio.o [1]
OS_PrioInsert           0x00201475   0x24  Code  Gb  os_prio.o [1]
OS_PrioRemove           0x00201499   0x26  Code  Gb  os_prio.o [1]
OS_RdyListInit          0x00201bcf   0x22  Code  Gb  os_core.o [1]
OS_RdyListInsert        0x00201bf1   0x28  Code  Gb  os_core.o [1]
OS_RdyListInsertHead    0x00201c19   0x3a  Code  Gb  os_core.o [1]
OS_RdyListInsertTail    0x00201c53   0x38  Code  Gb  os_core.o [1]
OS_RdyListRemove        0x00201c91   0x5c  Code  Gb  os_core.o [1]
OS_StatTask             0x00202e57  0x262  Code  Gb  os_stat.o [1]
OS_StatTaskInit         0x002030b9   0x90  Code  Gb  os_stat.o [1]
OS_TaskBlock            0x00201ced   0x28  Code  Gb  os_core.o [1]
OS_TaskChangePrio       0x00200d15   0xe0  Code  Gb  os_task.o [1]
OS_TaskDbgListAdd       0x00200b43   0x2c  Code  Gb  os_task.o [1]
OS_TaskDbgListRemove    0x00200b6f   0x4a  Code  Gb  os_task.o [1]
OS_TaskInit             0x00200bb9   0x18  Code  Gb  os_task.o [1]
OS_TaskInitTCB          0x00200bd1  0x12c  Code  Gb  os_task.o [1]
OS_TaskReturn           0x00200cfd   0x14  Code  Gb  os_task.o [1]
OS_TickListInsert       0x0020239b   0x8c  Code  Gb  os_tick.o [1]
OS_TickListInsertDly    0x00202427   0x90  Code  Gb  os_tick.o [1]
OS_TickListRemove       0x002024b7   0x70  Code  Gb  os_tick.o [1]
OS_TickListUpdateDly    0x00202527   0xa6  Code  Lc  os_tick.o [1]
OS_TickListUpdateTimeout
                        0x002025cd  0x128  Code  Lc  os_tick.o [1]
OS_TickTask             0x0020227d   0x5e  Code  Gb  os_tick.o [1]
OS_TickTaskInit         0x002022db   0xc0  Code  Gb  os_tick.o [1]
OS_TmrInit              0x002031bd   0xd4  Code  Gb  os_tmr.o [1]
OS_TmrLock              0x00203357   0x14  Code  Lc  os_tmr.o [1]
OS_TmrTask              0x002032d1   0x86  Code  Gb  os_tmr.o [1]
OS_TmrUnlink            0x00203291   0x3e  Code  Gb  os_tmr.o [1]
OS_TmrUnlock            0x0020336b    0xe  Code  Lc  os_tmr.o [1]
Region$$Table$$Base     0x00204594          --   Gb  - Linker created -
Region$$Table$$Limit    0x002045b8          --   Gb  - Linker created -
SVC_Handler             0x002046f9    0x2  Code  Gb  stm32f7xx_it.o [1]
SystemCoreClock         0x20010000    0x4  Data  Gb  system_stm32f7xx.o [1]
SystemInit              0x00204391   0x4c  Code  Gb  system_stm32f7xx.o [1]
UsageFault_Handler      0x002046f7    0x2  Code  Gb  stm32f7xx_it.o [1]
__cmain                 0x002045dd         Code  Gb  cmain.o [5]
__exit                  0x0020460d   0x14  Code  Gb  exit.o [6]
__iar_copy_init3        0x002044cd   0x2c  Code  Gb  copy_init3.o [5]
__iar_data_init3        0x00204549   0x28  Code  Gb  data_init.o [5]
__iar_init_vfp          0x00204571         Code  Gb  fpinit_M.o [4]
__iar_program_start     0x002046fd         Code  Gb  cstartup_M.o [5]
__iar_systems$$module {Abs}
                        0x00000001         Data  Gb  command line/config [2]
__iar_zero_init3        0x002043fd   0x40  Code  Gb  zero_init3.o [5]
__low_level_init        0x002045f7    0x4  Code  Gb  low_level_init.o [3]
__vector_table          0x00200000         Data  Gb  startup_stm32f767xx.o [1]
_call_main              0x002045e9         Code  Gb  cmain.o [5]
_exit                   0x00204601         Code  Gb  cexit.o [5]
_main                   0x002045f3         Code  Gb  cmain.o [5]
exit                    0x002045fb    0x4  Code  Gb  exit.o [3]
main                    0x0020407d   0x64  Code  Gb  app_main.o [1]


[1] = D:\Apollo\ucosiii\Debug\Obj
[2] = command line
[3] = dl7M_tlf.a
[4] = m7M_tlv.a
[5] = rt7M_tl.a
[6] = shb_l.a

  18 116 bytes of readonly  code memory
     696 bytes of readonly  data memory
  17 539 bytes of readwrite data memory

Errors: none
Warnings: none
