###############################################################################
#
# IAR ELF Linker V8.11.1.13263/W32 for ARM                04/May/2017  19:23:30
# Copyright 2007-2017 IAR Systems AB.
#
#    Output file  =  D:\Apollo\ucosiii\Debug\Exe\ucosiii-f767.out
#    Map file     =  D:\Apollo\ucosiii\Debug\List\ucosiii-f767.map
#    Command line =  
#        -f C:\Users\iysheng\AppData\Local\Temp\EWF276.tmp
#        (D:\Apollo\ucosiii\Debug\Obj\app_main.o
#        D:\Apollo\ucosiii\Debug\Obj\bsp.o
#        D:\Apollo\ucosiii\Debug\Obj\bsp_clock.o
#        D:\Apollo\ucosiii\Debug\Obj\bsp_led.o
#        D:\Apollo\ucosiii\Debug\Obj\bsp_os.o
#        D:\Apollo\ucosiii\Debug\Obj\cpu_a.o
#        D:\Apollo\ucosiii\Debug\Obj\cpu_bsp.o
#        D:\Apollo\ucosiii\Debug\Obj\cpu_c.o
#        D:\Apollo\ucosiii\Debug\Obj\cpu_cache_armv7m_generic_l1.o
#        D:\Apollo\ucosiii\Debug\Obj\cpu_core.o
#        D:\Apollo\ucosiii\Debug\Obj\lib_ascii.o
#        D:\Apollo\ucosiii\Debug\Obj\lib_math.o
#        D:\Apollo\ucosiii\Debug\Obj\lib_mem.o
#        D:\Apollo\ucosiii\Debug\Obj\lib_mem_a.o
#        D:\Apollo\ucosiii\Debug\Obj\lib_str.o
#        D:\Apollo\ucosiii\Debug\Obj\os_app_hooks.o
#        D:\Apollo\ucosiii\Debug\Obj\os_cfg_app.o
#        D:\Apollo\ucosiii\Debug\Obj\os_core.o
#        D:\Apollo\ucosiii\Debug\Obj\os_cpu_a.o
#        D:\Apollo\ucosiii\Debug\Obj\os_cpu_c.o
#        D:\Apollo\ucosiii\Debug\Obj\os_dbg.o
#        D:\Apollo\ucosiii\Debug\Obj\os_flag.o
#        D:\Apollo\ucosiii\Debug\Obj\os_mem.o
#        D:\Apollo\ucosiii\Debug\Obj\os_mon.o
#        D:\Apollo\ucosiii\Debug\Obj\os_msg.o
#        D:\Apollo\ucosiii\Debug\Obj\os_mutex.o
#        D:\Apollo\ucosiii\Debug\Obj\os_prio.o
#        D:\Apollo\ucosiii\Debug\Obj\os_q.o
#        D:\Apollo\ucosiii\Debug\Obj\os_sem.o
#        D:\Apollo\ucosiii\Debug\Obj\os_stat.o
#        D:\Apollo\ucosiii\Debug\Obj\os_task.o
#        D:\Apollo\ucosiii\Debug\Obj\os_tick.o
#        D:\Apollo\ucosiii\Debug\Obj\os_time.o
#        D:\Apollo\ucosiii\Debug\Obj\os_tmr.o
#        D:\Apollo\ucosiii\Debug\Obj\os_var.o
#        D:\Apollo\ucosiii\Debug\Obj\startup_stm32f767xx.o
#        D:\Apollo\ucosiii\Debug\Obj\stm32f7xx_hal.o
#        D:\Apollo\ucosiii\Debug\Obj\stm32f7xx_hal_cortex.o
#        D:\Apollo\ucosiii\Debug\Obj\stm32f7xx_hal_gpio.o
#        D:\Apollo\ucosiii\Debug\Obj\stm32f7xx_hal_pwr_ex.o
#        D:\Apollo\ucosiii\Debug\Obj\stm32f7xx_hal_rcc.o
#        D:\Apollo\ucosiii\Debug\Obj\stm32f7xx_it.o
#        D:\Apollo\ucosiii\Debug\Obj\system_stm32f7xx.o -o
#        D:\Apollo\ucosiii\Debug\Exe\ucosiii-f767.out --map
#        D:\Apollo\ucosiii\Debug\List\ucosiii-f767.map --config "D:\Program
#        Files (x86)\IAR Systems\Embedded Workbench
#        8.0\arm\config\linker\ST\stm32f767xG.icf" --semihosting --entry
#        __iar_program_start --vfe --text_out locale)
#
###############################################################################

*******************************************************************************
*** RUNTIME MODEL ATTRIBUTES
***

CppFlavor       = *
__SystemLibrary = DLib
__dlib_version  = 6


*******************************************************************************
*** HEAP SELECTION
***

The basic heap was selected because no calls to memory allocation
functions were found in the application outside of system library
functions, and there are calls to deallocation functions in the
application.


*******************************************************************************
*** PLACEMENT SUMMARY
***

"A0":  place at 0x00200000 { ro section .intvec };
"P1":  place in [from 0x00200000 to 0x002fffff] { ro };
"P4":  place in [from 0x20000000 to 0x2000ffff] { block CSTACK };
"P5":  place in [from 0x20010000 to 0x2004bfff] |
                [from 0x2004c000 to 0x2004ffff] { rw, block HEAP };
initialize by copy { rw };

  Section            Kind        Address    Size  Object
  -------            ----        -------    ----  ------
"A0":                                      0x1f8
  .intvec            ro code  0x00200000   0x1f8  startup_stm32f767xx.o [1]
                            - 0x002001f8   0x1f8

"P1":                                     0x5c20
  .text              ro code  0x002001f8   0x950  os_task.o [1]
  .text              ro code  0x00200b48   0x33c  os_cpu_c.o [1]
  .text              ro code  0x00200e84   0x1bc  os_msg.o [1]
  .text              ro code  0x00201040   0x1b8  cpu_core.o [1]
  .text              ro code  0x002011f8    0x78  os_prio.o [1]
  .text              ro code  0x00201270   0x814  os_core.o [1]
  .text              ro code  0x00201a84    0x5c  cpu_bsp.o [1]
  .text              ro code  0x00201ae0   0x240  os_time.o [1]
  .text              ro code  0x00201d20   0x466  os_mutex.o [1]
  .rodata            const    0x00202186     0x2  os_cfg_app.o [1]
  CODE               ro code  0x00202188   0x108  os_cpu_a.o [1]
  .text              ro code  0x00202290   0x100  lib_mem.o [1]
  CODE               ro code  0x00202390    0x34  cpu_a.o [1]
  .text              ro code  0x002023c4    0x1c  os_mem.o [1]
  .text              ro code  0x002023e0   0x4ac  os_tick.o [1]
  .text              ro code  0x0020288c   0x540  os_stat.o [1]
  .text              ro code  0x00202dcc   0x204  os_tmr.o [1]
  .text              ro code  0x00202fd0   0x190  os_dbg.o [1]
  .text              ro code  0x00203160     0x2  os_cfg_app.o [1]
  .text              ro code  0x00203162    0xa4  bsp_clock.o [1]
  .rodata            const    0x00203206     0x2  os_dbg.o [1]
  .text              ro code  0x00203208   0x75c  stm32f7xx_hal_rcc.o [1]
  .text              ro code  0x00203964    0x88  stm32f7xx_hal_pwr_ex.o [1]
  .text              ro code  0x002039ec    0x24  bsp_os.o [1]
  .text              ro code  0x00203a10    0x2c  stm32f7xx_hal_cortex.o [1]
  .text              ro code  0x00203a3c   0x608  app_main.o [1]
  .text              ro code  0x00204044    0x2a  stm32f7xx_hal.o [1]
  .rodata            const    0x0020406e     0x2  os_dbg.o [1]
  .text              ro code  0x00204070    0x68  lib_math.o [1]
  .text              ro code  0x002040d8    0x92  os_app_hooks.o [1]
  .text              ro code  0x0020416a     0xc  bsp.o [1]
  .rodata            const    0x00204176     0x2  os_dbg.o [1]
  .text              ro code  0x00204178    0x68  bsp_led.o [1]
  .text              ro code  0x002041e0   0x31c  os_sem.o [1]
  .text              ro code  0x002044fc   0x374  os_q.o [1]
  .text              ro code  0x00204870   0x584  os_flag.o [1]
  .text              ro code  0x00204df4    0x3c  exp64.o [4]
  .text              ro code  0x00204e30   0x2e4  cos_sin64.o [4]
  .text              ro code  0x00205114   0x258  stm32f7xx_hal_gpio.o [1]
  .text              ro code  0x0020536c   0x38c  iar_Exp64.o [4]
  .text              ro code  0x002056f8    0xf0  ldexp.o [4]
  .text              ro code  0x002057e8    0x6c  system_stm32f7xx.o [1]
  .text              ro code  0x00205854    0x40  zero_init3.o [5]
  .rodata            const    0x00205894    0x30  os_dbg.o [1]
  .rodata            const    0x002058c4    0x30  os_dbg.o [1]
  .rodata            const    0x002058f4    0x30  os_dbg.o [1]
  .text              ro code  0x00205924    0x2c  copy_init3.o [5]
  .rodata            const    0x00205950    0x28  os_dbg.o [1]
  .rodata            const    0x00205978    0x28  os_dbg.o [1]
  .text              ro code  0x002059a0    0x28  data_init.o [5]
  .text              ro code  0x002059c8    0x22  fpinit_M.o [4]
  .iar.init_table    const    0x002059ec    0x24  - Linker created -
  .rodata            const    0x00205a10     0x2  os_dbg.o [1]
  .rodata            const    0x00205a14    0x20  os_dbg.o [1]
  .text              ro code  0x00205a34    0x1a  cmain.o [5]
  .text              ro code  0x00205a4e     0x4  low_level_init.o [3]
  .text              ro code  0x00205a52     0x4  exit.o [3]
  .rodata            const    0x00205a56     0x2  os_dbg.o [1]
  .text              ro code  0x00205a58     0xa  cexit.o [5]
  .rodata            const    0x00205a62     0x2  os_dbg.o [1]
  .text              ro code  0x00205a64    0x14  exit.o [6]
  .rodata            const    0x00205a78    0x18  app_main.o [1]
  .rodata            const    0x00205a90    0x18  os_tmr.o [1]
  .text              ro code  0x00205aa8    0x16  stm32f7xx_it.o [1]
  .rodata            const    0x00205abe     0x2  os_dbg.o [1]
  .text              ro code  0x00205ac0    0x10  stm32f7xx_hal.o [1]
  .rodata            const    0x00205ad0    0x14  os_core.o [1]
  .rodata            const    0x00205ae4    0x14  os_stat.o [1]
  .rodata            const    0x00205af8    0x14  os_tick.o [1]
  .rodata            const    0x00205b0c    0x10  app_main.o [1]
  .rodata            const    0x00205b1c    0x10  app_main.o [1]
  .rodata            const    0x00205b2c    0x10  os_tmr.o [1]
  .rodata            const    0x00205b3c    0x10  system_stm32f7xx.o [1]
  .text              ro code  0x00205b4c    0x10  startup_stm32f767xx.o [1]
  .rodata            const    0x00205b5c     0xc  app_main.o [1]
  .rodata            const    0x00205b68     0xc  app_main.o [1]
  .rodata            const    0x00205b74     0xc  app_main.o [1]
  .rodata            const    0x00205b80     0xc  app_main.o [1]
  .rodata            const    0x00205b8c     0xc  os_core.o [1]
  .text              ro code  0x00205b98     0xc  cstartup_M.o [5]
  .rodata            const    0x00205ba4     0x8  lib_mem.o [1]
  .rodata            const    0x00205bac     0x8  os_core.o [1]
  .rodata            const    0x00205bb4     0x8  os_task.o [1]
  .rodata            const    0x00205bbc     0x8  system_stm32f7xx.o [1]
  .rodata            const    0x00205bc4     0x4  os_cfg_app.o [1]
  .rodata            const    0x00205bc8     0x4  os_cfg_app.o [1]
  .rodata            const    0x00205bcc     0x4  os_cfg_app.o [1]
  .rodata            const    0x00205bd0     0x4  os_cfg_app.o [1]
  .rodata            const    0x00205bd4     0x4  os_cfg_app.o [1]
  .rodata            const    0x00205bd8     0x4  os_cfg_app.o [1]
  .rodata            const    0x00205bdc     0x4  os_cfg_app.o [1]
  .rodata            const    0x00205be0     0x4  os_cfg_app.o [1]
  .rodata            const    0x00205be4     0x4  os_cfg_app.o [1]
  .rodata            const    0x00205be8     0x4  os_cfg_app.o [1]
  .rodata            const    0x00205bec     0x4  os_cfg_app.o [1]
  .rodata            const    0x00205bf0     0x4  os_cfg_app.o [1]
  .rodata            const    0x00205bf4     0x4  os_cfg_app.o [1]
  .rodata            const    0x00205bf8     0x4  os_cfg_app.o [1]
  .rodata            const    0x00205bfc     0x4  os_cfg_app.o [1]
  .rodata            const    0x00205c00     0x4  os_cfg_app.o [1]
  .rodata            const    0x00205c04     0x4  os_cfg_app.o [1]
  .rodata            const    0x00205c08     0x4  os_cfg_app.o [1]
  .rodata            const    0x00205c0c     0x4  os_cfg_app.o [1]
  .rodata            const    0x00205c10     0x4  os_dbg.o [1]
  .rodata            const    0x00205c14     0x4  os_dbg.o [1]
  .rodata            const    0x00205c18     0x4  os_dbg.o [1]
  .text              ro code  0x00205c1c     0x4  startup_stm32f767xx.o [1]
  .text              ro code  0x00205c20     0x4  startup_stm32f767xx.o [1]
  .text              ro code  0x00205c24     0x4  startup_stm32f767xx.o [1]
  .text              ro code  0x00205c28     0x4  startup_stm32f767xx.o [1]
  .text              ro code  0x00205c2c     0x4  startup_stm32f767xx.o [1]
  .text              ro code  0x00205c30     0x4  startup_stm32f767xx.o [1]
  .text              ro code  0x00205c34     0x4  startup_stm32f767xx.o [1]
  .text              ro code  0x00205c38     0x4  startup_stm32f767xx.o [1]
  .text              ro code  0x00205c3c     0x4  startup_stm32f767xx.o [1]
  .text              ro code  0x00205c40     0x4  startup_stm32f767xx.o [1]
  .text              ro code  0x00205c44     0x4  startup_stm32f767xx.o [1]
  .text              ro code  0x00205c48     0x4  startup_stm32f767xx.o [1]
  .text              ro code  0x00205c4c     0x4  startup_stm32f767xx.o [1]
  .text              ro code  0x00205c50     0x4  startup_stm32f767xx.o [1]
  .text              ro code  0x00205c54     0x4  startup_stm32f767xx.o [1]
  .text              ro code  0x00205c58     0x4  startup_stm32f767xx.o [1]
  .text              ro code  0x00205c5c     0x4  startup_stm32f767xx.o [1]
  .text              ro code  0x00205c60     0x4  startup_stm32f767xx.o [1]
  .text              ro code  0x00205c64     0x4  startup_stm32f767xx.o [1]
  .text              ro code  0x00205c68     0x4  startup_stm32f767xx.o [1]
  .text              ro code  0x00205c6c     0x4  startup_stm32f767xx.o [1]
  .text              ro code  0x00205c70     0x4  startup_stm32f767xx.o [1]
  .text              ro code  0x00205c74     0x4  startup_stm32f767xx.o [1]
  .text              ro code  0x00205c78     0x4  startup_stm32f767xx.o [1]
  .text              ro code  0x00205c7c     0x4  startup_stm32f767xx.o [1]
  .text              ro code  0x00205c80     0x4  startup_stm32f767xx.o [1]
  .text              ro code  0x00205c84     0x4  startup_stm32f767xx.o [1]
  .text              ro code  0x00205c88     0x4  startup_stm32f767xx.o [1]
  .text              ro code  0x00205c8c     0x4  startup_stm32f767xx.o [1]
  .text              ro code  0x00205c90     0x4  startup_stm32f767xx.o [1]
  .text              ro code  0x00205c94     0x4  startup_stm32f767xx.o [1]
  .text              ro code  0x00205c98     0x4  startup_stm32f767xx.o [1]
  .text              ro code  0x00205c9c     0x4  startup_stm32f767xx.o [1]
  .text              ro code  0x00205ca0     0x4  startup_stm32f767xx.o [1]
  .text              ro code  0x00205ca4     0x4  startup_stm32f767xx.o [1]
  .text              ro code  0x00205ca8     0x4  startup_stm32f767xx.o [1]
  .text              ro code  0x00205cac     0x4  startup_stm32f767xx.o [1]
  .text              ro code  0x00205cb0     0x4  startup_stm32f767xx.o [1]
  .text              ro code  0x00205cb4     0x4  startup_stm32f767xx.o [1]
  .text              ro code  0x00205cb8     0x4  startup_stm32f767xx.o [1]
  .text              ro code  0x00205cbc     0x4  startup_stm32f767xx.o [1]
  .text              ro code  0x00205cc0     0x4  startup_stm32f767xx.o [1]
  .text              ro code  0x00205cc4     0x4  startup_stm32f767xx.o [1]
  .text              ro code  0x00205cc8     0x4  startup_stm32f767xx.o [1]
  .text              ro code  0x00205ccc     0x4  startup_stm32f767xx.o [1]
  .text              ro code  0x00205cd0     0x4  startup_stm32f767xx.o [1]
  .text              ro code  0x00205cd4     0x4  startup_stm32f767xx.o [1]
  .text              ro code  0x00205cd8     0x4  startup_stm32f767xx.o [1]
  .text              ro code  0x00205cdc     0x4  startup_stm32f767xx.o [1]
  .text              ro code  0x00205ce0     0x4  startup_stm32f767xx.o [1]
  .text              ro code  0x00205ce4     0x4  startup_stm32f767xx.o [1]
  .text              ro code  0x00205ce8     0x4  startup_stm32f767xx.o [1]
  .text              ro code  0x00205cec     0x4  startup_stm32f767xx.o [1]
  .text              ro code  0x00205cf0     0x4  startup_stm32f767xx.o [1]
  .text              ro code  0x00205cf4     0x4  startup_stm32f767xx.o [1]
  .text              ro code  0x00205cf8     0x4  startup_stm32f767xx.o [1]
  .text              ro code  0x00205cfc     0x4  startup_stm32f767xx.o [1]
  .text              ro code  0x00205d00     0x4  startup_stm32f767xx.o [1]
  .text              ro code  0x00205d04     0x4  startup_stm32f767xx.o [1]
  .text              ro code  0x00205d08     0x4  startup_stm32f767xx.o [1]
  .text              ro code  0x00205d0c     0x4  startup_stm32f767xx.o [1]
  .text              ro code  0x00205d10     0x4  startup_stm32f767xx.o [1]
  .text              ro code  0x00205d14     0x4  startup_stm32f767xx.o [1]
  .text              ro code  0x00205d18     0x4  startup_stm32f767xx.o [1]
  .text              ro code  0x00205d1c     0x4  startup_stm32f767xx.o [1]
  .text              ro code  0x00205d20     0x4  startup_stm32f767xx.o [1]
  .text              ro code  0x00205d24     0x4  startup_stm32f767xx.o [1]
  .text              ro code  0x00205d28     0x4  startup_stm32f767xx.o [1]
  .text              ro code  0x00205d2c     0x4  startup_stm32f767xx.o [1]
  .text              ro code  0x00205d30     0x4  startup_stm32f767xx.o [1]
  .text              ro code  0x00205d34     0x4  startup_stm32f767xx.o [1]
  .text              ro code  0x00205d38     0x4  startup_stm32f767xx.o [1]
  .text              ro code  0x00205d3c     0x4  startup_stm32f767xx.o [1]
  .text              ro code  0x00205d40     0x4  startup_stm32f767xx.o [1]
  .text              ro code  0x00205d44     0x4  startup_stm32f767xx.o [1]
  .text              ro code  0x00205d48     0x4  startup_stm32f767xx.o [1]
  .text              ro code  0x00205d4c     0x4  startup_stm32f767xx.o [1]
  .text              ro code  0x00205d50     0x4  startup_stm32f767xx.o [1]
  .text              ro code  0x00205d54     0x4  startup_stm32f767xx.o [1]
  .text              ro code  0x00205d58     0x4  startup_stm32f767xx.o [1]
  .text              ro code  0x00205d5c     0x4  startup_stm32f767xx.o [1]
  .text              ro code  0x00205d60     0x4  startup_stm32f767xx.o [1]
  .text              ro code  0x00205d64     0x4  startup_stm32f767xx.o [1]
  .text              ro code  0x00205d68     0x4  startup_stm32f767xx.o [1]
  .text              ro code  0x00205d6c     0x4  startup_stm32f767xx.o [1]
  .text              ro code  0x00205d70     0x4  startup_stm32f767xx.o [1]
  .text              ro code  0x00205d74     0x4  startup_stm32f767xx.o [1]
  .text              ro code  0x00205d78     0x4  startup_stm32f767xx.o [1]
  .text              ro code  0x00205d7c     0x4  startup_stm32f767xx.o [1]
  .text              ro code  0x00205d80     0x4  startup_stm32f767xx.o [1]
  .text              ro code  0x00205d84     0x4  startup_stm32f767xx.o [1]
  .text              ro code  0x00205d88     0x4  startup_stm32f767xx.o [1]
  .text              ro code  0x00205d8c     0x4  startup_stm32f767xx.o [1]
  .text              ro code  0x00205d90     0x4  startup_stm32f767xx.o [1]
  .text              ro code  0x00205d94     0x4  startup_stm32f767xx.o [1]
  .text              ro code  0x00205d98     0x4  startup_stm32f767xx.o [1]
  .text              ro code  0x00205d9c     0x4  startup_stm32f767xx.o [1]
  .text              ro code  0x00205da0     0x4  startup_stm32f767xx.o [1]
  .text              ro code  0x00205da4     0x4  startup_stm32f767xx.o [1]
  .text              ro code  0x00205da8     0x4  startup_stm32f767xx.o [1]
  .text              ro code  0x00205dac     0x4  startup_stm32f767xx.o [1]
  .text              ro code  0x00205db0     0x4  startup_stm32f767xx.o [1]
  .text              ro code  0x00205db4     0x4  startup_stm32f767xx.o [1]
  .text              ro code  0x00205db8     0x4  startup_stm32f767xx.o [1]
  .text              ro code  0x00205dbc     0x4  startup_stm32f767xx.o [1]
  .text              ro code  0x00205dc0     0x4  startup_stm32f767xx.o [1]
  .text              ro code  0x00205dc4     0x4  startup_stm32f767xx.o [1]
  .text              ro code  0x00205dc8     0x4  startup_stm32f767xx.o [1]
  .text              ro code  0x00205dcc     0x4  startup_stm32f767xx.o [1]
  .rodata            const    0x00205dd0     0x2  os_dbg.o [1]
  .rodata            const    0x00205dd2     0x2  os_dbg.o [1]
  .rodata            const    0x00205dd4     0x2  os_dbg.o [1]
  .rodata            const    0x00205dd6     0x2  os_dbg.o [1]
  .rodata            const    0x00205dd8     0x2  os_dbg.o [1]
  .rodata            const    0x00205dda     0x2  os_dbg.o [1]
  .rodata            const    0x00205ddc     0x2  os_dbg.o [1]
  .rodata            const    0x00205dde     0x2  os_dbg.o [1]
  .rodata            const    0x00205de0     0x2  os_dbg.o [1]
  .rodata            const    0x00205de2     0x2  os_dbg.o [1]
  .rodata            const    0x00205de4     0x2  os_dbg.o [1]
  .rodata            const    0x00205de6     0x2  os_dbg.o [1]
  .rodata            const    0x00205de8     0x2  os_dbg.o [1]
  .rodata            const    0x00205dea     0x1  os_cfg_app.o [1]
  .rodata            const    0x00205deb     0x1  os_cfg_app.o [1]
  .rodata            const    0x00205dec     0x1  os_cfg_app.o [1]
  .rodata            const    0x00205ded     0x1  os_dbg.o [1]
  .rodata            const    0x00205dee     0x1  os_dbg.o [1]
  .rodata            const    0x00205def     0x1  os_dbg.o [1]
  .rodata            const    0x00205df0     0x1  os_dbg.o [1]
  .rodata            const    0x00205df1     0x1  os_dbg.o [1]
  .rodata            const    0x00205df2     0x1  os_dbg.o [1]
  .rodata            const    0x00205df3     0x1  os_dbg.o [1]
  .rodata            const    0x00205df4     0x1  os_dbg.o [1]
  .rodata            const    0x00205df5     0x1  os_dbg.o [1]
  .rodata            const    0x00205df6     0x1  os_dbg.o [1]
  .rodata            const    0x00205df7     0x1  os_dbg.o [1]
  .rodata            const    0x00205df8     0x1  os_dbg.o [1]
  .rodata            const    0x00205df9     0x1  os_dbg.o [1]
  .rodata            const    0x00205dfa     0x1  os_dbg.o [1]
  .rodata            const    0x00205dfb     0x1  os_dbg.o [1]
  .rodata            const    0x00205dfc     0x1  os_dbg.o [1]
  .rodata            const    0x00205dfd     0x1  os_dbg.o [1]
  .rodata            const    0x00205dfe     0x1  os_dbg.o [1]
  .rodata            const    0x00205dff     0x1  os_dbg.o [1]
  .rodata            const    0x00205e00     0x1  os_dbg.o [1]
  .rodata            const    0x00205e01     0x1  os_dbg.o [1]
  .rodata            const    0x00205e02     0x1  os_dbg.o [1]
  .rodata            const    0x00205e03     0x1  os_dbg.o [1]
  .rodata            const    0x00205e04     0x1  os_dbg.o [1]
  .rodata            const    0x00205e05     0x1  os_dbg.o [1]
  .rodata            const    0x00205e06     0x1  os_dbg.o [1]
  .rodata            const    0x00205e07     0x1  os_dbg.o [1]
  .rodata            const    0x00205e08     0x1  os_dbg.o [1]
  .rodata            const    0x00205e09     0x1  os_dbg.o [1]
  .rodata            const    0x00205e0a     0x1  os_dbg.o [1]
  .rodata            const    0x00205e0b     0x1  os_dbg.o [1]
  .rodata            const    0x00205e0c     0x1  os_dbg.o [1]
  .rodata            const    0x00205e0d     0x1  os_dbg.o [1]
  .rodata            const    0x00205e0e     0x1  os_dbg.o [1]
  .rodata            const    0x00205e0f     0x1  os_dbg.o [1]
  .rodata            const    0x00205e10     0x1  os_dbg.o [1]
  .rodata            const    0x00205e11     0x1  os_dbg.o [1]
  .rodata            const    0x00205e12     0x0  zero_init3.o [5]
  .rodata            const    0x00205e12     0x0  copy_init3.o [5]
  Initializer bytes  const    0x00205e14     0x4  <for P5 s0>
                            - 0x00205e18  0x5c20

"P4":                                     0x2000
  CSTACK                      0x20000000  0x2000  <Block>
    CSTACK           uninit   0x20000000  0x2000  <Block tail>
                            - 0x20002000  0x2000

"P5", part 1 of 2:                           0x4
  P5 s0                       0x20010000     0x4  <Init block>
    .data            inited   0x20010000     0x4  system_stm32f7xx.o [1]
                            - 0x20010004     0x4

"P5", part 2 of 2:                        0x36d8
  .bss               zero     0x20010004   0x800  app_main.o [1]
  .bss               zero     0x20010804   0x800  app_main.o [1]
  .bss               zero     0x20011004   0x400  app_main.o [1]
  .bss               zero     0x20011404   0x400  app_main.o [1]
  .bss               zero     0x20011804   0x400  app_main.o [1]
  .bss               zero     0x20011c04   0x400  lib_mem.o [1]
  .bss               zero     0x20012004   0x200  os_cfg_app.o [1]
  .bss               zero     0x20012204   0x200  os_cfg_app.o [1]
  .bss               zero     0x20012404   0x200  os_cfg_app.o [1]
  .bss               zero     0x20012604   0x200  os_cfg_app.o [1]
  .bss               zero     0x20012804   0x200  os_cfg_app.o [1]
  .bss               zero     0x20012a04   0x200  os_cfg_app.o [1]
  .bss               zero     0x20012c04   0x180  os_var.o [1]
  .bss               zero     0x20012d84    0xd4  app_main.o [1]
  .bss               zero     0x20012e58    0xd4  app_main.o [1]
  .bss               zero     0x20012f2c    0xd4  app_main.o [1]
  .bss               zero     0x20013000    0xd4  app_main.o [1]
  .bss               zero     0x200130d4    0xd4  app_main.o [1]
  .bss               zero     0x200131a8    0xd4  os_var.o [1]
  .bss               zero     0x2001327c    0xd4  os_var.o [1]
  .bss               zero     0x20013350    0xd4  os_var.o [1]
  .bss               zero     0x20013424    0xd4  os_var.o [1]
  .bss               zero     0x200134f8    0x30  app_main.o [1]
  .bss               zero     0x20013528    0x30  app_main.o [1]
  .bss               zero     0x20013558    0x30  os_var.o [1]
  .bss               zero     0x20013588    0x28  app_main.o [1]
  .bss               zero     0x200135b0    0x28  app_main.o [1]
  .bss               zero     0x200135d8    0x14  lib_mem.o [1]
  .bss               zero     0x200135ec    0x10  cpu_core.o [1]
  .bss               zero     0x200135fc     0xc  os_var.o [1]
  .bss               zero     0x20013608     0x8  os_var.o [1]
  .bss               zero     0x20013610     0x8  os_var.o [1]
  .bss               zero     0x20013618     0x4  cpu_core.o [1]
  .bss               zero     0x2001361c     0x4  cpu_core.o [1]
  .bss               zero     0x20013620     0x4  cpu_core.o [1]
  .bss               zero     0x20013624     0x4  cpu_core.o [1]
  .bss               zero     0x20013628     0x4  cpu_core.o [1]
  .bss               zero     0x2001362c     0x4  cpu_core.o [1]
  .bss               zero     0x20013630     0x4  lib_math.o [1]
  .bss               zero     0x20013634     0x4  lib_mem.o [1]
  .bss               zero     0x20013638     0x4  os_cpu_c.o [1]
  .bss               zero     0x2001363c     0x4  os_prio.o [1]
  .bss               zero     0x20013640     0x4  os_var.o [1]
  .bss               zero     0x20013644     0x4  os_var.o [1]
  .bss               zero     0x20013648     0x4  os_var.o [1]
  .bss               zero     0x2001364c     0x4  os_var.o [1]
  .bss               zero     0x20013650     0x4  os_var.o [1]
  .bss               zero     0x20013654     0x4  os_var.o [1]
  .bss               zero     0x20013658     0x4  os_var.o [1]
  .bss               zero     0x2001365c     0x4  os_var.o [1]
  .bss               zero     0x20013660     0x4  os_var.o [1]
  .bss               zero     0x20013664     0x4  os_var.o [1]
  .bss               zero     0x20013668     0x4  os_var.o [1]
  .bss               zero     0x2001366c     0x4  os_var.o [1]
  .bss               zero     0x20013670     0x4  os_var.o [1]
  .bss               zero     0x20013674     0x4  os_var.o [1]
  .bss               zero     0x20013678     0x4  os_var.o [1]
  .bss               zero     0x2001367c     0x4  os_var.o [1]
  .bss               zero     0x20013680     0x4  os_var.o [1]
  .bss               zero     0x20013684     0x4  os_var.o [1]
  .bss               zero     0x20013688     0x4  os_var.o [1]
  .bss               zero     0x2001368c     0x4  os_var.o [1]
  .bss               zero     0x20013690     0x4  os_var.o [1]
  .bss               zero     0x20013694     0x4  os_var.o [1]
  .bss               zero     0x20013698     0x4  os_var.o [1]
  .bss               zero     0x2001369c     0x4  os_var.o [1]
  .bss               zero     0x200136a0     0x4  os_var.o [1]
  .bss               zero     0x200136a4     0x4  os_var.o [1]
  .bss               zero     0x200136a8     0x4  os_var.o [1]
  .bss               zero     0x200136ac     0x4  os_var.o [1]
  .bss               zero     0x200136b0     0x4  os_var.o [1]
  .bss               zero     0x200136b4     0x4  os_var.o [1]
  .bss               zero     0x200136b8     0x4  stm32f7xx_hal.o [1]
  .bss               zero     0x200136bc     0x2  cpu_core.o [1]
  .bss               zero     0x200136be     0x2  cpu_core.o [1]
  .bss               zero     0x200136c0     0x2  os_var.o [1]
  .bss               zero     0x200136c2     0x2  os_var.o [1]
  .bss               zero     0x200136c4     0x2  os_var.o [1]
  .bss               zero     0x200136c6     0x2  os_var.o [1]
  .bss               zero     0x200136c8     0x2  os_var.o [1]
  .bss               zero     0x200136ca     0x2  os_var.o [1]
  .bss               zero     0x200136cc     0x2  os_var.o [1]
  .bss               zero     0x200136ce     0x2  os_var.o [1]
  .bss               zero     0x200136d0     0x2  os_var.o [1]
  .bss               zero     0x200136d2     0x1  os_var.o [1]
  .bss               zero     0x200136d3     0x1  os_var.o [1]
  .bss               zero     0x200136d4     0x1  os_var.o [1]
  .bss               zero     0x200136d5     0x1  os_var.o [1]
  .bss               zero     0x200136d6     0x1  os_var.o [1]
  .bss               zero     0x200136d7     0x1  os_var.o [1]
  .bss               zero     0x200136d8     0x1  os_var.o [1]
  .bss               zero     0x200136d9     0x1  os_var.o [1]
  .bss               zero     0x200136da     0x1  os_var.o [1]
                            - 0x200136db  0x36d7


*******************************************************************************
*** INIT TABLE
***

          Address     Size
          -------     ----
Zero (__iar_zero_init3)
    1 destination range, total size 0x36d7:
          0x20010004  0x36d7

Copy (__iar_copy_init3)
    1 source range, total size 0x4:
          0x00205e14     0x4
    1 destination range, total size 0x4:
          0x20010000     0x4



*******************************************************************************
*** MODULE SUMMARY
***

    Module                  ro code  ro data  rw data
    ------                  -------  -------  -------
D:\Apollo\ucosiii\Debug\Obj: [1]
    app_main.o                1 544      104    8 404
    bsp.o                        12
    bsp_clock.o                 164
    bsp_led.o                   104
    bsp_os.o                     36
    cpu_a.o                      52
    cpu_bsp.o                    92
    cpu_core.o                  440                44
    lib_math.o                  104                 4
    lib_mem.o                   256        8    1 048
    os_app_hooks.o              146
    os_cfg_app.o                  2       81    3 072
    os_core.o                 2 068       40
    os_cpu_a.o                  264
    os_cpu_c.o                  828                 4
    os_dbg.o                    400      345
    os_flag.o                 1 412
    os_mem.o                     28
    os_msg.o                    444
    os_mutex.o                1 126
    os_prio.o                   120                 4
    os_q.o                      884
    os_sem.o                    796
    os_stat.o                 1 344       20
    os_task.o                 2 384        8
    os_tick.o                 1 196       20
    os_time.o                   576
    os_tmr.o                    516       40
    os_var.o                                    1 455
    startup_stm32f767xx.o       956
    stm32f7xx_hal.o              58                 4
    stm32f7xx_hal_cortex.o       44
    stm32f7xx_hal_gpio.o        600
    stm32f7xx_hal_pwr_ex.o      136
    stm32f7xx_hal_rcc.o       1 884
    stm32f7xx_it.o               22
    system_stm32f7xx.o          108       28        4
    -------------------------------------------------
    Total:                   21 146      694   14 043

command line: [2]
    -------------------------------------------------
    Total:

dl7M_tlf.a: [3]
    exit.o                        4
    low_level_init.o              4
    -------------------------------------------------
    Total:                        8

m7M_tlv.a: [4]
    cos_sin64.o                 740
    exp64.o                      60
    fpinit_M.o                   34
    iar_Exp64.o                 908
    ldexp.o                     240
    -------------------------------------------------
    Total:                    1 982

rt7M_tl.a: [5]
    cexit.o                      10
    cmain.o                      26
    copy_init3.o                 44
    cstartup_M.o                 12
    data_init.o                  40
    zero_init3.o                 64
    -------------------------------------------------
    Total:                      196

shb_l.a: [6]
    exit.o                       20
    -------------------------------------------------
    Total:                       20

    Gaps                                   4
    Linker created                        38    8 192
-----------------------------------------------------
    Grand Total:             23 352      736   22 235


*******************************************************************************
*** ENTRY LIST
***

Entry                      Address   Size  Type      Object
-----                      -------   ----  ----      ------
.iar.init_table$$Base   0x002059ec          --   Gb  - Linker created -
.iar.init_table$$Limit  0x00205a10          --   Gb  - Linker created -
?main                   0x00205a35         Code  Gb  cmain.o [5]
AHBPrescTable           0x00205b3c   0x10  Data  Gb  system_stm32f7xx.o [1]
APBPrescTable           0x00205bbc    0x8  Data  Gb  system_stm32f7xx.o [1]
AppObjCreate            0x00203be1   0x42  Code  Lc  app_main.o [1]
AppTaskCreate           0x00203add  0x104  Code  Lc  app_main.o [1]
AppTaskEq0Fp            0x00203d0d  0x198  Code  Lc  app_main.o [1]
AppTaskEq0FpStk         0x20010004  0x800  Data  Lc  app_main.o [1]
AppTaskEq0FpTCB         0x20013000   0xd4  Data  Lc  app_main.o [1]
AppTaskEq1Fp            0x00203ea5  0x13e  Code  Lc  app_main.o [1]
AppTaskEq1FpStk         0x20010804  0x800  Data  Lc  app_main.o [1]
AppTaskEq1FpTCB         0x200130d4   0xd4  Data  Lc  app_main.o [1]
AppTaskObj0             0x00203c25   0x76  Code  Lc  app_main.o [1]
AppTaskObj0Stk          0x20011404  0x400  Data  Lc  app_main.o [1]
AppTaskObj0TCB          0x20012e58   0xd4  Data  Lc  app_main.o [1]
AppTaskObj1             0x00203c9d   0x70  Code  Lc  app_main.o [1]
AppTaskObj1Stk          0x20011804  0x400  Data  Lc  app_main.o [1]
AppTaskObj1TCB          0x20012f2c   0xd4  Data  Lc  app_main.o [1]
AppTaskObjFlag          0x200135b0   0x28  Data  Lc  app_main.o [1]
AppTaskObjMutex         0x200134f8   0x30  Data  Lc  app_main.o [1]
AppTaskObjQ             0x20013528   0x30  Data  Lc  app_main.o [1]
AppTaskObjSem           0x20013588   0x28  Data  Lc  app_main.o [1]
AppTaskStart            0x00203aa9   0x34  Code  Lc  app_main.o [1]
AppTaskStartStk         0x20011004  0x400  Data  Lc  app_main.o [1]
AppTaskStartTCB         0x20012d84   0xd4  Data  Lc  app_main.o [1]
App_OS_IdleTaskHook     0x00204145    0x2  Code  Gb  os_app_hooks.o [1]
App_OS_SetAllHooks      0x002040d9   0x50  Code  Gb  os_app_hooks.o [1]
App_OS_StatTaskHook     0x00204149    0x2  Code  Gb  os_app_hooks.o [1]
App_OS_TaskCreateHook   0x0020414d    0x8  Code  Gb  os_app_hooks.o [1]
App_OS_TaskDelHook      0x00204155    0x8  Code  Gb  os_app_hooks.o [1]
App_OS_TaskReturnHook   0x0020415d    0x8  Code  Gb  os_app_hooks.o [1]
App_OS_TaskSwHook       0x00204165    0x2  Code  Gb  os_app_hooks.o [1]
App_OS_TimeTickHook     0x00204169    0x2  Code  Gb  os_app_hooks.o [1]
BSP_ClkFreqGet          0x002031d7   0x30  Code  Gb  bsp_clock.o [1]
BSP_Init                0x0020416b    0xc  Code  Gb  bsp.o [1]
BSP_LED_Init            0x00204179   0x40  Code  Gb  bsp_led.o [1]
BSP_LED_Off             0x002041b9   0x10  Code  Gb  bsp_led.o [1]
BSP_LED_Toggle          0x002041c9    0xe  Code  Gb  bsp_led.o [1]
BSP_OSTickInit          0x002039ed    0xe  Code  Gb  bsp_os.o [1]
BSP_SystemClkCfg        0x00203163   0x74  Code  Gb  bsp_clock.o [1]
BusFault_Handler        0x00205aad    0x2  Code  Gb  stm32f7xx_it.o [1]
CPU_CntLeadZeros        0x002023af         Code  Gb  cpu_a.o [1]
CPU_CntTrailZeros       0x002023b5         Code  Gb  cpu_a.o [1]
CPU_Init                0x00201041   0x10  Code  Gb  cpu_core.o [1]
CPU_IntDis              0x00202391         Code  Gb  cpu_a.o [1]
CPU_IntDisMeasCtr       0x200136bc    0x2  Data  Gb  cpu_core.o [1]
CPU_IntDisMeasInit      0x0020114b   0x72  Code  Lc  cpu_core.o [1]
CPU_IntDisMeasMaxCalc   0x002011bd   0x14  Code  Lc  cpu_core.o [1]
CPU_IntDisMeasMaxCurGet
                        0x00201095   0x18  Code  Gb  cpu_core.o [1]
CPU_IntDisMeasMaxCurReset
                        0x0020107b   0x1a  Code  Gb  cpu_core.o [1]
CPU_IntDisMeasMaxCur_cnts
                        0x20013628    0x4  Data  Gb  cpu_core.o [1]
CPU_IntDisMeasMaxGet    0x002010ad   0x18  Code  Gb  cpu_core.o [1]
CPU_IntDisMeasMax_cnts  0x2001362c    0x4  Data  Gb  cpu_core.o [1]
CPU_IntDisMeasOvrhd_cnts
                        0x20013624    0x4  Data  Gb  cpu_core.o [1]
CPU_IntDisMeasStart     0x002010c5   0x28  Code  Gb  cpu_core.o [1]
CPU_IntDisMeasStart_cnts
                        0x2001361c    0x4  Data  Gb  cpu_core.o [1]
CPU_IntDisMeasStop      0x002010ed   0x40  Code  Gb  cpu_core.o [1]
CPU_IntDisMeasStop_cnts
                        0x20013620    0x4  Data  Gb  cpu_core.o [1]
CPU_IntDisNestCtr       0x200136be    0x2  Data  Gb  cpu_core.o [1]
CPU_IntEn               0x00202395         Code  Gb  cpu_a.o [1]
CPU_Name                0x200135ec   0x10  Data  Gb  cpu_core.o [1]
CPU_NameClr             0x00201053   0x22  Code  Gb  cpu_core.o [1]
CPU_NameInit            0x00201135    0x8  Code  Lc  cpu_core.o [1]
CPU_RevBits             0x002023bf         Code  Gb  cpu_a.o [1]
CPU_SR_Restore          0x002023a1         Code  Gb  cpu_a.o [1]
CPU_SR_Save             0x00202399         Code  Gb  cpu_a.o [1]
CPU_SW_Exception        0x00201051    0x2  Code  Gb  cpu_core.o [1]
CPU_StatReset           0x0020112d    0x8  Code  Gb  cpu_core.o [1]
CPU_TS_Init             0x0020113d    0xe  Code  Lc  cpu_core.o [1]
CPU_TS_TmrFreqSet       0x00201075    0x6  Code  Gb  cpu_core.o [1]
CPU_TS_TmrFreq_Hz       0x20013618    0x4  Data  Gb  cpu_core.o [1]
CPU_TS_TmrInit          0x00201a85   0x3e  Code  Gb  cpu_bsp.o [1]
CPU_TS_TmrRd            0x00201ac3    0x6  Code  Gb  cpu_bsp.o [1]
CPU_WaitForExcept       0x002023ab         Code  Gb  cpu_a.o [1]
CPU_WaitForInt          0x002023a7         Code  Gb  cpu_a.o [1]
CSTACK$$Base            0x20000000          --   Gb  - Linker created -
CSTACK$$Limit           0x20002000          --   Gb  - Linker created -
DebugMon_Handler        0x00205ab3    0x2  Code  Gb  stm32f7xx_it.o [1]
HAL_GPIO_Init           0x00205115  0x1fa  Code  Gb  stm32f7xx_hal_gpio.o [1]
HAL_GPIO_TogglePin      0x00205323    0xa  Code  Gb  stm32f7xx_hal_gpio.o [1]
HAL_GPIO_WritePin       0x0020530f   0x14  Code  Gb  stm32f7xx_hal_gpio.o [1]
HAL_GetTick             0x00203a07    0xa  Code  Gb  bsp_os.o [1]
HAL_IncTick             0x00205ac1   0x10  Code  Wk  stm32f7xx_hal.o [1]
HAL_Init                0x00204045   0x22  Code  Gb  stm32f7xx_hal.o [1]
HAL_InitTick            0x002039fb    0xc  Code  Gb  bsp_os.o [1]
HAL_NVIC_SetPriorityGrouping
                        0x00203a2d    0x8  Code  Gb  stm32f7xx_hal_cortex.o [1]
HAL_PWREx_EnableOverDrive
                        0x00203965   0x7a  Code  Gb  stm32f7xx_hal_pwr_ex.o [1]
HAL_RCC_ClockConfig     0x002036b7  0x1a2  Code  Gb  stm32f7xx_hal_rcc.o [1]
HAL_RCC_GetHCLKFreq     0x002038e5    0x6  Code  Gb  stm32f7xx_hal_rcc.o [1]
HAL_RCC_GetPCLK1Freq    0x002038eb   0x20  Code  Gb  stm32f7xx_hal_rcc.o [1]
HAL_RCC_GetPCLK2Freq    0x0020390b   0x20  Code  Gb  stm32f7xx_hal_rcc.o [1]
HAL_RCC_GetSysClockFreq
                        0x00203859   0x8c  Code  Gb  stm32f7xx_hal_rcc.o [1]
HAL_RCC_OscConfig       0x00203209  0x4ae  Code  Gb  stm32f7xx_hal_rcc.o [1]
HardFault_Handler       0x00205aab    0x2  Code  Gb  stm32f7xx_it.o [1]
Math_Init               0x00204071    0xa  Code  Gb  lib_math.o [1]
Math_Rand               0x00204099   0x28  Code  Gb  lib_math.o [1]
Math_RandSeed           0x002040c1   0x10  Code  Gb  lib_math.o [1]
Math_RandSeedCur        0x20013630    0x4  Data  Gb  lib_math.o [1]
Math_RandSetSeed        0x0020407b   0x1e  Code  Gb  lib_math.o [1]
Mem_Clr                 0x002022c9    0xc  Code  Gb  lib_mem.o [1]
Mem_Heap                0x20011c04  0x400  Data  Gb  lib_mem.o [1]
Mem_Init                0x00202291   0x38  Code  Gb  lib_mem.o [1]
Mem_SegCreate           0x0020231f   0x46  Code  Gb  lib_mem.o [1]
Mem_SegCreateCritical   0x00202365   0x1a  Code  Lc  lib_mem.o [1]
Mem_SegHeadPtr          0x20013634    0x4  Data  Gb  lib_mem.o [1]
Mem_SegHeap             0x200135d8   0x14  Data  Gb  lib_mem.o [1]
Mem_Set                 0x002022d5   0x4a  Code  Gb  lib_mem.o [1]
NMI_Handler             0x00205aa9    0x2  Code  Gb  stm32f7xx_it.o [1]
NVIC_SetPriorityGrouping
                        0x00203a11   0x1c  Code  Lc  stm32f7xx_hal_cortex.o [1]
OSCfg_ISRStk            0x20012204  0x200  Data  Gb  os_cfg_app.o [1]
OSCfg_ISRStkBasePtr     0x00205bd0    0x4  Data  Gb  os_cfg_app.o [1]
OSCfg_ISRStkSize        0x00205bd4    0x4  Data  Gb  os_cfg_app.o [1]
OSCfg_IdleTaskStk       0x20012004  0x200  Data  Gb  os_cfg_app.o [1]
OSCfg_IdleTaskStkBasePtr
                        0x00205bc4    0x4  Data  Gb  os_cfg_app.o [1]
OSCfg_IdleTaskStkLimit  0x00205bc8    0x4  Data  Gb  os_cfg_app.o [1]
OSCfg_IdleTaskStkSize   0x00205bcc    0x4  Data  Gb  os_cfg_app.o [1]
OSCfg_Init              0x00203161    0x2  Code  Gb  os_cfg_app.o [1]
OSCfg_MsgPool           0x20012404  0x200  Data  Gb  os_cfg_app.o [1]
OSCfg_MsgPoolBasePtr    0x00205bd8    0x4  Data  Gb  os_cfg_app.o [1]
OSCfg_MsgPoolSize       0x00202186    0x2  Data  Gb  os_cfg_app.o [1]
OSCfg_StatTaskPrio      0x00205dea    0x1  Data  Gb  os_cfg_app.o [1]
OSCfg_StatTaskRate_Hz   0x00205bdc    0x4  Data  Gb  os_cfg_app.o [1]
OSCfg_StatTaskStk       0x20012604  0x200  Data  Gb  os_cfg_app.o [1]
OSCfg_StatTaskStkBasePtr
                        0x00205be0    0x4  Data  Gb  os_cfg_app.o [1]
OSCfg_StatTaskStkLimit  0x00205be4    0x4  Data  Gb  os_cfg_app.o [1]
OSCfg_StatTaskStkSize   0x00205be8    0x4  Data  Gb  os_cfg_app.o [1]
OSCfg_StkSizeMin        0x00205bec    0x4  Data  Gb  os_cfg_app.o [1]
OSCfg_TickRate_Hz       0x00205bf0    0x4  Data  Gb  os_cfg_app.o [1]
OSCfg_TickTaskPrio      0x00205deb    0x1  Data  Gb  os_cfg_app.o [1]
OSCfg_TickTaskStk       0x20012804  0x200  Data  Gb  os_cfg_app.o [1]
OSCfg_TickTaskStkBasePtr
                        0x00205bf4    0x4  Data  Gb  os_cfg_app.o [1]
OSCfg_TickTaskStkLimit  0x00205bf8    0x4  Data  Gb  os_cfg_app.o [1]
OSCfg_TickTaskStkSize   0x00205bfc    0x4  Data  Gb  os_cfg_app.o [1]
OSCfg_TmrTaskPrio       0x00205dec    0x1  Data  Gb  os_cfg_app.o [1]
OSCfg_TmrTaskRate_Hz    0x00205c00    0x4  Data  Gb  os_cfg_app.o [1]
OSCfg_TmrTaskStk        0x20012a04  0x200  Data  Gb  os_cfg_app.o [1]
OSCfg_TmrTaskStkBasePtr
                        0x00205c04    0x4  Data  Gb  os_cfg_app.o [1]
OSCfg_TmrTaskStkLimit   0x00205c08    0x4  Data  Gb  os_cfg_app.o [1]
OSCfg_TmrTaskStkSize    0x00205c0c    0x4  Data  Gb  os_cfg_app.o [1]
OSCtxSw                 0x00202221         Code  Gb  os_cpu_a.o [1]
OSDbg_AppHooksEn        0x00205def    0x1  Data  Gb  os_dbg.o [1]
OSDbg_ArgChkEn          0x00205dee    0x1  Data  Gb  os_dbg.o [1]
OSDbg_CalledFromISRChkEn
                        0x00205df0    0x1  Data  Gb  os_dbg.o [1]
OSDbg_DataSize          0x00205c18    0x4  Data  Gb  os_dbg.o [1]
OSDbg_DbgEn             0x00205ded    0x1  Data  Gb  os_dbg.o [1]
OSDbg_EndiannessTest    0x00205c10    0x4  Data  Gb  os_dbg.o [1]
OSDbg_FlagDelEn         0x00205df2    0x1  Data  Gb  os_dbg.o [1]
OSDbg_FlagEn            0x00205df1    0x1  Data  Gb  os_dbg.o [1]
OSDbg_FlagGrp           0x00205950   0x28  Data  Gb  os_dbg.o [1]
OSDbg_FlagGrpSize       0x00203206    0x2  Data  Gb  os_dbg.o [1]
OSDbg_FlagModeClrEn     0x00205df3    0x1  Data  Gb  os_dbg.o [1]
OSDbg_FlagPendAbortEn   0x00205df4    0x1  Data  Gb  os_dbg.o [1]
OSDbg_FlagWidth         0x0020406e    0x2  Data  Gb  os_dbg.o [1]
OSDbg_Mem               0x00205a14   0x20  Data  Gb  os_dbg.o [1]
OSDbg_MemEn             0x00205df5    0x1  Data  Gb  os_dbg.o [1]
OSDbg_MemSize           0x00204176    0x2  Data  Gb  os_dbg.o [1]
OSDbg_MsgEn             0x00205df6    0x1  Data  Gb  os_dbg.o [1]
OSDbg_MsgPoolSize       0x00205a56    0x2  Data  Gb  os_dbg.o [1]
OSDbg_MsgQSize          0x00205a62    0x2  Data  Gb  os_dbg.o [1]
OSDbg_MsgSize           0x00205a10    0x2  Data  Gb  os_dbg.o [1]
OSDbg_Mutex             0x00205894   0x30  Data  Gb  os_dbg.o [1]
OSDbg_MutexDelEn        0x00205df8    0x1  Data  Gb  os_dbg.o [1]
OSDbg_MutexEn           0x00205df7    0x1  Data  Gb  os_dbg.o [1]
OSDbg_MutexPendAbortEn  0x00205df9    0x1  Data  Gb  os_dbg.o [1]
OSDbg_MutexSize         0x00205abe    0x2  Data  Gb  os_dbg.o [1]
OSDbg_ObjTypeChkEn      0x00205dfa    0x1  Data  Gb  os_dbg.o [1]
OSDbg_PendListSize      0x00205dd0    0x2  Data  Gb  os_dbg.o [1]
OSDbg_PendObjSize       0x00205dd2    0x2  Data  Gb  os_dbg.o [1]
OSDbg_PrioMax           0x00205dd4    0x2  Data  Gb  os_dbg.o [1]
OSDbg_PrioTblSize       0x00205dd6    0x2  Data  Gb  os_dbg.o [1]
OSDbg_PtrSize           0x00205dd8    0x2  Data  Gb  os_dbg.o [1]
OSDbg_Q                 0x002058c4   0x30  Data  Gb  os_dbg.o [1]
OSDbg_QDelEn            0x00205dfc    0x1  Data  Gb  os_dbg.o [1]
OSDbg_QEn               0x00205dfb    0x1  Data  Gb  os_dbg.o [1]
OSDbg_QFlushEn          0x00205dfd    0x1  Data  Gb  os_dbg.o [1]
OSDbg_QPendAbortEn      0x00205dfe    0x1  Data  Gb  os_dbg.o [1]
OSDbg_QSize             0x00205dda    0x2  Data  Gb  os_dbg.o [1]
OSDbg_RdyList           0x00205dde    0x2  Data  Gb  os_dbg.o [1]
OSDbg_RdyListSize       0x00205c14    0x4  Data  Gb  os_dbg.o [1]
OSDbg_SchedRoundRobinEn
                        0x00205dff    0x1  Data  Gb  os_dbg.o [1]
OSDbg_Sem               0x00205978   0x28  Data  Gb  os_dbg.o [1]
OSDbg_SemDelEn          0x00205e01    0x1  Data  Gb  os_dbg.o [1]
OSDbg_SemEn             0x00205e00    0x1  Data  Gb  os_dbg.o [1]
OSDbg_SemPendAbortEn    0x00205e02    0x1  Data  Gb  os_dbg.o [1]
OSDbg_SemSetEn          0x00205e03    0x1  Data  Gb  os_dbg.o [1]
OSDbg_SemSize           0x00205ddc    0x2  Data  Gb  os_dbg.o [1]
OSDbg_StatTaskEn        0x00205e05    0x1  Data  Gb  os_dbg.o [1]
OSDbg_StatTaskStkChkEn  0x00205e06    0x1  Data  Gb  os_dbg.o [1]
OSDbg_StkWidth          0x00205e04    0x1  Data  Gb  os_dbg.o [1]
OSDbg_TCBSize           0x00205de2    0x2  Data  Gb  os_dbg.o [1]
OSDbg_TaskChangePrioEn  0x00205e07    0x1  Data  Gb  os_dbg.o [1]
OSDbg_TaskDelEn         0x00205e08    0x1  Data  Gb  os_dbg.o [1]
OSDbg_TaskProfileEn     0x00205e0b    0x1  Data  Gb  os_dbg.o [1]
OSDbg_TaskQEn           0x00205e09    0x1  Data  Gb  os_dbg.o [1]
OSDbg_TaskQPendAbortEn  0x00205e0a    0x1  Data  Gb  os_dbg.o [1]
OSDbg_TaskRegTblSize    0x00205de0    0x2  Data  Gb  os_dbg.o [1]
OSDbg_TaskSemPendAbortEn
                        0x00205e0c    0x1  Data  Gb  os_dbg.o [1]
OSDbg_TaskSuspendEn     0x00205e0d    0x1  Data  Gb  os_dbg.o [1]
OSDbg_TickListSize      0x00205de4    0x2  Data  Gb  os_dbg.o [1]
OSDbg_TimeDlyHMSMEn     0x00205e0e    0x1  Data  Gb  os_dbg.o [1]
OSDbg_TimeDlyResumeEn   0x00205e0f    0x1  Data  Gb  os_dbg.o [1]
OSDbg_Tmr               0x002058f4   0x30  Data  Gb  os_dbg.o [1]
OSDbg_TmrDelEn          0x00205e11    0x1  Data  Gb  os_dbg.o [1]
OSDbg_TmrEn             0x00205e10    0x1  Data  Gb  os_dbg.o [1]
OSDbg_TmrSize           0x00205de6    0x2  Data  Gb  os_dbg.o [1]
OSDbg_VersionNbr        0x00205de8    0x2  Data  Gb  os_dbg.o [1]
OSFlagCreate            0x00204871   0x72  Code  Gb  os_flag.o [1]
OSFlagDbgListPtr        0x20013664    0x4  Data  Gb  os_var.o [1]
OSFlagPend              0x002048e3  0x324  Code  Gb  os_flag.o [1]
OSFlagPost              0x00204c07  0x12e  Code  Gb  os_flag.o [1]
OSFlagQty               0x200136c0    0x2  Data  Gb  os_var.o [1]
OSIdleTaskCtr           0x2001365c    0x4  Data  Gb  os_var.o [1]
OSIdleTaskHook          0x00200b49   0x12  Code  Gb  os_cpu_c.o [1]
OSIdleTaskTCB           0x200131a8   0xd4  Data  Gb  os_var.o [1]
OSInit                  0x00201271  0x14c  Code  Gb  os_core.o [1]
OSInitHook              0x00200b5b   0x2e  Code  Gb  os_cpu_c.o [1]
OSInitialized           0x200136d4    0x1  Data  Gb  os_var.o [1]
OSIntCtxSw              0x00202229         Code  Gb  os_cpu_a.o [1]
OSIntDisTimeMax         0x20013660    0x4  Data  Gb  os_var.o [1]
OSIntNestingCtr         0x200136d2    0x1  Data  Gb  os_var.o [1]
OSMemDbgListPtr         0x20013668    0x4  Data  Gb  os_var.o [1]
OSMemQty                0x200136c2    0x2  Data  Gb  os_var.o [1]
OSMsgPool               0x200135fc    0xc  Data  Gb  os_var.o [1]
OSMutexCreate           0x00201d21   0x76  Code  Gb  os_mutex.o [1]
OSMutexDbgListPtr       0x2001366c    0x4  Data  Gb  os_var.o [1]
OSMutexPend             0x00201d97  0x1d6  Code  Gb  os_mutex.o [1]
OSMutexPost             0x00201f6d  0x17a  Code  Gb  os_mutex.o [1]
OSMutexQty              0x200136c4    0x2  Data  Gb  os_var.o [1]
OSPrioCur               0x200136d5    0x1  Data  Gb  os_var.o [1]
OSPrioHighRdy           0x200136d6    0x1  Data  Gb  os_var.o [1]
OSPrioTbl               0x2001363c    0x4  Data  Gb  os_prio.o [1]
OSQCreate               0x002044fd   0x86  Code  Gb  os_q.o [1]
OSQDbgListPtr           0x20013670    0x4  Data  Gb  os_var.o [1]
OSQPend                 0x00204583  0x1ae  Code  Gb  os_q.o [1]
OSQPost                 0x00204731   0xfc  Code  Gb  os_q.o [1]
OSQQty                  0x200136c6    0x2  Data  Gb  os_var.o [1]
OSRdyList               0x20012c04  0x180  Data  Gb  os_var.o [1]
OSRunning               0x200136d3    0x1  Data  Gb  os_var.o [1]
OSSched                 0x002013bd   0x86  Code  Gb  os_core.o [1]
OSSchedLock             0x00201443   0x62  Code  Gb  os_core.o [1]
OSSchedLockNestingCtr   0x200136d7    0x1  Data  Gb  os_var.o [1]
OSSchedUnlock           0x002014a5   0x80  Code  Gb  os_core.o [1]
OSSemCreate             0x002041e1   0x72  Code  Gb  os_sem.o [1]
OSSemDbgListPtr         0x20013674    0x4  Data  Gb  os_var.o [1]
OSSemPend               0x00204253  0x180  Code  Gb  os_sem.o [1]
OSSemPost               0x002043d3   0xe6  Code  Gb  os_sem.o [1]
OSSemQty                0x200136c8    0x2  Data  Gb  os_var.o [1]
OSStart                 0x00201525   0x92  Code  Gb  os_core.o [1]
OSStartHighRdy          0x002021a7         Code  Gb  os_cpu_a.o [1]
OSStatReset             0x0020288d   0xfe  Code  Gb  os_stat.o [1]
OSStatResetFlag         0x200136d8    0x1  Data  Gb  os_var.o [1]
OSStatTaskCPUUsage      0x200136ca    0x2  Data  Gb  os_var.o [1]
OSStatTaskCPUUsageInit  0x0020298b   0xdc  Code  Gb  os_stat.o [1]
OSStatTaskCPUUsageMax   0x200136cc    0x2  Data  Gb  os_var.o [1]
OSStatTaskCtr           0x20013678    0x4  Data  Gb  os_var.o [1]
OSStatTaskCtrMax        0x2001367c    0x4  Data  Gb  os_var.o [1]
OSStatTaskCtrRun        0x20013680    0x4  Data  Gb  os_var.o [1]
OSStatTaskHook          0x00200b89   0x12  Code  Gb  os_cpu_c.o [1]
OSStatTaskRdy           0x200136d9    0x1  Data  Gb  os_var.o [1]
OSStatTaskTCB           0x2001327c   0xd4  Data  Gb  os_var.o [1]
OSStatTaskTimeMax       0x20013684    0x4  Data  Gb  os_var.o [1]
OSTCBCurPtr             0x200136b0    0x4  Data  Gb  os_var.o [1]
OSTCBHighRdyPtr         0x200136b4    0x4  Data  Gb  os_var.o [1]
OSTaskCreate            0x002001f9  0x1aa  Code  Gb  os_task.o [1]
OSTaskCreateHook        0x00200b9b   0x12  Code  Gb  os_cpu_c.o [1]
OSTaskCtxSwCtr          0x20013688    0x4  Data  Gb  os_var.o [1]
OSTaskDbgListPtr        0x2001368c    0x4  Data  Gb  os_var.o [1]
OSTaskQty               0x200136ce    0x2  Data  Gb  os_var.o [1]
OSTaskRegNextAvailID    0x200136da    0x1  Data  Gb  os_var.o [1]
OSTaskResume            0x002003a3  0x126  Code  Gb  os_task.o [1]
OSTaskReturnHook        0x00200bad   0x12  Code  Gb  os_cpu_c.o [1]
OSTaskSemPend           0x002004c9  0x1e8  Code  Gb  os_task.o [1]
OSTaskStkChk            0x002006b1   0xb2  Code  Gb  os_task.o [1]
OSTaskStkInit           0x00200bbf  0x160  Code  Gb  os_cpu_c.o [1]
OSTaskSuspend           0x00200771  0x140  Code  Gb  os_task.o [1]
OSTaskSwHook            0x00200d1f   0x82  Code  Gb  os_cpu_c.o [1]
OSTickCtr               0x20013690    0x4  Data  Gb  os_var.o [1]
OSTickListDly           0x20013608    0x8  Data  Gb  os_var.o [1]
OSTickListTimeout       0x20013610    0x8  Data  Gb  os_var.o [1]
OSTickTaskTCB           0x20013350   0xd4  Data  Gb  os_var.o [1]
OSTickTaskTimeMax       0x20013694    0x4  Data  Gb  os_var.o [1]
OSTimeDly               0x00201ae1   0x94  Code  Gb  os_time.o [1]
OSTimeDlyHMSM           0x00201b75  0x172  Code  Gb  os_time.o [1]
OSTimeGet               0x00201ce7   0x24  Code  Gb  os_time.o [1]
OSTmrDbgListPtr         0x20013698    0x4  Data  Gb  os_var.o [1]
OSTmrListEntries        0x200136d0    0x2  Data  Gb  os_var.o [1]
OSTmrListPtr            0x2001369c    0x4  Data  Gb  os_var.o [1]
OSTmrMutex              0x20013558   0x30  Data  Gb  os_var.o [1]
OSTmrTaskTCB            0x20013424   0xd4  Data  Gb  os_var.o [1]
OSTmrTaskTimeMax        0x200136a0    0x4  Data  Gb  os_var.o [1]
OSTmrTickCtr            0x200136a4    0x4  Data  Gb  os_var.o [1]
OSTmrUpdateCnt          0x200136a8    0x4  Data  Gb  os_var.o [1]
OSTmrUpdateCtr          0x200136ac    0x4  Data  Gb  os_var.o [1]
OS_AppIdleTaskHookPtr   0x2001364c    0x4  Data  Gb  os_var.o [1]
OS_AppStatTaskHookPtr   0x20013650    0x4  Data  Gb  os_var.o [1]
OS_AppTaskCreateHookPtr
                        0x20013640    0x4  Data  Gb  os_var.o [1]
OS_AppTaskDelHookPtr    0x20013644    0x4  Data  Gb  os_var.o [1]
OS_AppTaskReturnHookPtr
                        0x20013648    0x4  Data  Gb  os_var.o [1]
OS_AppTaskSwHookPtr     0x20013654    0x4  Data  Gb  os_var.o [1]
OS_AppTimeTickHookPtr   0x20013658    0x4  Data  Gb  os_var.o [1]
OS_CPU_ExceptStkBase    0x20013638    0x4  Data  Gb  os_cpu_c.o [1]
OS_CPU_FP_Reg_Pop       0x0020219b         Code  Gb  os_cpu_a.o [1]
OS_CPU_FP_Reg_Push      0x00202189         Code  Gb  os_cpu_a.o [1]
OS_CPU_PendSVHandler    0x00202231         Code  Gb  os_cpu_a.o [1]
OS_CPU_SysTickInit      0x00200db1   0x2c  Code  Gb  os_cpu_c.o [1]
OS_CPU_SysTickInitFreq  0x00200da1   0x10  Code  Gb  os_cpu_c.o [1]
OS_Dbg_Init             0x00202fd1  0x190  Code  Gb  os_dbg.o [1]
OS_FlagBlock            0x00204d35   0x26  Code  Gb  os_flag.o [1]
OS_FlagDbgListAdd       0x00204d5b   0x28  Code  Gb  os_flag.o [1]
OS_FlagTaskRdy          0x00204da1   0x54  Code  Gb  os_flag.o [1]
OS_IdleTask             0x002015b7   0x38  Code  Gb  os_core.o [1]
OS_IdleTaskInit         0x002015ef   0x50  Code  Gb  os_core.o [1]
OS_MemInit              0x002023c5   0x12  Code  Gb  os_mem.o [1]
OS_MsgPoolInit          0x00200e85   0x8a  Code  Gb  os_msg.o [1]
OS_MsgQGet              0x00200f23   0x70  Code  Gb  os_msg.o [1]
OS_MsgQInit             0x00200f0f   0x14  Code  Gb  os_msg.o [1]
OS_MsgQPut              0x00200f93   0xa2  Code  Gb  os_msg.o [1]
OS_MutexDbgListAdd      0x002020e7   0x28  Code  Gb  os_mutex.o [1]
OS_MutexGrpAdd          0x00202131    0x8  Code  Gb  os_mutex.o [1]
OS_MutexGrpPrioFindHighest
                        0x0020214f   0x38  Code  Gb  os_mutex.o [1]
OS_MutexGrpRemove       0x00202139   0x16  Code  Gb  os_mutex.o [1]
OS_Pend                 0x0020163f   0x5a  Code  Gb  os_core.o [1]
OS_PendDbgNameAdd       0x00201699   0x40  Code  Gb  os_core.o [1]
OS_PendDbgNameRemove    0x002016d9   0x20  Code  Gb  os_core.o [1]
OS_PendListChangePrio   0x002016f9   0x24  Code  Gb  os_core.o [1]
OS_PendListInit         0x0020171d    0xe  Code  Gb  os_core.o [1]
OS_PendListInsertPrio   0x0020172b   0x72  Code  Gb  os_core.o [1]
OS_PendListRemove       0x0020179d   0x5a  Code  Gb  os_core.o [1]
OS_Post                 0x002017f7   0xaa  Code  Gb  os_core.o [1]
OS_PrioGetHighest       0x0020120d   0x14  Code  Gb  os_prio.o [1]
OS_PrioInit             0x002011f9   0x14  Code  Gb  os_prio.o [1]
OS_PrioInsert           0x00201221   0x24  Code  Gb  os_prio.o [1]
OS_PrioRemove           0x00201245   0x26  Code  Gb  os_prio.o [1]
OS_QDbgListAdd          0x0020482d   0x28  Code  Gb  os_q.o [1]
OS_RdyListInit          0x002018a1   0x22  Code  Gb  os_core.o [1]
OS_RdyListInsert        0x002018c3   0x28  Code  Gb  os_core.o [1]
OS_RdyListInsertHead    0x002018eb   0x3a  Code  Gb  os_core.o [1]
OS_RdyListInsertTail    0x00201925   0x38  Code  Gb  os_core.o [1]
OS_RdyListRemove        0x00201961   0x5c  Code  Gb  os_core.o [1]
OS_SemDbgListAdd        0x002044b9   0x28  Code  Gb  os_sem.o [1]
OS_StatTask             0x00202a67  0x262  Code  Gb  os_stat.o [1]
OS_StatTaskInit         0x00202cc9   0x90  Code  Gb  os_stat.o [1]
OS_TaskBlock            0x002019bd   0x28  Code  Gb  os_core.o [1]
OS_TaskChangePrio       0x00200a49   0xe0  Code  Gb  os_task.o [1]
OS_TaskDbgListAdd       0x002008b5   0x2c  Code  Gb  os_task.o [1]
OS_TaskInit             0x002008e1   0x18  Code  Gb  os_task.o [1]
OS_TaskInitTCB          0x00200901  0x12c  Code  Gb  os_task.o [1]
OS_TaskReturn           0x00200a2d   0x18  Code  Gb  os_task.o [1]
OS_TickListInsert       0x002024ff   0x8c  Code  Gb  os_tick.o [1]
OS_TickListInsertDly    0x0020258b   0x90  Code  Gb  os_tick.o [1]
OS_TickListRemove       0x0020261b   0x70  Code  Gb  os_tick.o [1]
OS_TickListUpdateDly    0x0020268b   0xa6  Code  Lc  os_tick.o [1]
OS_TickListUpdateTimeout
                        0x00202731  0x128  Code  Lc  os_tick.o [1]
OS_TickTask             0x002023e1   0x5e  Code  Gb  os_tick.o [1]
OS_TickTaskInit         0x0020243f   0xc0  Code  Gb  os_tick.o [1]
OS_TmrInit              0x00202dcd   0xd4  Code  Gb  os_tmr.o [1]
OS_TmrLock              0x00202f67   0x14  Code  Lc  os_tmr.o [1]
OS_TmrTask              0x00202ee1   0x86  Code  Gb  os_tmr.o [1]
OS_TmrUnlink            0x00202ea1   0x3e  Code  Gb  os_tmr.o [1]
OS_TmrUnlock            0x00202f7b    0xe  Code  Lc  os_tmr.o [1]
PendSV_Handler          0x00205ab5    0x2  Code  Gb  stm32f7xx_it.o [1]
Region$$Table$$Base     0x002059ec          --   Gb  - Linker created -
Region$$Table$$Limit    0x00205a10          --   Gb  - Linker created -
SVC_Handler             0x00205ab1    0x2  Code  Gb  stm32f7xx_it.o [1]
SysTick_Handler         0x00205ab7    0x8  Code  Gb  stm32f7xx_it.o [1]
SystemCoreClock         0x20010000    0x4  Data  Gb  system_stm32f7xx.o [1]
SystemInit              0x002057e9   0x4c  Code  Gb  system_stm32f7xx.o [1]
UsageFault_Handler      0x00205aaf    0x2  Code  Gb  stm32f7xx_it.o [1]
__cmain                 0x00205a35         Code  Gb  cmain.o [5]
__exit                  0x00205a65   0x14  Code  Gb  exit.o [6]
__iar_Exp64             0x0020536d  0x38c  Code  Gb  iar_Exp64.o [4]
__iar_Sin64             0x00204e31  0x22c  Code  Lc  cos_sin64.o [4]
__iar_copy_init3        0x00205925   0x2c  Code  Gb  copy_init3.o [5]
__iar_cos64             0x0020510d    0x4  Code  Gb  cos_sin64.o [4]
__iar_cos_medium        0x0020510d    0x4  Code  Gb  cos_sin64.o [4]
__iar_cos_medium64      0x0020510d    0x4  Code  Gb  cos_sin64.o [4]
__iar_cos_mediuml       0x0020510d    0x4  Code  Gb  cos_sin64.o [4]
__iar_data_init3        0x002059a1   0x28  Code  Gb  data_init.o [5]
__iar_exp64             0x00204df5   0x3c  Code  Gb  exp64.o [4]
__iar_exp_medium        0x00204df5   0x3c  Code  Gb  exp64.o [4]
__iar_exp_medium64      0x00204df5   0x3c  Code  Gb  exp64.o [4]
__iar_exp_mediuml       0x00204df5   0x3c  Code  Gb  exp64.o [4]
__iar_init_vfp          0x002059c9         Code  Gb  fpinit_M.o [4]
__iar_ldexp64           0x002056f9         Code  Gb  ldexp.o [4]
__iar_program_start     0x00205b99         Code  Gb  cstartup_M.o [5]
__iar_scalbln64         0x002056f9         Code  Gb  ldexp.o [4]
__iar_scalbn64          0x002056f9         Code  Gb  ldexp.o [4]
__iar_sin64             0x00205111    0x4  Code  Gb  cos_sin64.o [4]
__iar_sin_medium        0x00205111    0x4  Code  Gb  cos_sin64.o [4]
__iar_sin_medium64      0x00205111    0x4  Code  Gb  cos_sin64.o [4]
__iar_sin_mediuml       0x00205111    0x4  Code  Gb  cos_sin64.o [4]
__iar_systems$$module {Abs}
                        0x00000001         Data  Gb  command line/config [2]
__iar_zero_init3        0x00205855   0x40  Code  Gb  zero_init3.o [5]
__low_level_init        0x00205a4f    0x4  Code  Gb  low_level_init.o [3]
__vector_table          0x00200000         Data  Gb  startup_stm32f767xx.o [1]
_call_main              0x00205a41         Code  Gb  cmain.o [5]
_exit                   0x00205a59         Code  Gb  cexit.o [5]
_main                   0x00205a4b         Code  Gb  cmain.o [5]
cos                     0x0020510d    0x4  Code  Gb  cos_sin64.o [4]
cosl                    0x0020510d    0x4  Code  Gb  cos_sin64.o [4]
exit                    0x00205a53    0x4  Code  Gb  exit.o [3]
exp                     0x00204df5   0x3c  Code  Gb  exp64.o [4]
expl                    0x00204df5   0x3c  Code  Gb  exp64.o [4]
ldexp                   0x002056f9         Code  Gb  ldexp.o [4]
ldexpl                  0x002056f9         Code  Gb  ldexp.o [4]
main                    0x00203a3d   0x6c  Code  Gb  app_main.o [1]
scalbln                 0x002056f9         Code  Gb  ldexp.o [4]
scalblnl                0x002056f9         Code  Gb  ldexp.o [4]
scalbn                  0x002056f9         Code  Gb  ldexp.o [4]
scalbnl                 0x002056f9         Code  Gb  ldexp.o [4]
sin                     0x00205111    0x4  Code  Gb  cos_sin64.o [4]
sinl                    0x00205111    0x4  Code  Gb  cos_sin64.o [4]
uwTick                  0x200136b8    0x4  Data  Gb  stm32f7xx_hal.o [1]


[1] = D:\Apollo\ucosiii\Debug\Obj
[2] = command line
[3] = dl7M_tlf.a
[4] = m7M_tlv.a
[5] = rt7M_tl.a
[6] = shb_l.a

  23 352 bytes of readonly  code memory
     736 bytes of readonly  data memory
  22 235 bytes of readwrite data memory

Errors: none
Warnings: none
