###############################################################################
#
# IAR ELF Linker V8.11.1.13263/W32 for ARM                05/May/2017  20:19:42
# Copyright 2007-2017 IAR Systems AB.
#
#    Output file  =  D:\Apollo\ucosiii\Debug\Exe\ucosiii-f767.out
#    Map file     =  D:\Apollo\ucosiii\Debug\List\ucosiii-f767.map
#    Command line =  
#        -f C:\Users\iysheng\AppData\Local\Temp\EW5D0D.tmp
#        (D:\Apollo\ucosiii\Debug\Obj\apollo.o
#        D:\Apollo\ucosiii\Debug\Obj\app_main.o
#        D:\Apollo\ucosiii\Debug\Obj\bsp.o
#        D:\Apollo\ucosiii\Debug\Obj\bsp_clock.o
#        D:\Apollo\ucosiii\Debug\Obj\bsp_led.o
#        D:\Apollo\ucosiii\Debug\Obj\bsp_os.o
#        D:\Apollo\ucosiii\Debug\Obj\cpu_a.o
#        D:\Apollo\ucosiii\Debug\Obj\cpu_bsp.o
#        D:\Apollo\ucosiii\Debug\Obj\cpu_c.o
#        D:\Apollo\ucosiii\Debug\Obj\cpu_cache_armv7m_generic_l1.o
#        D:\Apollo\ucosiii\Debug\Obj\cpu_core.o
#        D:\Apollo\ucosiii\Debug\Obj\lib_ascii.o
#        D:\Apollo\ucosiii\Debug\Obj\lib_math.o
#        D:\Apollo\ucosiii\Debug\Obj\lib_mem.o
#        D:\Apollo\ucosiii\Debug\Obj\lib_mem_a.o
#        D:\Apollo\ucosiii\Debug\Obj\lib_str.o
#        D:\Apollo\ucosiii\Debug\Obj\os_app_hooks.o
#        D:\Apollo\ucosiii\Debug\Obj\os_cfg_app.o
#        D:\Apollo\ucosiii\Debug\Obj\os_core.o
#        D:\Apollo\ucosiii\Debug\Obj\os_cpu_a.o
#        D:\Apollo\ucosiii\Debug\Obj\os_cpu_c.o
#        D:\Apollo\ucosiii\Debug\Obj\os_dbg.o
#        D:\Apollo\ucosiii\Debug\Obj\os_flag.o
#        D:\Apollo\ucosiii\Debug\Obj\os_mem.o
#        D:\Apollo\ucosiii\Debug\Obj\os_mon.o
#        D:\Apollo\ucosiii\Debug\Obj\os_msg.o
#        D:\Apollo\ucosiii\Debug\Obj\os_mutex.o
#        D:\Apollo\ucosiii\Debug\Obj\os_prio.o
#        D:\Apollo\ucosiii\Debug\Obj\os_q.o
#        D:\Apollo\ucosiii\Debug\Obj\os_sem.o
#        D:\Apollo\ucosiii\Debug\Obj\os_stat.o
#        D:\Apollo\ucosiii\Debug\Obj\os_task.o
#        D:\Apollo\ucosiii\Debug\Obj\os_tick.o
#        D:\Apollo\ucosiii\Debug\Obj\os_time.o
#        D:\Apollo\ucosiii\Debug\Obj\os_tmr.o
#        D:\Apollo\ucosiii\Debug\Obj\os_var.o D:\Apollo\ucosiii\Debug\Obj\rgb.o
#        D:\Apollo\ucosiii\Debug\Obj\startup_stm32f767xx.o
#        D:\Apollo\ucosiii\Debug\Obj\stm32f7xx_hal.o
#        D:\Apollo\ucosiii\Debug\Obj\stm32f7xx_hal_adc.o
#        D:\Apollo\ucosiii\Debug\Obj\stm32f7xx_hal_cortex.o
#        D:\Apollo\ucosiii\Debug\Obj\stm32f7xx_hal_dma.o
#        D:\Apollo\ucosiii\Debug\Obj\stm32f7xx_hal_gpio.o
#        D:\Apollo\ucosiii\Debug\Obj\stm32f7xx_hal_ltdc.o
#        D:\Apollo\ucosiii\Debug\Obj\stm32f7xx_hal_pwr_ex.o
#        D:\Apollo\ucosiii\Debug\Obj\stm32f7xx_hal_rcc.o
#        D:\Apollo\ucosiii\Debug\Obj\stm32f7xx_hal_rcc_ex.o
#        D:\Apollo\ucosiii\Debug\Obj\stm32f7xx_hal_sdram.o
#        D:\Apollo\ucosiii\Debug\Obj\stm32f7xx_hal_tim.o
#        D:\Apollo\ucosiii\Debug\Obj\stm32f7xx_hal_tim_ex.o
#        D:\Apollo\ucosiii\Debug\Obj\stm32f7xx_hal_uart.o
#        D:\Apollo\ucosiii\Debug\Obj\stm32f7xx_it.o
#        D:\Apollo\ucosiii\Debug\Obj\stm32f7xx_ll_fmc.o
#        D:\Apollo\ucosiii\Debug\Obj\system_stm32f7xx.o
#        D:\Apollo\ucosiii\Debug\Obj\touch.o -o
#        D:\Apollo\ucosiii\Debug\Exe\ucosiii-f767.out --map
#        D:\Apollo\ucosiii\Debug\List\ucosiii-f767.map --config "D:\Program
#        Files (x86)\IAR Systems\Embedded Workbench
#        8.0\arm\config\linker\ST\stm32f767xG.icf" --semihosting --entry
#        __iar_program_start --vfe --text_out locale)
#
###############################################################################

*******************************************************************************
*** RUNTIME MODEL ATTRIBUTES
***

CppFlavor       = *
__SystemLibrary = DLib
__dlib_version  = 6


*******************************************************************************
*** HEAP SELECTION
***

The basic heap was selected because no calls to memory allocation
functions were found in the application outside of system library
functions, and there are calls to deallocation functions in the
application.


*******************************************************************************
*** PLACEMENT SUMMARY
***

"A0":  place at 0x00200000 { ro section .intvec };
"P1":  place in [from 0x00200000 to 0x002fffff] { ro };
"P4":  place in [from 0x20000000 to 0x2000ffff] { block CSTACK };
"P5":  place in [from 0x20010000 to 0x2004bfff] |
                [from 0x2004c000 to 0x2004ffff] { rw, block HEAP };
initialize by copy { rw };

  Section            Kind        Address      Size  Object
  -------            ----        -------      ----  ------
"A0":                                        0x1f8
  .intvec            ro code  0x00200000     0x1f8  startup_stm32f767xx.o [1]
                            - 0x002001f8     0x1f8

"P1":                                      0xca350
  .rodata            const    0x002001f8   0xbb808  app_main.o [1]
  .rodata            const    0x002bba00    0x2f80  rgb.o [1]
  .rodata            const    0x002be980     0xd5c  rgb.o [1]
  .text              ro code  0x002bf6dc     0xc20  os_task.o [1]
  .text              ro code  0x002c02fc     0x38c  os_cpu_c.o [1]
  .text              ro code  0x002c0688      0xf0  os_msg.o [1]
  .text              ro code  0x002c0778     0x1b8  cpu_core.o [1]
  .text              ro code  0x002c0930      0x78  os_prio.o [1]
  .text              ro code  0x002c09a8     0x8f0  os_core.o [1]
  .text              ro code  0x002c1298     0x4c6  os_mutex.o [1]
  .text              ro code  0x002c175e       0xa  xsprout.o [3]
  .text              ro code  0x002c1768     0x4ac  os_tick.o [1]
  .text              ro code  0x002c1c14      0x5c  cpu_bsp.o [1]
  CODE               ro code  0x002c1c70     0x108  os_cpu_a.o [1]
  .text              ro code  0x002c1d78     0x2a0  os_time.o [1]
  .text              ro code  0x002c2018     0x100  lib_mem.o [1]
  CODE               ro code  0x002c2118      0x34  cpu_a.o [1]
  .text              ro code  0x002c214c      0x1c  os_mem.o [1]
  .text              ro code  0x002c2168     0x540  os_stat.o [1]
  .text              ro code  0x002c26a8     0x204  os_tmr.o [1]
  .text              ro code  0x002c28ac     0x190  os_dbg.o [1]
  .text              ro code  0x002c2a3c       0x2  os_cfg_app.o [1]
  .text              ro code  0x002c2a3e      0xa4  bsp_clock.o [1]
  .rodata            const    0x002c2ae2       0x2  os_cfg_app.o [1]
  .text              ro code  0x002c2ae4     0x75c  stm32f7xx_hal_rcc.o [1]
  .text              ro code  0x002c3240      0x88  stm32f7xx_hal_pwr_ex.o [1]
  .text              ro code  0x002c32c8      0x24  bsp_os.o [1]
  .text              ro code  0x002c32ec      0xe4  stm32f7xx_hal_cortex.o [1]
  .text              ro code  0x002c33d0     0xc06  xprintflarge_nomb.o [3]
  .rodata            const    0x002c3fd6       0x2  os_dbg.o [1]
  .text              ro code  0x002c3fd8      0x16  strchr.o [5]
  .rodata            const    0x002c3fee       0x2  os_dbg.o [1]
  .text              ro code  0x002c3ff0      0x44  xfail_s.o [3]
  .text              ro code  0x002c4034      0x36  strlen.o [5]
  .rodata            const    0x002c406a       0x2  os_dbg.o [1]
  .text              ro code  0x002c406c      0x58  memchr.o [5]
  .text              ro code  0x002c40c4      0xee  I64DivMod.o [5]
  .text              ro code  0x002c41b2      0x12  DblMul.o [4]
  .text              ro code  0x002c41c4      0xa6  ABImemcpy.o [5]
  .rodata            const    0x002c426a       0x2  os_dbg.o [1]
  .text              ro code  0x002c426c      0x70  frexp.o [4]
  .text              ro code  0x002c42dc      0x2e  DblCmpLe.o [4]
  .text              ro code  0x002c430a      0x12  DblDiv.o [4]
  .text              ro code  0x002c431c       0xe  DblToU32.o [4]
  .text              ro code  0x002c432a       0xe  U32ToDbl.o [4]
  .text              ro code  0x002c4338      0x12  DblSub.o [4]
  .rodata            const    0x002c434a       0x2  os_dbg.o [1]
  .text              ro code  0x002c434c       0xc  xlocale_c.o [3]
  .text              ro code  0x002c4358       0x6  abort.o [3]
  .rodata            const    0x002c435e       0x2  os_dbg.o [1]
  .text              ro code  0x002c4360       0x2  I64DivZer.o [5]
  .rodata            const    0x002c4362       0x2  os_dbg.o [1]
  .text              ro code  0x002c4364      0x14  exit.o [6]
  .text              ro code  0x002c4378     0xa6c  rgb.o [1]
  .text              ro code  0x002c4de4     0x474  stm32f7xx_hal_ltdc.o [1]
  .text              ro code  0x002c5258     0x26c  stm32f7xx_hal_gpio.o [1]
  .text              ro code  0x002c54c4     0x7f4  stm32f7xx_hal_rcc_ex.o [1]
  .text              ro code  0x002c5cb8     0x9e0  apollo.o [1]
  .text              ro code  0x002c6698     0x8cc  stm32f7xx_hal_uart.o [1]
  .text              ro code  0x002c6f64     0x49a  stm32f7xx_hal_dma.o [1]
  .rodata            const    0x002c73fe       0x2  os_dbg.o [1]
  .text              ro code  0x002c7400     0x53a  stm32f7xx_hal_adc.o [1]
  .rodata            const    0x002c793a       0x2  os_dbg.o [1]
  .text              ro code  0x002c793c      0x66  ABImemset.o [5]
  .rodata            const    0x002c79a2       0x2  os_dbg.o [1]
  .text              ro code  0x002c79a4     0x858  stm32f7xx_hal_tim.o [1]
  .text              ro code  0x002c81fc     0x268  stm32f7xx_hal_tim_ex.o [1]
  .text              ro code  0x002c8464      0xa2  stm32f7xx_hal_sdram.o [1]
  .text              ro code  0x002c8506      0x1a  stm32f7xx_hal.o [1]
  .text              ro code  0x002c8520     0x5d8  touch.o [1]
  .text              ro code  0x002c8af8      0x28  printf.o [3]
  .text              ro code  0x002c8b20       0x2  stm32f7xx_hal_uart.o [1]
  .text              ro code  0x002c8b22       0x2  stm32f7xx_hal_uart.o [1]
  .text              ro code  0x002c8b24       0x2  stm32f7xx_hal_uart.o [1]
  .text              ro code  0x002c8b26       0x2  stm32f7xx_hal_adc.o [1]
  .text              ro code  0x002c8b28       0x2  stm32f7xx_hal_adc.o [1]
  .text              ro code  0x002c8b2a       0x2  stm32f7xx_hal_tim.o [1]
  .text              ro code  0x002c8b2c       0x2  stm32f7xx_hal_tim.o [1]
  .text              ro code  0x002c8b2e       0x2  stm32f7xx_hal_tim_ex.o [1]
  .text              ro code  0x002c8b30       0x2  stm32f7xx_hal_tim.o [1]
  .text              ro code  0x002c8b32       0x2  stm32f7xx_hal_tim_ex.o [1]
  .text              ro code  0x002c8b34     0x16c  stm32f7xx_ll_fmc.o [1]
  .rodata            const    0x002c8ca0     0x5f0  rgb.o [1]
  .text              ro code  0x002c9290     0x4cc  app_main.o [1]
  .text              ro code  0x002c975c      0x2a  stm32f7xx_hal.o [1]
  .rodata            const    0x002c9786       0x2  os_dbg.o [1]
  .text              ro code  0x002c9788      0x2c  lib_math.o [1]
  .text              ro code  0x002c97b4      0x92  os_app_hooks.o [1]
  .rodata            const    0x002c9846       0x2  os_dbg.o [1]
  .text              ro code  0x002c9848      0x48  bsp.o [1]
  .text              ro code  0x002c9890      0xc0  bsp_led.o [1]
  .text              ro code  0x002c9950      0x40  sprintf.o [3]
  .rodata            const    0x002c9990     0x474  rgb.o [1]
  .text              ro code  0x002c9e04      0x6c  system_stm32f7xx.o [1]
  .text              ro code  0x002c9e70      0x40  zero_init3.o [5]
  .rodata            const    0x002c9eb0      0x30  os_dbg.o [1]
  .rodata            const    0x002c9ee0      0x30  os_dbg.o [1]
  .rodata            const    0x002c9f10      0x30  os_dbg.o [1]
  .text              ro code  0x002c9f40      0x2c  copy_init3.o [5]
  .rodata            const    0x002c9f6c      0x28  os_dbg.o [1]
  .rodata            const    0x002c9f94      0x28  os_dbg.o [1]
  .text              ro code  0x002c9fbc      0x28  data_init.o [5]
  .text              ro code  0x002c9fe4      0x22  fpinit_M.o [4]
  .iar.init_table    const    0x002ca008      0x2c  - Linker created -
  .rodata            const    0x002ca034       0x2  os_dbg.o [1]
  .rodata            const    0x002ca038      0x20  app_main.o [1]
  .rodata            const    0x002ca058      0x20  os_dbg.o [1]
  .rodata            const    0x002ca078      0x1c  app_main.o [1]
  .text              ro code  0x002ca094      0x1a  cmain.o [5]
  .text              ro code  0x002ca0ae       0x4  low_level_init.o [3]
  .text              ro code  0x002ca0b2       0x4  exit.o [3]
  .rodata            const    0x002ca0b6       0x2  os_dbg.o [1]
  .text              ro code  0x002ca0b8       0xa  cexit.o [5]
  .rodata            const    0x002ca0c2       0x2  os_dbg.o [1]
  .rodata            const    0x002ca0c4      0x18  app_main.o [1]
  .rodata            const    0x002ca0dc      0x18  app_main.o [1]
  .rodata            const    0x002ca0f4      0x18  os_tmr.o [1]
  .text              ro code  0x002ca10c      0x16  xprout.o [3]
  .rodata            const    0x002ca122       0x2  os_dbg.o [1]
  .text              ro code  0x002ca124       0xc  putchar.o [3]
  .rodata            const    0x002ca130      0x14  app_main.o [1]
  .rodata            const    0x002ca144      0x14  app_main.o [1]
  .rodata            const    0x002ca158      0x14  os_core.o [1]
  .rodata            const    0x002ca16c      0x14  os_stat.o [1]
  .rodata            const    0x002ca180      0x14  os_tick.o [1]
  .rodata            const    0x002ca194      0x10  apollo.o [1]
  .rodata            const    0x002ca1a4      0x10  app_main.o [1]
  .rodata            const    0x002ca1b4      0x10  os_tmr.o [1]
  .rodata            const    0x002ca1c4      0x10  system_stm32f7xx.o [1]
  .text              ro code  0x002ca1d4      0x10  startup_stm32f767xx.o [1]
  .rodata            const    0x002ca1e4       0xc  app_main.o [1]
  .rodata            const    0x002ca1f0       0xc  app_main.o [1]
  .rodata            const    0x002ca1fc       0xc  app_main.o [1]
  .rodata            const    0x002ca208       0xc  os_core.o [1]
  .rodata            const    0x002ca214       0xc  touch.o [1]
  .rodata            const    0x002ca220       0xc  touch.o [1]
  .text              ro code  0x002ca22c       0xc  stm32f7xx_it.o [1]
  .text              ro code  0x002ca238       0xc  cstartup_M.o [5]
  .rodata            const    0x002ca244       0x8  app_main.o [1]
  .rodata            const    0x002ca24c       0x8  app_main.o [1]
  .rodata            const    0x002ca254       0x8  lib_mem.o [1]
  .rodata            const    0x002ca25c       0x8  os_core.o [1]
  .rodata            const    0x002ca264       0x8  os_task.o [1]
  .rodata            const    0x002ca26c       0x8  stm32f7xx_hal_dma.o [1]
  .rodata            const    0x002ca274       0x8  system_stm32f7xx.o [1]
  .rodata            const    0x002ca27c       0x4  os_cfg_app.o [1]
  .rodata            const    0x002ca280       0x4  os_cfg_app.o [1]
  .rodata            const    0x002ca284       0x4  os_cfg_app.o [1]
  .rodata            const    0x002ca288       0x4  os_cfg_app.o [1]
  .rodata            const    0x002ca28c       0x4  os_cfg_app.o [1]
  .rodata            const    0x002ca290       0x4  os_cfg_app.o [1]
  .rodata            const    0x002ca294       0x4  os_cfg_app.o [1]
  .rodata            const    0x002ca298       0x4  os_cfg_app.o [1]
  .rodata            const    0x002ca29c       0x4  os_cfg_app.o [1]
  .rodata            const    0x002ca2a0       0x4  os_cfg_app.o [1]
  .rodata            const    0x002ca2a4       0x4  os_cfg_app.o [1]
  .rodata            const    0x002ca2a8       0x4  os_cfg_app.o [1]
  .rodata            const    0x002ca2ac       0x4  os_cfg_app.o [1]
  .rodata            const    0x002ca2b0       0x4  os_cfg_app.o [1]
  .rodata            const    0x002ca2b4       0x4  os_cfg_app.o [1]
  .rodata            const    0x002ca2b8       0x4  os_cfg_app.o [1]
  .rodata            const    0x002ca2bc       0x4  os_cfg_app.o [1]
  .rodata            const    0x002ca2c0       0x4  os_cfg_app.o [1]
  .rodata            const    0x002ca2c4       0x4  os_cfg_app.o [1]
  .rodata            const    0x002ca2c8       0x4  os_dbg.o [1]
  .rodata            const    0x002ca2cc       0x4  os_dbg.o [1]
  .rodata            const    0x002ca2d0       0x4  os_dbg.o [1]
  .rodata            const    0x002ca2d4       0x4  xlocale_c.o [3]
  .text              ro code  0x002ca2d8       0x4  startup_stm32f767xx.o [1]
  .text              ro code  0x002ca2dc       0x4  startup_stm32f767xx.o [1]
  .text              ro code  0x002ca2e0       0x4  startup_stm32f767xx.o [1]
  .text              ro code  0x002ca2e4       0x4  startup_stm32f767xx.o [1]
  .text              ro code  0x002ca2e8       0x4  startup_stm32f767xx.o [1]
  .text              ro code  0x002ca2ec       0x4  startup_stm32f767xx.o [1]
  .text              ro code  0x002ca2f0       0x4  startup_stm32f767xx.o [1]
  .text              ro code  0x002ca2f4       0x4  startup_stm32f767xx.o [1]
  .text              ro code  0x002ca2f8       0x4  startup_stm32f767xx.o [1]
  .text              ro code  0x002ca2fc       0x4  startup_stm32f767xx.o [1]
  .text              ro code  0x002ca300       0x4  startup_stm32f767xx.o [1]
  .text              ro code  0x002ca304       0x4  startup_stm32f767xx.o [1]
  .text              ro code  0x002ca308       0x4  startup_stm32f767xx.o [1]
  .text              ro code  0x002ca30c       0x4  startup_stm32f767xx.o [1]
  .text              ro code  0x002ca310       0x4  startup_stm32f767xx.o [1]
  .text              ro code  0x002ca314       0x4  startup_stm32f767xx.o [1]
  .text              ro code  0x002ca318       0x4  startup_stm32f767xx.o [1]
  .text              ro code  0x002ca31c       0x4  startup_stm32f767xx.o [1]
  .text              ro code  0x002ca320       0x4  startup_stm32f767xx.o [1]
  .text              ro code  0x002ca324       0x4  startup_stm32f767xx.o [1]
  .text              ro code  0x002ca328       0x4  startup_stm32f767xx.o [1]
  .text              ro code  0x002ca32c       0x4  startup_stm32f767xx.o [1]
  .text              ro code  0x002ca330       0x4  startup_stm32f767xx.o [1]
  .text              ro code  0x002ca334       0x4  startup_stm32f767xx.o [1]
  .text              ro code  0x002ca338       0x4  startup_stm32f767xx.o [1]
  .text              ro code  0x002ca33c       0x4  startup_stm32f767xx.o [1]
  .text              ro code  0x002ca340       0x4  startup_stm32f767xx.o [1]
  .text              ro code  0x002ca344       0x4  startup_stm32f767xx.o [1]
  .text              ro code  0x002ca348       0x4  startup_stm32f767xx.o [1]
  .text              ro code  0x002ca34c       0x4  startup_stm32f767xx.o [1]
  .text              ro code  0x002ca350       0x4  startup_stm32f767xx.o [1]
  .text              ro code  0x002ca354       0x4  startup_stm32f767xx.o [1]
  .text              ro code  0x002ca358       0x4  startup_stm32f767xx.o [1]
  .text              ro code  0x002ca35c       0x4  startup_stm32f767xx.o [1]
  .text              ro code  0x002ca360       0x4  startup_stm32f767xx.o [1]
  .text              ro code  0x002ca364       0x4  startup_stm32f767xx.o [1]
  .text              ro code  0x002ca368       0x4  startup_stm32f767xx.o [1]
  .text              ro code  0x002ca36c       0x4  startup_stm32f767xx.o [1]
  .text              ro code  0x002ca370       0x4  startup_stm32f767xx.o [1]
  .text              ro code  0x002ca374       0x4  startup_stm32f767xx.o [1]
  .text              ro code  0x002ca378       0x4  startup_stm32f767xx.o [1]
  .text              ro code  0x002ca37c       0x4  startup_stm32f767xx.o [1]
  .text              ro code  0x002ca380       0x4  startup_stm32f767xx.o [1]
  .text              ro code  0x002ca384       0x4  startup_stm32f767xx.o [1]
  .text              ro code  0x002ca388       0x4  startup_stm32f767xx.o [1]
  .text              ro code  0x002ca38c       0x4  startup_stm32f767xx.o [1]
  .text              ro code  0x002ca390       0x4  startup_stm32f767xx.o [1]
  .text              ro code  0x002ca394       0x4  startup_stm32f767xx.o [1]
  .text              ro code  0x002ca398       0x4  startup_stm32f767xx.o [1]
  .text              ro code  0x002ca39c       0x4  startup_stm32f767xx.o [1]
  .text              ro code  0x002ca3a0       0x4  startup_stm32f767xx.o [1]
  .text              ro code  0x002ca3a4       0x4  startup_stm32f767xx.o [1]
  .text              ro code  0x002ca3a8       0x4  startup_stm32f767xx.o [1]
  .text              ro code  0x002ca3ac       0x4  startup_stm32f767xx.o [1]
  .text              ro code  0x002ca3b0       0x4  startup_stm32f767xx.o [1]
  .text              ro code  0x002ca3b4       0x4  startup_stm32f767xx.o [1]
  .text              ro code  0x002ca3b8       0x4  startup_stm32f767xx.o [1]
  .text              ro code  0x002ca3bc       0x4  startup_stm32f767xx.o [1]
  .text              ro code  0x002ca3c0       0x4  startup_stm32f767xx.o [1]
  .text              ro code  0x002ca3c4       0x4  startup_stm32f767xx.o [1]
  .text              ro code  0x002ca3c8       0x4  startup_stm32f767xx.o [1]
  .text              ro code  0x002ca3cc       0x4  startup_stm32f767xx.o [1]
  .text              ro code  0x002ca3d0       0x4  startup_stm32f767xx.o [1]
  .text              ro code  0x002ca3d4       0x4  startup_stm32f767xx.o [1]
  .text              ro code  0x002ca3d8       0x4  startup_stm32f767xx.o [1]
  .text              ro code  0x002ca3dc       0x4  startup_stm32f767xx.o [1]
  .text              ro code  0x002ca3e0       0x4  startup_stm32f767xx.o [1]
  .text              ro code  0x002ca3e4       0x4  startup_stm32f767xx.o [1]
  .text              ro code  0x002ca3e8       0x4  startup_stm32f767xx.o [1]
  .text              ro code  0x002ca3ec       0x4  startup_stm32f767xx.o [1]
  .text              ro code  0x002ca3f0       0x4  startup_stm32f767xx.o [1]
  .text              ro code  0x002ca3f4       0x4  startup_stm32f767xx.o [1]
  .text              ro code  0x002ca3f8       0x4  startup_stm32f767xx.o [1]
  .text              ro code  0x002ca3fc       0x4  startup_stm32f767xx.o [1]
  .text              ro code  0x002ca400       0x4  startup_stm32f767xx.o [1]
  .text              ro code  0x002ca404       0x4  startup_stm32f767xx.o [1]
  .text              ro code  0x002ca408       0x4  startup_stm32f767xx.o [1]
  .text              ro code  0x002ca40c       0x4  startup_stm32f767xx.o [1]
  .text              ro code  0x002ca410       0x4  startup_stm32f767xx.o [1]
  .text              ro code  0x002ca414       0x4  startup_stm32f767xx.o [1]
  .text              ro code  0x002ca418       0x4  startup_stm32f767xx.o [1]
  .text              ro code  0x002ca41c       0x4  startup_stm32f767xx.o [1]
  .text              ro code  0x002ca420       0x4  startup_stm32f767xx.o [1]
  .text              ro code  0x002ca424       0x4  startup_stm32f767xx.o [1]
  .text              ro code  0x002ca428       0x4  startup_stm32f767xx.o [1]
  .text              ro code  0x002ca42c       0x4  startup_stm32f767xx.o [1]
  .text              ro code  0x002ca430       0x4  startup_stm32f767xx.o [1]
  .text              ro code  0x002ca434       0x4  startup_stm32f767xx.o [1]
  .text              ro code  0x002ca438       0x4  startup_stm32f767xx.o [1]
  .text              ro code  0x002ca43c       0x4  startup_stm32f767xx.o [1]
  .text              ro code  0x002ca440       0x4  startup_stm32f767xx.o [1]
  .text              ro code  0x002ca444       0x4  startup_stm32f767xx.o [1]
  .text              ro code  0x002ca448       0x4  startup_stm32f767xx.o [1]
  .text              ro code  0x002ca44c       0x4  startup_stm32f767xx.o [1]
  .text              ro code  0x002ca450       0x4  startup_stm32f767xx.o [1]
  .text              ro code  0x002ca454       0x4  startup_stm32f767xx.o [1]
  .text              ro code  0x002ca458       0x4  startup_stm32f767xx.o [1]
  .text              ro code  0x002ca45c       0x4  startup_stm32f767xx.o [1]
  .text              ro code  0x002ca460       0x4  startup_stm32f767xx.o [1]
  .text              ro code  0x002ca464       0x4  startup_stm32f767xx.o [1]
  .text              ro code  0x002ca468       0x4  startup_stm32f767xx.o [1]
  .rodata            const    0x002ca46c       0x2  os_dbg.o [1]
  .rodata            const    0x002ca46e       0x2  os_dbg.o [1]
  .rodata            const    0x002ca470       0x2  os_dbg.o [1]
  .rodata            const    0x002ca472       0x2  os_dbg.o [1]
  .rodata            const    0x002ca474       0x1  os_cfg_app.o [1]
  .rodata            const    0x002ca475       0x1  os_cfg_app.o [1]
  .rodata            const    0x002ca476       0x1  os_cfg_app.o [1]
  .rodata            const    0x002ca477       0x1  os_dbg.o [1]
  .rodata            const    0x002ca478       0x1  os_dbg.o [1]
  .rodata            const    0x002ca479       0x1  os_dbg.o [1]
  .rodata            const    0x002ca47a       0x1  os_dbg.o [1]
  .rodata            const    0x002ca47b       0x1  os_dbg.o [1]
  .rodata            const    0x002ca47c       0x1  os_dbg.o [1]
  .rodata            const    0x002ca47d       0x1  os_dbg.o [1]
  .rodata            const    0x002ca47e       0x1  os_dbg.o [1]
  .rodata            const    0x002ca47f       0x1  os_dbg.o [1]
  .rodata            const    0x002ca480       0x1  os_dbg.o [1]
  .rodata            const    0x002ca481       0x1  os_dbg.o [1]
  .rodata            const    0x002ca482       0x1  os_dbg.o [1]
  .rodata            const    0x002ca483       0x1  os_dbg.o [1]
  .rodata            const    0x002ca484       0x1  os_dbg.o [1]
  .rodata            const    0x002ca485       0x1  os_dbg.o [1]
  .rodata            const    0x002ca486       0x1  os_dbg.o [1]
  .rodata            const    0x002ca487       0x1  os_dbg.o [1]
  .rodata            const    0x002ca488       0x1  os_dbg.o [1]
  .rodata            const    0x002ca489       0x1  os_dbg.o [1]
  .rodata            const    0x002ca48a       0x1  os_dbg.o [1]
  .rodata            const    0x002ca48b       0x1  os_dbg.o [1]
  .rodata            const    0x002ca48c       0x1  os_dbg.o [1]
  .rodata            const    0x002ca48d       0x1  os_dbg.o [1]
  .rodata            const    0x002ca48e       0x1  os_dbg.o [1]
  .rodata            const    0x002ca48f       0x1  os_dbg.o [1]
  .rodata            const    0x002ca490       0x1  os_dbg.o [1]
  .rodata            const    0x002ca491       0x1  os_dbg.o [1]
  .rodata            const    0x002ca492       0x1  os_dbg.o [1]
  .rodata            const    0x002ca493       0x1  os_dbg.o [1]
  .rodata            const    0x002ca494       0x1  os_dbg.o [1]
  .rodata            const    0x002ca495       0x1  os_dbg.o [1]
  .rodata            const    0x002ca496       0x1  os_dbg.o [1]
  .rodata            const    0x002ca497       0x1  os_dbg.o [1]
  .rodata            const    0x002ca498       0x1  os_dbg.o [1]
  .rodata            const    0x002ca499       0x1  os_dbg.o [1]
  .rodata            const    0x002ca49a       0x1  os_dbg.o [1]
  .rodata            const    0x002ca49b       0x1  os_dbg.o [1]
  .rodata            const    0x002ca49c       0x0  zero_init3.o [5]
  .rodata            const    0x002ca49c       0x0  copy_init3.o [5]
  Initializer bytes  const    0x002ca49c      0xac  <for P5 s0>
                            - 0x002ca548   0xca350

"P4":                                       0x2000
  CSTACK                      0x20000000    0x2000  <Block>
    CSTACK           uninit   0x20000000    0x2000  <Block tail>
                            - 0x20002000    0x2000

"P5", part 1 of 2:                            0xac
  P5 s0                       0x20010000      0xac  <Init block>
    .data            inited   0x20010000      0x48  xfiles.o [3]
    .data            inited   0x20010048      0x38  xlocale_c.o [3]
    .data            inited   0x20010080      0x20  touch.o [1]
    .data            inited   0x200100a0       0x4  rgb.o [1]
    .data            inited   0x200100a4       0x4  rgb.o [1]
    .data            inited   0x200100a8       0x4  system_stm32f7xx.o [1]
                            - 0x200100ac      0xac

"P5", part 2 of 2:                          0x2d5c
  .bss               zero     0x200100ac     0x400  app_main.o [1]
  .bss               zero     0x200104ac     0x400  app_main.o [1]
  .bss               zero     0x200108ac     0x400  app_main.o [1]
  .bss               zero     0x20010cac     0x400  app_main.o [1]
  .bss               zero     0x200110ac     0x400  lib_mem.o [1]
  .bss               zero     0x200114ac     0x200  os_cfg_app.o [1]
  .bss               zero     0x200116ac     0x200  os_cfg_app.o [1]
  .bss               zero     0x200118ac     0x200  os_cfg_app.o [1]
  .bss               zero     0x20011aac     0x200  os_cfg_app.o [1]
  .bss               zero     0x20011cac     0x200  os_cfg_app.o [1]
  .bss               zero     0x20011eac     0x200  os_cfg_app.o [1]
  .bss               zero     0x200120ac     0x180  os_var.o [1]
  .bss               zero     0x2001222c      0xd4  app_main.o [1]
  .bss               zero     0x20012300      0xd4  app_main.o [1]
  .bss               zero     0x200123d4      0xd4  app_main.o [1]
  .bss               zero     0x200124a8      0xd4  app_main.o [1]
  .bss               zero     0x2001257c      0xd4  os_var.o [1]
  .bss               zero     0x20012650      0xd4  os_var.o [1]
  .bss               zero     0x20012724      0xd4  os_var.o [1]
  .bss               zero     0x200127f8      0xd4  os_var.o [1]
  .bss               zero     0x200128cc      0xa8  rgb.o [1]
  .bss               zero     0x20012974      0x80  apollo.o [1]
  .bss               zero     0x200129f4      0x70  apollo.o [1]
  .bss               zero     0x20012a64      0x60  apollo.o [1]
  .bss               zero     0x20012ac4      0x50  xfiles.o [3]
  .bss               zero     0x20012b14      0x48  apollo.o [1]
  .bss               zero     0x20012b5c      0x40  apollo.o [1]
  .bss               zero     0x20012b9c      0x40  apollo.o [1]
  .bss               zero     0x20012bdc      0x40  apollo.o [1]
  .bss               zero     0x20012c1c      0x34  apollo.o [1]
  .bss               zero     0x20012c50      0x30  os_var.o [1]
  .bss               zero     0x20012c80      0x20  rgb.o [1]
  .bss               zero     0x20012ca0      0x1c  apollo.o [1]
  .bss               zero     0x20012cbc      0x14  lib_mem.o [1]
  .bss               zero     0x20012cd0      0x10  cpu_core.o [1]
  .bss               zero     0x20012ce0      0x10  rgb.o [1]
  .bss               zero     0x20012cf0       0xc  os_var.o [1]
  .bss               zero     0x20012d00       0x8  apollo.o [1]
  .bss               zero     0x20012d08       0x8  app_main.o [1]
  .bss               zero     0x20012d10       0x8  os_var.o [1]
  .bss               zero     0x20012d18       0x8  os_var.o [1]
  .bss               zero     0x20012d20       0x8  rgb.o [1]
  .bss               zero     0x20012d28       0x4  apollo.o [1]
  .bss               zero     0x20012d2c       0x4  app_main.o [1]
  .bss               zero     0x20012d30       0x4  app_main.o [1]
  .bss               zero     0x20012d34       0x4  cpu_core.o [1]
  .bss               zero     0x20012d38       0x4  cpu_core.o [1]
  .bss               zero     0x20012d3c       0x4  cpu_core.o [1]
  .bss               zero     0x20012d40       0x4  cpu_core.o [1]
  .bss               zero     0x20012d44       0x4  cpu_core.o [1]
  .bss               zero     0x20012d48       0x4  cpu_core.o [1]
  .bss               zero     0x20012d4c       0x4  lib_math.o [1]
  .bss               zero     0x20012d50       0x4  lib_mem.o [1]
  .bss               zero     0x20012d54       0x4  os_cpu_c.o [1]
  .bss               zero     0x20012d58       0x4  os_prio.o [1]
  .bss               zero     0x20012d5c       0x4  os_time.o [1]
  .bss               zero     0x20012d60       0x4  os_var.o [1]
  .bss               zero     0x20012d64       0x4  os_var.o [1]
  .bss               zero     0x20012d68       0x4  os_var.o [1]
  .bss               zero     0x20012d6c       0x4  os_var.o [1]
  .bss               zero     0x20012d70       0x4  os_var.o [1]
  .bss               zero     0x20012d74       0x4  os_var.o [1]
  .bss               zero     0x20012d78       0x4  os_var.o [1]
  .bss               zero     0x20012d7c       0x4  os_var.o [1]
  .bss               zero     0x20012d80       0x4  os_var.o [1]
  .bss               zero     0x20012d84       0x4  os_var.o [1]
  .bss               zero     0x20012d88       0x4  os_var.o [1]
  .bss               zero     0x20012d8c       0x4  os_var.o [1]
  .bss               zero     0x20012d90       0x4  os_var.o [1]
  .bss               zero     0x20012d94       0x4  os_var.o [1]
  .bss               zero     0x20012d98       0x4  os_var.o [1]
  .bss               zero     0x20012d9c       0x4  os_var.o [1]
  .bss               zero     0x20012da0       0x4  os_var.o [1]
  .bss               zero     0x20012da4       0x4  os_var.o [1]
  .bss               zero     0x20012da8       0x4  os_var.o [1]
  .bss               zero     0x20012dac       0x4  os_var.o [1]
  .bss               zero     0x20012db0       0x4  os_var.o [1]
  .bss               zero     0x20012db4       0x4  os_var.o [1]
  .bss               zero     0x20012db8       0x4  os_var.o [1]
  .bss               zero     0x20012dbc       0x4  os_var.o [1]
  .bss               zero     0x20012dc0       0x4  os_var.o [1]
  .bss               zero     0x20012dc4       0x4  os_var.o [1]
  .bss               zero     0x20012dc8       0x4  os_var.o [1]
  .bss               zero     0x20012dcc       0x4  os_var.o [1]
  .bss               zero     0x20012dd0       0x4  os_var.o [1]
  .bss               zero     0x20012dd4       0x4  os_var.o [1]
  .bss               zero     0x20012dd8       0x4  rgb.o [1]
  .bss               zero     0x20012ddc       0x4  xfail_s.o [3]
  .bss               zero     0x20012de0       0x2  apollo.o [1]
  .bss               zero     0x20012de2       0x2  cpu_core.o [1]
  .bss               zero     0x20012de4       0x2  cpu_core.o [1]
  .bss               zero     0x20012de6       0x2  os_var.o [1]
  .bss               zero     0x20012de8       0x2  os_var.o [1]
  .bss               zero     0x20012dea       0x2  os_var.o [1]
  .bss               zero     0x20012dec       0x2  os_var.o [1]
  .bss               zero     0x20012dee       0x2  os_var.o [1]
  .bss               zero     0x20012df0       0x2  os_var.o [1]
  .bss               zero     0x20012df2       0x2  os_var.o [1]
  .bss               zero     0x20012df4       0x2  os_var.o [1]
  .bss               zero     0x20012df6       0x2  os_var.o [1]
  .bss               zero     0x20012df8       0x1  apollo.o [1]
  .bss               zero     0x20012df9       0x1  app_main.o [1]
  .bss               zero     0x20012dfa       0x1  app_main.o [1]
  .bss               zero     0x20012dfb       0x1  os_var.o [1]
  .bss               zero     0x20012dfc       0x1  os_var.o [1]
  .bss               zero     0x20012dfd       0x1  os_var.o [1]
  .bss               zero     0x20012dfe       0x1  os_var.o [1]
  .bss               zero     0x20012dff       0x1  os_var.o [1]
  .bss               zero     0x20012e00       0x1  os_var.o [1]
  .bss               zero     0x20012e01       0x1  os_var.o [1]
  .bss               zero     0x20012e02       0x1  os_var.o [1]
  .bss               zero     0x20012e03       0x1  os_var.o [1]
  .bss               zero     0x20012e04       0x1  rgb.o [1]
                            - 0x20012e05    0x2d59

Absolute sections:                        0x1f4000
  .bss               zero     0xc0000000  0x1f4000  rgb.o [1]
                            - 0xc01f4000  0x1f4000


*******************************************************************************
*** INIT TABLE
***

          Address     Size
          -------     ----
Zero (__iar_zero_init3)
    2 destination ranges, total size 0x1f6d59:
          0x200100ac    0x2d59
          0xc0000000  0x1f4000

Copy (__iar_copy_init3)
    1 source range, total size 0xac:
          0x002ca49c      0xac
    1 destination range, total size 0xac:
          0x20010000      0xac



*******************************************************************************
*** MODULE SUMMARY
***

    Module                  ro code  ro data  rw data    rw data
                                                          (abs)
    ------                  -------  -------  -------    -------
D:\Apollo\ucosiii\Debug\Obj: [1]
    apollo.o                  2 528       16      695
    app_main.o                1 228  768 224    4 962
    bsp.o                        72
    bsp_clock.o                 164
    bsp_led.o                   192
    bsp_os.o                     36
    cpu_a.o                      52
    cpu_bsp.o                    92
    cpu_core.o                  440                44
    lib_math.o                   44                 4
    lib_mem.o                   256        8    1 048
    os_app_hooks.o              146
    os_cfg_app.o                  2       81    3 072
    os_core.o                 2 288       40
    os_cpu_a.o                  264
    os_cpu_c.o                  908                 4
    os_dbg.o                    400      345
    os_mem.o                     28
    os_msg.o                    240
    os_mutex.o                1 222
    os_prio.o                   120                 4
    os_stat.o                 1 344       20
    os_task.o                 3 104        8
    os_tick.o                 1 196       20
    os_time.o                   672                 4
    os_tmr.o                    516       40
    os_var.o                                    1 455
    rgb.o                     2 668   18 248      237  2 048 000
    startup_stm32f767xx.o       924
    stm32f7xx_hal.o              68
    stm32f7xx_hal_adc.o       1 342
    stm32f7xx_hal_cortex.o      228
    stm32f7xx_hal_dma.o       1 178        8
    stm32f7xx_hal_gpio.o        620
    stm32f7xx_hal_ltdc.o      1 140
    stm32f7xx_hal_pwr_ex.o      136
    stm32f7xx_hal_rcc.o       1 884
    stm32f7xx_hal_rcc_ex.o    2 036
    stm32f7xx_hal_sdram.o       162
    stm32f7xx_hal_tim.o       2 142
    stm32f7xx_hal_tim_ex.o      620
    stm32f7xx_hal_uart.o      2 258
    stm32f7xx_it.o               12
    stm32f7xx_ll_fmc.o          364
    system_stm32f7xx.o          108       28        4
    touch.o                   1 496       56       32
    ------------------------------------------------------------
    Total:                   36 940  787 142   11 565  2 048 000

command line: [2]
    ------------------------------------------------------------
    Total:

dl7M_tlf.a: [3]
    abort.o                       6
    exit.o                        4
    low_level_init.o              4
    printf.o                     40
    putchar.o                    12
    sprintf.o                    64
    xfail_s.o                    68                 4
    xfiles.o                              72      152
    xlocale_c.o                  12       60       56
    xprintflarge_nomb.o       3 078
    xprout.o                     22
    xsprout.o                    10
    ------------------------------------------------------------
    Total:                    3 320      132      212

m7M_tlv.a: [4]
    DblCmpLe.o                   46
    DblDiv.o                     18
    DblMul.o                     18
    DblSub.o                     18
    DblToU32.o                   14
    U32ToDbl.o                   14
    fpinit_M.o                   34
    frexp.o                     112
    ------------------------------------------------------------
    Total:                      274

rt7M_tl.a: [5]
    ABImemcpy.o                 166
    ABImemset.o                 102
    I64DivMod.o                 238
    I64DivZer.o                   2
    cexit.o                      10
    cmain.o                      26
    copy_init3.o                 44
    cstartup_M.o                 12
    data_init.o                  40
    memchr.o                     88
    strchr.o                     22
    strlen.o                     54
    zero_init3.o                 64
    ------------------------------------------------------------
    Total:                      868

shb_l.a: [6]
    exit.o                       20
    ------------------------------------------------------------
    Total:                       20

    Gaps                                   4        4
    Linker created                        44    8 192
----------------------------------------------------------------
    Grand Total:             41 422  787 322   19 973  2 048 000


*******************************************************************************
*** ENTRY LIST
***

Entry                      Address      Size  Type      Object
-----                      -------      ----  ----      ------
.iar.init_table$$Base   0x002ca008             --   Gb  - Linker created -
.iar.init_table$$Limit  0x002ca034             --   Gb  - Linker created -
?main                   0x002ca095            Code  Gb  cmain.o [5]
ADC_DMAConvCplt         0x002c78b1      0x68  Code  Lc  stm32f7xx_hal_adc.o [1]
ADC_DMAError            0x002c7925      0x16  Code  Lc  stm32f7xx_hal_adc.o [1]
ADC_DMAHalfConvCplt     0x002c7919       0xa  Code  Lc  stm32f7xx_hal_adc.o [1]
ADC_Init                0x002c772b     0x166  Code  Lc  stm32f7xx_hal_adc.o [1]
AHBPrescTable           0x002ca1c4      0x10  Data  Gb  system_stm32f7xx.o [1]
APBPrescTable           0x002ca274       0x8  Data  Gb  system_stm32f7xx.o [1]
APPOLO_RGB              0x002c4d61      0x84  Code  Gb  rgb.o [1]
AppTaskCreate           0x002c9323      0xce  Code  Lc  app_main.o [1]
AppTaskDisplay          0x002c9449     0x278  Code  Lc  app_main.o [1]
AppTaskDisplay::ftemp   0x20012d2c       0x4  Data  Lc  app_main.o [1]
AppTaskDisplay::uitemp  0x20012d30       0x4  Data  Lc  app_main.o [1]
AppTaskDisplay::uline   0x20012df9       0x1  Data  Lc  app_main.o [1]
AppTaskDisplay::upoint  0x20012dfa       0x1  Data  Lc  app_main.o [1]
AppTaskDisplayStk       0x20010cac     0x400  Data  Lc  app_main.o [1]
AppTaskDisplayTCB       0x200124a8      0xd4  Data  Lc  app_main.o [1]
AppTaskObj0             0x002c93f1      0x2a  Code  Lc  app_main.o [1]
AppTaskObj0Stk          0x200104ac     0x400  Data  Lc  app_main.o [1]
AppTaskObj0TCB          0x20012300      0xd4  Data  Lc  app_main.o [1]
AppTaskObj1             0x002c941d      0x2a  Code  Lc  app_main.o [1]
AppTaskObj1Stk          0x200108ac     0x400  Data  Lc  app_main.o [1]
AppTaskObj1TCB          0x200123d4      0xd4  Data  Lc  app_main.o [1]
AppTaskStart            0x002c92fd      0x26  Code  Lc  app_main.o [1]
AppTaskStartStk         0x200100ac     0x400  Data  Lc  app_main.o [1]
AppTaskStartTCB         0x2001222c      0xd4  Data  Lc  app_main.o [1]
App_OS_IdleTaskHook     0x002c9821       0x2  Code  Gb  os_app_hooks.o [1]
App_OS_SetAllHooks      0x002c97b5      0x50  Code  Gb  os_app_hooks.o [1]
App_OS_StatTaskHook     0x002c9825       0x2  Code  Gb  os_app_hooks.o [1]
App_OS_TaskCreateHook   0x002c9829       0x8  Code  Gb  os_app_hooks.o [1]
App_OS_TaskDelHook      0x002c9831       0x8  Code  Gb  os_app_hooks.o [1]
App_OS_TaskReturnHook   0x002c9839       0x8  Code  Gb  os_app_hooks.o [1]
App_OS_TaskSwHook       0x002c9841       0x2  Code  Gb  os_app_hooks.o [1]
App_OS_TimeTickHook     0x002c9845       0x2  Code  Gb  os_app_hooks.o [1]
BACK_COLOR              0x200100a4       0x4  Data  Gb  rgb.o [1]
BSP_ClkFreqGet          0x002c2ab3      0x30  Code  Gb  bsp_clock.o [1]
BSP_Init                0x002c9849      0x48  Code  Gb  bsp.o [1]
BSP_LED_Init            0x002c9891      0x3e  Code  Gb  bsp_led.o [1]
BSP_LED_Off             0x002c98cf      0x3c  Code  Gb  bsp_led.o [1]
BSP_LED_On              0x002c990b      0x3c  Code  Gb  bsp_led.o [1]
BSP_OSTickInit          0x002c32c9       0xe  Code  Gb  bsp_os.o [1]
BSP_SystemClkCfg        0x002c2a3f      0x74  Code  Gb  bsp_clock.o [1]
BusFault_Handler        0x002ca231       0x2  Code  Gb  stm32f7xx_it.o [1]
CEKONG_init             0x002c5e6f      0xf0  Code  Gb  apollo.o [1]
CPU_CntLeadZeros        0x002c2137            Code  Gb  cpu_a.o [1]
CPU_CntTrailZeros       0x002c213d            Code  Gb  cpu_a.o [1]
CPU_Init                0x002c0779      0x10  Code  Gb  cpu_core.o [1]
CPU_IntDis              0x002c2119            Code  Gb  cpu_a.o [1]
CPU_IntDisMeasCtr       0x20012de2       0x2  Data  Gb  cpu_core.o [1]
CPU_IntDisMeasInit      0x002c0883      0x72  Code  Lc  cpu_core.o [1]
CPU_IntDisMeasMaxCalc   0x002c08f5      0x14  Code  Lc  cpu_core.o [1]
CPU_IntDisMeasMaxCurGet
                        0x002c07cd      0x18  Code  Gb  cpu_core.o [1]
CPU_IntDisMeasMaxCurReset
                        0x002c07b3      0x1a  Code  Gb  cpu_core.o [1]
CPU_IntDisMeasMaxCur_cnts
                        0x20012d44       0x4  Data  Gb  cpu_core.o [1]
CPU_IntDisMeasMaxGet    0x002c07e5      0x18  Code  Gb  cpu_core.o [1]
CPU_IntDisMeasMax_cnts  0x20012d48       0x4  Data  Gb  cpu_core.o [1]
CPU_IntDisMeasOvrhd_cnts
                        0x20012d40       0x4  Data  Gb  cpu_core.o [1]
CPU_IntDisMeasStart     0x002c07fd      0x28  Code  Gb  cpu_core.o [1]
CPU_IntDisMeasStart_cnts
                        0x20012d38       0x4  Data  Gb  cpu_core.o [1]
CPU_IntDisMeasStop      0x002c0825      0x40  Code  Gb  cpu_core.o [1]
CPU_IntDisMeasStop_cnts
                        0x20012d3c       0x4  Data  Gb  cpu_core.o [1]
CPU_IntDisNestCtr       0x20012de4       0x2  Data  Gb  cpu_core.o [1]
CPU_IntEn               0x002c211d            Code  Gb  cpu_a.o [1]
CPU_Name                0x20012cd0      0x10  Data  Gb  cpu_core.o [1]
CPU_NameClr             0x002c078b      0x22  Code  Gb  cpu_core.o [1]
CPU_NameInit            0x002c086d       0x8  Code  Lc  cpu_core.o [1]
CPU_RevBits             0x002c2147            Code  Gb  cpu_a.o [1]
CPU_SR_Restore          0x002c2129            Code  Gb  cpu_a.o [1]
CPU_SR_Save             0x002c2121            Code  Gb  cpu_a.o [1]
CPU_SW_Exception        0x002c0789       0x2  Code  Gb  cpu_core.o [1]
CPU_StatReset           0x002c0865       0x8  Code  Gb  cpu_core.o [1]
CPU_TS_Init             0x002c0875       0xe  Code  Lc  cpu_core.o [1]
CPU_TS_TmrFreqSet       0x002c07ad       0x6  Code  Gb  cpu_core.o [1]
CPU_TS_TmrFreq_Hz       0x20012d34       0x4  Data  Gb  cpu_core.o [1]
CPU_TS_TmrInit          0x002c1c15      0x3e  Code  Gb  cpu_bsp.o [1]
CPU_TS_TmrRd            0x002c1c53       0x6  Code  Gb  cpu_bsp.o [1]
CPU_WaitForExcept       0x002c2133            Code  Gb  cpu_a.o [1]
CPU_WaitForInt          0x002c212f            Code  Gb  cpu_a.o [1]
CSTACK$$Base            0x20000000             --   Gb  - Linker created -
CSTACK$$Limit           0x20002000             --   Gb  - Linker created -
CT_Delay                0x002c8543       0xa  Code  Gb  touch.o [1]
CT_IIC_Ack              0x002c8687      0x60  Code  Gb  touch.o [1]
CT_IIC_Init             0x002c854d      0x6c  Code  Gb  touch.o [1]
CT_IIC_NAck             0x002c86e7      0x60  Code  Gb  touch.o [1]
CT_IIC_Read_Byte        0x002c8799      0x6a  Code  Gb  touch.o [1]
CT_IIC_Send_Byte        0x002c8803      0x78  Code  Gb  touch.o [1]
CT_IIC_Start            0x002c85b9      0x5e  Code  Gb  touch.o [1]
CT_IIC_Stop             0x002c8747      0x52  Code  Gb  touch.o [1]
CT_IIC_Wait_Ack         0x002c8617      0x70  Code  Gb  touch.o [1]
DMA2_Stream0_IRQHandler
                        0x002c5e63       0xc  Code  Gb  apollo.o [1]
DMA_CalcBaseAndBitshift
                        0x002c7323      0x30  Code  Lc  stm32f7xx_hal_dma.o [1]
DMA_CalcBaseAndBitshift::flagBitshiftOffset
                        0x002ca26c       0x8  Data  Lc  stm32f7xx_hal_dma.o [1]
DMA_CheckFifoParam      0x002c7369      0x96  Code  Lc  stm32f7xx_hal_dma.o [1]
DMA_SetConfig           0x002c72f5      0x2e  Code  Lc  stm32f7xx_hal_dma.o [1]
DebugMon_Handler        0x002ca237       0x2  Code  Gb  stm32f7xx_it.o [1]
EXTI2_IRQHandler        0x002c65bd      0x12  Code  Gb  apollo.o [1]
EXTI3_IRQHandler        0x002c65cf      0x1a  Code  Gb  apollo.o [1]
EXTI9_5_IRQHandler      0x002c65e9       0xe  Code  Gb  apollo.o [1]
FMC_SDRAM_Init          0x002c8b35      0x74  Code  Gb  stm32f7xx_ll_fmc.o [1]
FMC_SDRAM_ProgramRefreshRate
                        0x002c8c95       0xc  Code  Gb  stm32f7xx_ll_fmc.o [1]
FMC_SDRAM_SendCommand   0x002c8c45      0x50  Code  Gb  stm32f7xx_ll_fmc.o [1]
FMC_SDRAM_Timing_Init   0x002c8ba9      0x96  Code  Gb  stm32f7xx_ll_fmc.o [1]
FT5206_Init             0x002c8931     0x108  Code  Gb  touch.o [1]
FT5206_RD_Reg           0x002c88cf      0x62  Code  Gb  touch.o [1]
FT5206_Scan             0x002c8a39      0xa2  Code  Gb  touch.o [1]
FT5206_TPX_TBL          0x002ca220       0xc  Data  Gb  touch.o [1]
FT5206_WR_Reg           0x002c887b      0x54  Code  Gb  touch.o [1]
HAL_ADC_ConfigChannel   0x002c758b     0x1a0  Code  Gb  stm32f7xx_hal_adc.o [1]
HAL_ADC_ConvCpltCallback
                        0x002c5e47      0x1c  Code  Gb  apollo.o [1]
HAL_ADC_Init            0x002c7401      0x64  Code  Gb  stm32f7xx_hal_adc.o [1]
HAL_ADC_MspInit         0x002c5d59      0xee  Code  Gb  apollo.o [1]
HAL_ADC_Start_DMA       0x002c7465     0x126  Code  Gb  stm32f7xx_hal_adc.o [1]
HAL_DMA_Abort_IT        0x002c70bf      0x26  Code  Gb  stm32f7xx_hal_dma.o [1]
HAL_DMA_IRQHandler      0x002c70e5     0x210  Code  Gb  stm32f7xx_hal_dma.o [1]
HAL_DMA_Init            0x002c6f65      0xda  Code  Gb  stm32f7xx_hal_dma.o [1]
HAL_DMA_Start_IT        0x002c703f      0x80  Code  Gb  stm32f7xx_hal_dma.o [1]
HAL_Delay               0x002c8507      0x1a  Code  Wk  stm32f7xx_hal.o [1]
HAL_GPIO_Init           0x002c5259     0x1fa  Code  Gb  stm32f7xx_hal_gpio.o [1]
HAL_GPIO_ReadPin        0x002c5453      0x12  Code  Gb  stm32f7xx_hal_gpio.o [1]
HAL_GPIO_TogglePin      0x002c5479       0xa  Code  Gb  stm32f7xx_hal_gpio.o [1]
HAL_GPIO_WritePin       0x002c5465      0x14  Code  Gb  stm32f7xx_hal_gpio.o [1]
HAL_GetTick             0x002c32e3       0xa  Code  Gb  bsp_os.o [1]
HAL_Init                0x002c975d      0x22  Code  Gb  stm32f7xx_hal.o [1]
HAL_InitTick            0x002c32d7       0xc  Code  Gb  bsp_os.o [1]
HAL_LTDC_ConfigLayer    0x002c4f11      0x52  Code  Gb  stm32f7xx_hal_ltdc.o [1]
HAL_LTDC_Init           0x002c4de5     0x12c  Code  Gb  stm32f7xx_hal_ltdc.o [1]
HAL_LTDC_MspInit        0x002c4be1     0x110  Code  Gb  rgb.o [1]
HAL_LTDC_SetWindowPosition
                        0x002c4fc1      0x56  Code  Gb  stm32f7xx_hal_ltdc.o [1]
HAL_LTDC_SetWindowSize  0x002c4f63      0x5e  Code  Gb  stm32f7xx_hal_ltdc.o [1]
HAL_NVIC_EnableIRQ      0x002c33b1       0xa  Code  Gb  stm32f7xx_hal_cortex.o [1]
HAL_NVIC_SetPriority    0x002c338f      0x22  Code  Gb  stm32f7xx_hal_cortex.o [1]
HAL_NVIC_SetPriorityGrouping
                        0x002c3387       0x8  Code  Gb  stm32f7xx_hal_cortex.o [1]
HAL_PWREx_EnableOverDrive
                        0x002c3241      0x7a  Code  Gb  stm32f7xx_hal_pwr_ex.o [1]
HAL_RCCEx_PeriphCLKConfig
                        0x002c54c5     0x7c8  Code  Gb  stm32f7xx_hal_rcc_ex.o [1]
HAL_RCC_ClockConfig     0x002c2f93     0x1a2  Code  Gb  stm32f7xx_hal_rcc.o [1]
HAL_RCC_GetHCLKFreq     0x002c31c1       0x6  Code  Gb  stm32f7xx_hal_rcc.o [1]
HAL_RCC_GetPCLK1Freq    0x002c31c7      0x20  Code  Gb  stm32f7xx_hal_rcc.o [1]
HAL_RCC_GetPCLK2Freq    0x002c31e7      0x20  Code  Gb  stm32f7xx_hal_rcc.o [1]
HAL_RCC_GetSysClockFreq
                        0x002c3135      0x8c  Code  Gb  stm32f7xx_hal_rcc.o [1]
HAL_RCC_OscConfig       0x002c2ae5     0x4ae  Code  Gb  stm32f7xx_hal_rcc.o [1]
HAL_SDRAM_Init          0x002c8465      0x44  Code  Gb  stm32f7xx_hal_sdram.o [1]
HAL_SDRAM_MspInit       0x002c63a1      0xec  Code  Gb  apollo.o [1]
HAL_SDRAM_ProgramRefreshRate
                        0x002c84e1      0x26  Code  Gb  stm32f7xx_hal_sdram.o [1]
HAL_SDRAM_SendCommand   0x002c84a9      0x38  Code  Gb  stm32f7xx_hal_sdram.o [1]
HAL_TIMEx_BreakCallback
                        0x002c8b2f       0x2  Code  Wk  stm32f7xx_hal_tim_ex.o [1]
HAL_TIMEx_CommutationCallback
                        0x002c8b33       0x2  Code  Wk  stm32f7xx_hal_tim_ex.o [1]
HAL_TIMEx_MasterConfigSynchronization
                        0x002c81fd      0x5c  Code  Gb  stm32f7xx_hal_tim_ex.o [1]
HAL_TIM_Base_Init       0x002c79a5      0x38  Code  Gb  stm32f7xx_hal_tim.o [1]
HAL_TIM_Base_MspInit    0x002c627d      0x7c  Code  Gb  apollo.o [1]
HAL_TIM_Base_Start      0x002c79dd      0x1c  Code  Gb  stm32f7xx_hal_tim.o [1]
HAL_TIM_IC_CaptureCallback
                        0x002c6547      0x76  Code  Gb  apollo.o [1]
HAL_TIM_IC_ConfigChannel
                        0x002c7cb5      0xd4  Code  Gb  stm32f7xx_hal_tim.o [1]
HAL_TIM_IC_Init         0x002c7a79      0x38  Code  Gb  stm32f7xx_hal_tim.o [1]
HAL_TIM_IC_MspInit      0x002c6201      0x7c  Code  Gb  apollo.o [1]
HAL_TIM_IC_Start_IT     0x002c7ab1      0x68  Code  Gb  stm32f7xx_hal_tim.o [1]
HAL_TIM_IRQHandler      0x002c7b21     0x194  Code  Gb  stm32f7xx_hal_tim.o [1]
HAL_TIM_PWM_ConfigChannel
                        0x002c8259     0x162  Code  Gb  stm32f7xx_hal_tim_ex.o [1]
HAL_TIM_PWM_Init        0x002c79f9      0x38  Code  Gb  stm32f7xx_hal_tim.o [1]
HAL_TIM_PWM_MspInit     0x002c6149      0x4e  Code  Gb  apollo.o [1]
HAL_TIM_PWM_Start       0x002c7a31      0x48  Code  Gb  stm32f7xx_hal_tim.o [1]
HAL_TIM_PeriodElapsedCallback
                        0x002c6515      0x1e  Code  Gb  apollo.o [1]
HAL_TIM_ReadCapturedValue
                        0x002c7d89      0x48  Code  Gb  stm32f7xx_hal_tim.o [1]
HAL_UART_IRQHandler     0x002c67e3     0x146  Code  Gb  stm32f7xx_hal_uart.o [1]
HAL_UART_Init           0x002c6699      0x7e  Code  Gb  stm32f7xx_hal_uart.o [1]
HAL_UART_MspInit        0x002c5f5f      0xf0  Code  Gb  apollo.o [1]
HAL_UART_Transmit       0x002c6717      0xcc  Code  Gb  stm32f7xx_hal_uart.o [1]
HardFault_Handler       0x002ca22f       0x2  Code  Gb  stm32f7xx_it.o [1]
ICEKONG                 0x20012b14      0x48  Data  Gb  apollo.o [1]
IDMA_ADC                0x20012a64      0x60  Data  Gb  apollo.o [1]
ISDRAM                  0x20012c1c      0x34  Data  Gb  apollo.o [1]
ISDRAM_Timing           0x20012ca0      0x1c  Data  Gb  apollo.o [1]
ITIM2                   0x20012b5c      0x40  Data  Gb  apollo.o [1]
ITIM3                   0x20012b9c      0x40  Data  Gb  apollo.o [1]
ITIM5                   0x20012bdc      0x40  Data  Gb  apollo.o [1]
IUART                   0x200129f4      0x70  Data  Gb  apollo.o [1]
LCD_Init                0x002c4379      0x1c  Code  Gb  rgb.o [1]
LCD_ShowChar            0x002c4a49     0x140  Code  Gb  rgb.o [1]
LCD_ShowString          0x002c49db      0x6e  Code  Gb  rgb.o [1]
LED_init                0x002c5cdb      0x40  Code  Gb  apollo.o [1]
LTDC_Clear              0x002c4883      0x22  Code  Gb  rgb.o [1]
LTDC_Clk_Set            0x002c49b9      0x22  Code  Gb  rgb.o [1]
LTDC_Display_Dir        0x002c4835      0x46  Code  Gb  rgb.o [1]
LTDC_Draw_Point         0x002c4b89      0x58  Code  Gb  rgb.o [1]
LTDC_Fill               0x002c48a5     0x114  Code  Gb  rgb.o [1]
LTDC_Fill::timeout      0x20012dd8       0x4  Data  Lc  rgb.o [1]
LTDC_Handler            0x200128cc      0xa8  Data  Gb  rgb.o [1]
LTDC_Init               0x002c4395     0x31e  Code  Gb  rgb.o [1]
LTDC_Layer_Parameter_Config
                        0x002c4787      0x80  Code  Gb  rgb.o [1]
LTDC_Layer_Window_Config
                        0x002c4807      0x2e  Code  Gb  rgb.o [1]
LTDC_PanelID_Read       0x002c46b3      0xd4  Code  Gb  rgb.o [1]
LTDC_Select_Layer       0x002c487b       0x8  Code  Gb  rgb.o [1]
LTDC_SetConfig          0x002c5017     0x238  Code  Lc  stm32f7xx_hal_ltdc.o [1]
LoadInt                 0x002c3567      0x7a  Code  Lc  xprintflarge_nomb.o [3]
Math_Init               0x002c9789       0xa  Code  Gb  lib_math.o [1]
Math_RandSeedCur        0x20012d4c       0x4  Data  Gb  lib_math.o [1]
Math_RandSetSeed        0x002c9793      0x1e  Code  Gb  lib_math.o [1]
MemManage_Handler       0x002c6601       0xe  Code  Gb  apollo.o [1]
Mem_Clr                 0x002c2051       0xc  Code  Gb  lib_mem.o [1]
Mem_Heap                0x200110ac     0x400  Data  Gb  lib_mem.o [1]
Mem_Init                0x002c2019      0x38  Code  Gb  lib_mem.o [1]
Mem_SegCreate           0x002c20a7      0x46  Code  Gb  lib_mem.o [1]
Mem_SegCreateCritical   0x002c20ed      0x1a  Code  Lc  lib_mem.o [1]
Mem_SegHeadPtr          0x20012d50       0x4  Data  Gb  lib_mem.o [1]
Mem_SegHeap             0x20012cbc      0x14  Data  Gb  lib_mem.o [1]
Mem_Set                 0x002c205d      0x4a  Code  Gb  lib_mem.o [1]
NMI_Handler             0x002ca22d       0x2  Code  Gb  stm32f7xx_it.o [1]
NVIC_EnableIRQ          0x002c3313      0x14  Code  Lc  stm32f7xx_hal_cortex.o [1]
NVIC_EncodePriority     0x002c3349      0x3e  Code  Lc  stm32f7xx_hal_cortex.o [1]
NVIC_GetPriorityGrouping
                        0x002c3309       0xa  Code  Lc  stm32f7xx_hal_cortex.o [1]
NVIC_SetPriority        0x002c3327      0x22  Code  Lc  stm32f7xx_hal_cortex.o [1]
NVIC_SetPriorityGrouping
                        0x002c32ed      0x1c  Code  Lc  stm32f7xx_hal_cortex.o [1]
NVIC_SystemReset        0x002c5cb9      0x22  Code  Lc  apollo.o [1]
OSCfg_ISRStk            0x200116ac     0x200  Data  Gb  os_cfg_app.o [1]
OSCfg_ISRStkBasePtr     0x002ca288       0x4  Data  Gb  os_cfg_app.o [1]
OSCfg_ISRStkSize        0x002ca28c       0x4  Data  Gb  os_cfg_app.o [1]
OSCfg_IdleTaskStk       0x200114ac     0x200  Data  Gb  os_cfg_app.o [1]
OSCfg_IdleTaskStkBasePtr
                        0x002ca27c       0x4  Data  Gb  os_cfg_app.o [1]
OSCfg_IdleTaskStkLimit  0x002ca280       0x4  Data  Gb  os_cfg_app.o [1]
OSCfg_IdleTaskStkSize   0x002ca284       0x4  Data  Gb  os_cfg_app.o [1]
OSCfg_Init              0x002c2a3d       0x2  Code  Gb  os_cfg_app.o [1]
OSCfg_MsgPool           0x200118ac     0x200  Data  Gb  os_cfg_app.o [1]
OSCfg_MsgPoolBasePtr    0x002ca290       0x4  Data  Gb  os_cfg_app.o [1]
OSCfg_MsgPoolSize       0x002c2ae2       0x2  Data  Gb  os_cfg_app.o [1]
OSCfg_StatTaskPrio      0x002ca474       0x1  Data  Gb  os_cfg_app.o [1]
OSCfg_StatTaskRate_Hz   0x002ca294       0x4  Data  Gb  os_cfg_app.o [1]
OSCfg_StatTaskStk       0x20011aac     0x200  Data  Gb  os_cfg_app.o [1]
OSCfg_StatTaskStkBasePtr
                        0x002ca298       0x4  Data  Gb  os_cfg_app.o [1]
OSCfg_StatTaskStkLimit  0x002ca29c       0x4  Data  Gb  os_cfg_app.o [1]
OSCfg_StatTaskStkSize   0x002ca2a0       0x4  Data  Gb  os_cfg_app.o [1]
OSCfg_StkSizeMin        0x002ca2a4       0x4  Data  Gb  os_cfg_app.o [1]
OSCfg_TickRate_Hz       0x002ca2a8       0x4  Data  Gb  os_cfg_app.o [1]
OSCfg_TickTaskPrio      0x002ca475       0x1  Data  Gb  os_cfg_app.o [1]
OSCfg_TickTaskStk       0x20011cac     0x200  Data  Gb  os_cfg_app.o [1]
OSCfg_TickTaskStkBasePtr
                        0x002ca2ac       0x4  Data  Gb  os_cfg_app.o [1]
OSCfg_TickTaskStkLimit  0x002ca2b0       0x4  Data  Gb  os_cfg_app.o [1]
OSCfg_TickTaskStkSize   0x002ca2b4       0x4  Data  Gb  os_cfg_app.o [1]
OSCfg_TmrTaskPrio       0x002ca476       0x1  Data  Gb  os_cfg_app.o [1]
OSCfg_TmrTaskRate_Hz    0x002ca2b8       0x4  Data  Gb  os_cfg_app.o [1]
OSCfg_TmrTaskStk        0x20011eac     0x200  Data  Gb  os_cfg_app.o [1]
OSCfg_TmrTaskStkBasePtr
                        0x002ca2bc       0x4  Data  Gb  os_cfg_app.o [1]
OSCfg_TmrTaskStkLimit   0x002ca2c0       0x4  Data  Gb  os_cfg_app.o [1]
OSCfg_TmrTaskStkSize    0x002ca2c4       0x4  Data  Gb  os_cfg_app.o [1]
OSCtxSw                 0x002c1d09            Code  Gb  os_cpu_a.o [1]
OSDbg_AppHooksEn        0x002ca479       0x1  Data  Gb  os_dbg.o [1]
OSDbg_ArgChkEn          0x002ca478       0x1  Data  Gb  os_dbg.o [1]
OSDbg_CalledFromISRChkEn
                        0x002ca47a       0x1  Data  Gb  os_dbg.o [1]
OSDbg_DataSize          0x002ca2d0       0x4  Data  Gb  os_dbg.o [1]
OSDbg_DbgEn             0x002ca477       0x1  Data  Gb  os_dbg.o [1]
OSDbg_EndiannessTest    0x002ca2c8       0x4  Data  Gb  os_dbg.o [1]
OSDbg_FlagDelEn         0x002ca47c       0x1  Data  Gb  os_dbg.o [1]
OSDbg_FlagEn            0x002ca47b       0x1  Data  Gb  os_dbg.o [1]
OSDbg_FlagGrp           0x002c9f6c      0x28  Data  Gb  os_dbg.o [1]
OSDbg_FlagGrpSize       0x002c3fd6       0x2  Data  Gb  os_dbg.o [1]
OSDbg_FlagModeClrEn     0x002ca47d       0x1  Data  Gb  os_dbg.o [1]
OSDbg_FlagPendAbortEn   0x002ca47e       0x1  Data  Gb  os_dbg.o [1]
OSDbg_FlagWidth         0x002c3fee       0x2  Data  Gb  os_dbg.o [1]
OSDbg_Mem               0x002ca058      0x20  Data  Gb  os_dbg.o [1]
OSDbg_MemEn             0x002ca47f       0x1  Data  Gb  os_dbg.o [1]
OSDbg_MemSize           0x002c406a       0x2  Data  Gb  os_dbg.o [1]
OSDbg_MsgEn             0x002ca480       0x1  Data  Gb  os_dbg.o [1]
OSDbg_MsgPoolSize       0x002c434a       0x2  Data  Gb  os_dbg.o [1]
OSDbg_MsgQSize          0x002c435e       0x2  Data  Gb  os_dbg.o [1]
OSDbg_MsgSize           0x002c426a       0x2  Data  Gb  os_dbg.o [1]
OSDbg_Mutex             0x002c9eb0      0x30  Data  Gb  os_dbg.o [1]
OSDbg_MutexDelEn        0x002ca482       0x1  Data  Gb  os_dbg.o [1]
OSDbg_MutexEn           0x002ca481       0x1  Data  Gb  os_dbg.o [1]
OSDbg_MutexPendAbortEn  0x002ca483       0x1  Data  Gb  os_dbg.o [1]
OSDbg_MutexSize         0x002c4362       0x2  Data  Gb  os_dbg.o [1]
OSDbg_ObjTypeChkEn      0x002ca484       0x1  Data  Gb  os_dbg.o [1]
OSDbg_PendListSize      0x002c73fe       0x2  Data  Gb  os_dbg.o [1]
OSDbg_PendObjSize       0x002c793a       0x2  Data  Gb  os_dbg.o [1]
OSDbg_PrioMax           0x002c79a2       0x2  Data  Gb  os_dbg.o [1]
OSDbg_PrioTblSize       0x002c9786       0x2  Data  Gb  os_dbg.o [1]
OSDbg_PtrSize           0x002c9846       0x2  Data  Gb  os_dbg.o [1]
OSDbg_Q                 0x002c9ee0      0x30  Data  Gb  os_dbg.o [1]
OSDbg_QDelEn            0x002ca486       0x1  Data  Gb  os_dbg.o [1]
OSDbg_QEn               0x002ca485       0x1  Data  Gb  os_dbg.o [1]
OSDbg_QFlushEn          0x002ca487       0x1  Data  Gb  os_dbg.o [1]
OSDbg_QPendAbortEn      0x002ca488       0x1  Data  Gb  os_dbg.o [1]
OSDbg_QSize             0x002ca034       0x2  Data  Gb  os_dbg.o [1]
OSDbg_RdyList           0x002ca0c2       0x2  Data  Gb  os_dbg.o [1]
OSDbg_RdyListSize       0x002ca2cc       0x4  Data  Gb  os_dbg.o [1]
OSDbg_SchedRoundRobinEn
                        0x002ca489       0x1  Data  Gb  os_dbg.o [1]
OSDbg_Sem               0x002c9f94      0x28  Data  Gb  os_dbg.o [1]
OSDbg_SemDelEn          0x002ca48b       0x1  Data  Gb  os_dbg.o [1]
OSDbg_SemEn             0x002ca48a       0x1  Data  Gb  os_dbg.o [1]
OSDbg_SemPendAbortEn    0x002ca48c       0x1  Data  Gb  os_dbg.o [1]
OSDbg_SemSetEn          0x002ca48d       0x1  Data  Gb  os_dbg.o [1]
OSDbg_SemSize           0x002ca0b6       0x2  Data  Gb  os_dbg.o [1]
OSDbg_StatTaskEn        0x002ca48f       0x1  Data  Gb  os_dbg.o [1]
OSDbg_StatTaskStkChkEn  0x002ca490       0x1  Data  Gb  os_dbg.o [1]
OSDbg_StkWidth          0x002ca48e       0x1  Data  Gb  os_dbg.o [1]
OSDbg_TCBSize           0x002ca46c       0x2  Data  Gb  os_dbg.o [1]
OSDbg_TaskChangePrioEn  0x002ca491       0x1  Data  Gb  os_dbg.o [1]
OSDbg_TaskDelEn         0x002ca492       0x1  Data  Gb  os_dbg.o [1]
OSDbg_TaskProfileEn     0x002ca495       0x1  Data  Gb  os_dbg.o [1]
OSDbg_TaskQEn           0x002ca493       0x1  Data  Gb  os_dbg.o [1]
OSDbg_TaskQPendAbortEn  0x002ca494       0x1  Data  Gb  os_dbg.o [1]
OSDbg_TaskRegTblSize    0x002ca122       0x2  Data  Gb  os_dbg.o [1]
OSDbg_TaskSemPendAbortEn
                        0x002ca496       0x1  Data  Gb  os_dbg.o [1]
OSDbg_TaskSuspendEn     0x002ca497       0x1  Data  Gb  os_dbg.o [1]
OSDbg_TickListSize      0x002ca46e       0x2  Data  Gb  os_dbg.o [1]
OSDbg_TimeDlyHMSMEn     0x002ca498       0x1  Data  Gb  os_dbg.o [1]
OSDbg_TimeDlyResumeEn   0x002ca499       0x1  Data  Gb  os_dbg.o [1]
OSDbg_Tmr               0x002c9f10      0x30  Data  Gb  os_dbg.o [1]
OSDbg_TmrDelEn          0x002ca49b       0x1  Data  Gb  os_dbg.o [1]
OSDbg_TmrEn             0x002ca49a       0x1  Data  Gb  os_dbg.o [1]
OSDbg_TmrSize           0x002ca470       0x2  Data  Gb  os_dbg.o [1]
OSDbg_VersionNbr        0x002ca472       0x2  Data  Gb  os_dbg.o [1]
OSFlagDbgListPtr        0x20012d84       0x4  Data  Gb  os_var.o [1]
OSFlagQty               0x20012de6       0x2  Data  Gb  os_var.o [1]
OSIdleTaskCtr           0x20012d7c       0x4  Data  Gb  os_var.o [1]
OSIdleTaskHook          0x002c02fd      0x12  Code  Gb  os_cpu_c.o [1]
OSIdleTaskTCB           0x2001257c      0xd4  Data  Gb  os_var.o [1]
OSInit                  0x002c09a9     0x14c  Code  Gb  os_core.o [1]
OSInitHook              0x002c030f      0x2e  Code  Gb  os_cpu_c.o [1]
OSInitialized           0x20012dfd       0x1  Data  Gb  os_var.o [1]
OSIntCtxSw              0x002c1d11            Code  Gb  os_cpu_a.o [1]
OSIntDisTimeMax         0x20012d80       0x4  Data  Gb  os_var.o [1]
OSIntEnter              0x002c0af5      0x24  Code  Gb  os_core.o [1]
OSIntExit               0x002c0b19      0xb6  Code  Gb  os_core.o [1]
OSIntNestingCtr         0x20012dfb       0x1  Data  Gb  os_var.o [1]
OSMemDbgListPtr         0x20012d88       0x4  Data  Gb  os_var.o [1]
OSMemQty                0x20012de8       0x2  Data  Gb  os_var.o [1]
OSMsgPool               0x20012cf0       0xc  Data  Gb  os_var.o [1]
OSMutexCreate           0x002c1299      0x76  Code  Gb  os_mutex.o [1]
OSMutexDbgListPtr       0x20012d8c       0x4  Data  Gb  os_var.o [1]
OSMutexPend             0x002c130f     0x1d6  Code  Gb  os_mutex.o [1]
OSMutexPost             0x002c14e5     0x17a  Code  Gb  os_mutex.o [1]
OSMutexQty              0x20012dea       0x2  Data  Gb  os_var.o [1]
OSPrioCur               0x20012dfe       0x1  Data  Gb  os_var.o [1]
OSPrioHighRdy           0x20012dff       0x1  Data  Gb  os_var.o [1]
OSPrioTbl               0x20012d58       0x4  Data  Gb  os_prio.o [1]
OSQDbgListPtr           0x20012d90       0x4  Data  Gb  os_var.o [1]
OSQQty                  0x20012dec       0x2  Data  Gb  os_var.o [1]
OSRdyList               0x200120ac     0x180  Data  Gb  os_var.o [1]
OSRunning               0x20012dfc       0x1  Data  Gb  os_var.o [1]
OSSched                 0x002c0bcf      0x86  Code  Gb  os_core.o [1]
OSSchedLock             0x002c0c55      0x62  Code  Gb  os_core.o [1]
OSSchedLockNestingCtr   0x20012e00       0x1  Data  Gb  os_var.o [1]
OSSchedUnlock           0x002c0cb7      0x80  Code  Gb  os_core.o [1]
OSSemDbgListPtr         0x20012d94       0x4  Data  Gb  os_var.o [1]
OSSemQty                0x20012dee       0x2  Data  Gb  os_var.o [1]
OSStart                 0x002c0d37      0x92  Code  Gb  os_core.o [1]
OSStartHighRdy          0x002c1c8f            Code  Gb  os_cpu_a.o [1]
OSStatReset             0x002c2169      0xfe  Code  Gb  os_stat.o [1]
OSStatResetFlag         0x20012e01       0x1  Data  Gb  os_var.o [1]
OSStatTaskCPUUsage      0x20012df0       0x2  Data  Gb  os_var.o [1]
OSStatTaskCPUUsageInit  0x002c2267      0xdc  Code  Gb  os_stat.o [1]
OSStatTaskCPUUsageMax   0x20012df2       0x2  Data  Gb  os_var.o [1]
OSStatTaskCtr           0x20012d98       0x4  Data  Gb  os_var.o [1]
OSStatTaskCtrMax        0x20012d9c       0x4  Data  Gb  os_var.o [1]
OSStatTaskCtrRun        0x20012da0       0x4  Data  Gb  os_var.o [1]
OSStatTaskHook          0x002c033d      0x12  Code  Gb  os_cpu_c.o [1]
OSStatTaskRdy           0x20012e02       0x1  Data  Gb  os_var.o [1]
OSStatTaskTCB           0x20012650      0xd4  Data  Gb  os_var.o [1]
OSStatTaskTimeMax       0x20012da4       0x4  Data  Gb  os_var.o [1]
OSTCBCurPtr             0x20012dd0       0x4  Data  Gb  os_var.o [1]
OSTCBHighRdyPtr         0x20012dd4       0x4  Data  Gb  os_var.o [1]
OSTaskCreate            0x002bf6dd     0x1aa  Code  Gb  os_task.o [1]
OSTaskCreateHook        0x002c034f      0x12  Code  Gb  os_cpu_c.o [1]
OSTaskCtxSwCtr          0x20012da8       0x4  Data  Gb  os_var.o [1]
OSTaskDbgListPtr        0x20012dac       0x4  Data  Gb  os_var.o [1]
OSTaskDel               0x002bf887     0x180  Code  Gb  os_task.o [1]
OSTaskDelHook           0x002c0361      0x12  Code  Gb  os_cpu_c.o [1]
OSTaskQty               0x20012df4       0x2  Data  Gb  os_var.o [1]
OSTaskRegNextAvailID    0x20012e03       0x1  Data  Gb  os_var.o [1]
OSTaskResume            0x002bfa07     0x126  Code  Gb  os_task.o [1]
OSTaskReturnHook        0x002c0373      0x12  Code  Gb  os_cpu_c.o [1]
OSTaskSemPend           0x002bfb2d     0x1e6  Code  Gb  os_task.o [1]
OSTaskSemPost           0x002bfd1d     0x104  Code  Gb  os_task.o [1]
OSTaskStkChk            0x002bfe2d      0xb4  Code  Gb  os_task.o [1]
OSTaskStkInit           0x002c0385     0x160  Code  Gb  os_cpu_c.o [1]
OSTaskSuspend           0x002bfee5     0x142  Code  Gb  os_task.o [1]
OSTaskSwHook            0x002c04e5      0x82  Code  Gb  os_cpu_c.o [1]
OSTickCtr               0x20012db0       0x4  Data  Gb  os_var.o [1]
OSTickListDly           0x20012d10       0x8  Data  Gb  os_var.o [1]
OSTickListTimeout       0x20012d18       0x8  Data  Gb  os_var.o [1]
OSTickTaskTCB           0x20012724      0xd4  Data  Gb  os_var.o [1]
OSTickTaskTimeMax       0x20012db4       0x4  Data  Gb  os_var.o [1]
OSTimeDly               0x002c1d79      0x94  Code  Gb  os_time.o [1]
OSTimeDlyHMSM           0x002c1e0d     0x17c  Code  Gb  os_time.o [1]
OSTimeDlyHMSM::ticks    0x20012d5c       0x4  Data  Lc  os_time.o [1]
OSTimeGet               0x002c1f89      0x24  Code  Gb  os_time.o [1]
OSTimeTick              0x002c1fad      0x3e  Code  Gb  os_time.o [1]
OSTimeTickHook          0x002c0567      0x12  Code  Gb  os_cpu_c.o [1]
OSTmrDbgListPtr         0x20012db8       0x4  Data  Gb  os_var.o [1]
OSTmrListEntries        0x20012df6       0x2  Data  Gb  os_var.o [1]
OSTmrListPtr            0x20012dbc       0x4  Data  Gb  os_var.o [1]
OSTmrMutex              0x20012c50      0x30  Data  Gb  os_var.o [1]
OSTmrTaskTCB            0x200127f8      0xd4  Data  Gb  os_var.o [1]
OSTmrTaskTimeMax        0x20012dc0       0x4  Data  Gb  os_var.o [1]
OSTmrTickCtr            0x20012dc4       0x4  Data  Gb  os_var.o [1]
OSTmrUpdateCnt          0x20012dc8       0x4  Data  Gb  os_var.o [1]
OSTmrUpdateCtr          0x20012dcc       0x4  Data  Gb  os_var.o [1]
OS_AppIdleTaskHookPtr   0x20012d6c       0x4  Data  Gb  os_var.o [1]
OS_AppStatTaskHookPtr   0x20012d70       0x4  Data  Gb  os_var.o [1]
OS_AppTaskCreateHookPtr
                        0x20012d60       0x4  Data  Gb  os_var.o [1]
OS_AppTaskDelHookPtr    0x20012d64       0x4  Data  Gb  os_var.o [1]
OS_AppTaskReturnHookPtr
                        0x20012d68       0x4  Data  Gb  os_var.o [1]
OS_AppTaskSwHookPtr     0x20012d74       0x4  Data  Gb  os_var.o [1]
OS_AppTimeTickHookPtr   0x20012d78       0x4  Data  Gb  os_var.o [1]
OS_CPU_ExceptStkBase    0x20012d54       0x4  Data  Gb  os_cpu_c.o [1]
OS_CPU_FP_Reg_Pop       0x002c1c83            Code  Gb  os_cpu_a.o [1]
OS_CPU_FP_Reg_Push      0x002c1c71            Code  Gb  os_cpu_a.o [1]
OS_CPU_PendSVHandler    0x002c1d19            Code  Gb  os_cpu_a.o [1]
OS_CPU_SysTickHandler   0x002c0579      0x24  Code  Gb  os_cpu_c.o [1]
OS_CPU_SysTickInit      0x002c05ad      0x2c  Code  Gb  os_cpu_c.o [1]
OS_CPU_SysTickInitFreq  0x002c059d      0x10  Code  Gb  os_cpu_c.o [1]
OS_Dbg_Init             0x002c28ad     0x190  Code  Gb  os_dbg.o [1]
OS_IdleTask             0x002c0dc9      0x38  Code  Gb  os_core.o [1]
OS_IdleTaskInit         0x002c0e01      0x50  Code  Gb  os_core.o [1]
OS_MemInit              0x002c214d      0x12  Code  Gb  os_mem.o [1]
OS_MsgPoolInit          0x002c0689      0x8a  Code  Gb  os_msg.o [1]
OS_MsgQFreeAll          0x002c0713      0x44  Code  Gb  os_msg.o [1]
OS_MsgQInit             0x002c0757      0x14  Code  Gb  os_msg.o [1]
OS_MutexDbgListAdd      0x002c165f      0x28  Code  Gb  os_mutex.o [1]
OS_MutexGrpAdd          0x002c16a9       0x8  Code  Gb  os_mutex.o [1]
OS_MutexGrpPostAll      0x002c16ff      0x60  Code  Gb  os_mutex.o [1]
OS_MutexGrpPrioFindHighest
                        0x002c16c7      0x38  Code  Gb  os_mutex.o [1]
OS_MutexGrpRemove       0x002c16b1      0x16  Code  Gb  os_mutex.o [1]
OS_Pend                 0x002c0e51      0x5a  Code  Gb  os_core.o [1]
OS_PendDbgNameAdd       0x002c0eab      0x40  Code  Gb  os_core.o [1]
OS_PendDbgNameRemove    0x002c0eeb      0x20  Code  Gb  os_core.o [1]
OS_PendListChangePrio   0x002c0f0b      0x24  Code  Gb  os_core.o [1]
OS_PendListInit         0x002c0f2f       0xe  Code  Gb  os_core.o [1]
OS_PendListInsertPrio   0x002c0f3d      0x72  Code  Gb  os_core.o [1]
OS_PendListRemove       0x002c0faf      0x5a  Code  Gb  os_core.o [1]
OS_Post                 0x002c1009      0xaa  Code  Gb  os_core.o [1]
OS_PrioGetHighest       0x002c0945      0x14  Code  Gb  os_prio.o [1]
OS_PrioInit             0x002c0931      0x14  Code  Gb  os_prio.o [1]
OS_PrioInsert           0x002c0959      0x24  Code  Gb  os_prio.o [1]
OS_PrioRemove           0x002c097d      0x26  Code  Gb  os_prio.o [1]
OS_RdyListInit          0x002c10b3      0x22  Code  Gb  os_core.o [1]
OS_RdyListInsert        0x002c10d5      0x28  Code  Gb  os_core.o [1]
OS_RdyListInsertHead    0x002c10fd      0x3a  Code  Gb  os_core.o [1]
OS_RdyListInsertTail    0x002c1137      0x38  Code  Gb  os_core.o [1]
OS_RdyListRemove        0x002c1175      0x5c  Code  Gb  os_core.o [1]
OS_StatTask             0x002c2343     0x262  Code  Gb  os_stat.o [1]
OS_StatTaskInit         0x002c25a5      0x90  Code  Gb  os_stat.o [1]
OS_TaskBlock            0x002c11d1      0x28  Code  Gb  os_core.o [1]
OS_TaskChangePrio       0x002c01f9      0xe0  Code  Gb  os_task.o [1]
OS_TaskDbgListAdd       0x002c0027      0x2c  Code  Gb  os_task.o [1]
OS_TaskDbgListRemove    0x002c0053      0x4a  Code  Gb  os_task.o [1]
OS_TaskInit             0x002c009d      0x18  Code  Gb  os_task.o [1]
OS_TaskInitTCB          0x002c00b5     0x12c  Code  Gb  os_task.o [1]
OS_TaskReturn           0x002c01e1      0x14  Code  Gb  os_task.o [1]
OS_TickListInsert       0x002c1887      0x8c  Code  Gb  os_tick.o [1]
OS_TickListInsertDly    0x002c1913      0x90  Code  Gb  os_tick.o [1]
OS_TickListRemove       0x002c19a3      0x70  Code  Gb  os_tick.o [1]
OS_TickListUpdateDly    0x002c1a13      0xa6  Code  Lc  os_tick.o [1]
OS_TickListUpdateTimeout
                        0x002c1ab9     0x128  Code  Lc  os_tick.o [1]
OS_TickTask             0x002c1769      0x5e  Code  Gb  os_tick.o [1]
OS_TickTaskInit         0x002c17c7      0xc0  Code  Gb  os_tick.o [1]
OS_TmrInit              0x002c26a9      0xd4  Code  Gb  os_tmr.o [1]
OS_TmrLock              0x002c2843      0x14  Code  Lc  os_tmr.o [1]
OS_TmrTask              0x002c27bd      0x86  Code  Gb  os_tmr.o [1]
OS_TmrUnlink            0x002c277d      0x3e  Code  Gb  os_tmr.o [1]
OS_TmrUnlock            0x002c2857       0xe  Code  Lc  os_tmr.o [1]
POINT_COLOR             0x200100a0       0x4  Data  Gb  rgb.o [1]
Region$$Table$$Base     0x002ca008             --   Gb  - Linker created -
Region$$Table$$Limit    0x002ca034             --   Gb  - Linker created -
SDRAM_Initialization_Sequence
                        0x002c648d      0x4a  Code  Gb  apollo.o [1]
SDRAM_Send_Cmd          0x002c64d7      0x3e  Code  Gb  apollo.o [1]
SDRAM_init              0x002c62f9      0xa8  Code  Gb  apollo.o [1]
SVC_Handler             0x002ca235       0x2  Code  Gb  stm32f7xx_it.o [1]
SystemCoreClock         0x200100a8       0x4  Data  Gb  system_stm32f7xx.o [1]
SystemInit              0x002c9e05      0x4c  Code  Gb  system_stm32f7xx.o [1]
TIM2_init               0x002c604f      0x76  Code  Gb  apollo.o [1]
TIM3_IRQHandler         0x002c6533       0xa  Code  Gb  apollo.o [1]
TIM3_init               0x002c60c5      0x84  Code  Gb  apollo.o [1]
TIM5_IRQHandler         0x002c653d       0xa  Code  Gb  apollo.o [1]
TIM5_init               0x002c6197      0x6a  Code  Gb  apollo.o [1]
TIM_Base_SetConfig      0x002c7dd1      0xec  Code  Gb  stm32f7xx_hal_tim.o [1]
TIM_CCxChannelCmd       0x002c81df      0x1e  Code  Gb  stm32f7xx_hal_tim.o [1]
TIM_OC1_SetConfig       0x002c7ebd      0x6c  Code  Gb  stm32f7xx_hal_tim.o [1]
TIM_OC2_SetConfig       0x002c7f29      0x76  Code  Gb  stm32f7xx_hal_tim.o [1]
TIM_OC3_SetConfig       0x002c7f9f      0x74  Code  Gb  stm32f7xx_hal_tim.o [1]
TIM_OC4_SetConfig       0x002c8013      0x5e  Code  Gb  stm32f7xx_hal_tim.o [1]
TIM_OC5_SetConfig       0x002c83bb      0x4c  Code  Lc  stm32f7xx_hal_tim_ex.o [1]
TIM_OC6_SetConfig       0x002c8407      0x4e  Code  Lc  stm32f7xx_hal_tim_ex.o [1]
TIM_TI1_SetConfig       0x002c8071      0x7e  Code  Gb  stm32f7xx_hal_tim.o [1]
TIM_TI2_SetConfig       0x002c8125      0x3e  Code  Lc  stm32f7xx_hal_tim.o [1]
TIM_TI3_SetConfig       0x002c8163      0x3e  Code  Lc  stm32f7xx_hal_tim.o [1]
TIM_TI4_SetConfig       0x002c81a1      0x3e  Code  Lc  stm32f7xx_hal_tim.o [1]
UART_AdvFeatureConfig   0x002c6e41      0xda  Code  Gb  stm32f7xx_hal_uart.o [1]
UART_CheckIdleState     0x002c6f1b      0x4a  Code  Gb  stm32f7xx_hal_uart.o [1]
UART_DMAAbortOnError    0x002c6999      0x16  Code  Lc  stm32f7xx_hal_uart.o [1]
UART_EndRxTransfer      0x002c6abd      0x20  Code  Lc  stm32f7xx_hal_uart.o [1]
UART_EndTransmit_IT     0x002c6a1b      0x1c  Code  Lc  stm32f7xx_hal_uart.o [1]
UART_Receive_IT         0x002c6a37      0x86  Code  Lc  stm32f7xx_hal_uart.o [1]
UART_SetConfig          0x002c6add     0x330  Code  Gb  stm32f7xx_hal_uart.o [1]
UART_Transmit_IT        0x002c69af      0x6c  Code  Lc  stm32f7xx_hal_uart.o [1]
UART_WaitOnFlagUntilTimeout
                        0x002c6929      0x6e  Code  Gb  stm32f7xx_hal_uart.o [1]
UART_init               0x002c5d1b      0x28  Code  Gb  apollo.o [1]
USART2_IRQHandler       0x002c65f7       0xa  Code  Gb  apollo.o [1]
UsageFault_Handler      0x002ca233       0x2  Code  Gb  stm32f7xx_it.o [1]
_GenldLargeNoMb         0x002c3d01     0x240  Code  Lc  xprintflarge_nomb.o [3]
_LdtobLargeNoMb         0x002c3a9b     0x23e  Code  Lc  xprintflarge_nomb.o [3]
_LitobLargeNoMb         0x002c394b     0x10a  Code  Lc  xprintflarge_nomb.o [3]
_Locale_lconv           0x20010048      0x38  Data  Lc  xlocale_c.o [3]
_PrintfLargeNoMb        0x002c33d1     0x190  Code  Gb  xprintflarge_nomb.o [3]
_Prout                  0x002ca10d      0x16  Code  Gb  xprout.o [3]
_PutcharsLargeNoMb      0x002c3f41      0x2e  Code  Lc  xprintflarge_nomb.o [3]
_PutfldLargeNoMb        0x002c35e1     0x25c  Code  Lc  xprintflarge_nomb.o [3]
_PuttxtLargeNoMb        0x002c383d     0x10e  Code  Lc  xprintflarge_nomb.o [3]
_SProut                 0x002c175f       0xa  Code  Gb  xsprout.o [3]
__aeabi_cdcmple         0x002c42dd            Code  Gb  DblCmpLe.o [4]
__aeabi_d2uiz           0x002c431d       0xe  Code  Gb  DblToU32.o [4]
__aeabi_ddiv            0x002c430b      0x12  Code  Gb  DblDiv.o [4]
__aeabi_dmul            0x002c41b3      0x12  Code  Gb  DblMul.o [4]
__aeabi_dsub            0x002c4339      0x12  Code  Gb  DblSub.o [4]
__aeabi_ldiv0           0x002c4361            Code  Gb  I64DivZer.o [5]
__aeabi_memcpy          0x002c41c5            Code  Gb  ABImemcpy.o [5]
__aeabi_memcpy4         0x002c41e5            Code  Gb  ABImemcpy.o [5]
__aeabi_memcpy8         0x002c41e5            Code  Gb  ABImemcpy.o [5]
__aeabi_memset          0x002c793d            Code  Gb  ABImemset.o [5]
__aeabi_ui2d            0x002c432b       0xe  Code  Gb  U32ToDbl.o [4]
__aeabi_uldivmod        0x002c40c5            Code  Gb  I64DivMod.o [5]
__cmain                 0x002ca095            Code  Gb  cmain.o [5]
__exit                  0x002c4365      0x14  Code  Gb  exit.o [6]
__iar_Fail_s            0x002c3ff1      0x1e  Code  Gb  xfail_s.o [3]
__iar_Memchr            0x002c406d            Code  Gb  memchr.o [5]
__iar_Memset            0x002c793d            Code  Gb  ABImemset.o [5]
__iar_Memset_word       0x002c7945            Code  Gb  ABImemset.o [5]
__iar_Stdout            0x20010000      0x48  Data  Gb  xfiles.o [3]
__iar_Strchr            0x002c3fd9            Code  Gb  strchr.o [5]
__iar_copy_init3        0x002c9f41      0x2c  Code  Gb  copy_init3.o [5]
__iar_data_init3        0x002c9fbd      0x28  Code  Gb  data_init.o [5]
__iar_frexp             0x002c4279            Code  Gb  frexp.o [4]
__iar_frexpl            0x002c4279            Code  Gb  frexp.o [4]
__iar_init_vfp          0x002c9fe5            Code  Gb  fpinit_M.o [4]
__iar_program_start     0x002ca239            Code  Gb  cstartup_M.o [5]
__iar_softfp___iar_frexp64
                        0x002c426d            Code  Gb  frexp.o [4]
__iar_softfp_frexp      0x002c426d            Code  Gb  frexp.o [4]
__iar_softfp_frexpl     0x002c426d            Code  Gb  frexp.o [4]
__iar_systems$$module {Abs}
                        0x00000001            Data  Gb  command line/config [2]
__iar_zero_init3        0x002c9e71      0x40  Code  Gb  zero_init3.o [5]
__low_level_init        0x002ca0af       0x4  Code  Gb  low_level_init.o [3]
__vector_table          0x00200000            Data  Gb  startup_stm32f767xx.o [1]
_call_main              0x002ca0a1            Code  Gb  cmain.o [5]
_exit                   0x002ca0b9            Code  Gb  cexit.o [5]
_main                   0x002ca0ab            Code  Gb  cmain.o [5]
abort                   0x002c4359       0x6  Code  Gb  abort.o [3]
asc2_1206               0x002c9990     0x474  Data  Lc  rgb.o [1]
asc2_1608               0x002c8ca0     0x5f0  Data  Lc  rgb.o [1]
asc2_2412               0x002be980     0xd5c  Data  Lc  rgb.o [1]
asc2_3216               0x002bba00    0x2f80  Data  Lc  rgb.o [1]
delay_ms                0x002c8521       0x8  Code  Gb  touch.o [1]
delay_us                0x002c8529      0x1a  Code  Gb  touch.o [1]
dma_adc_flag            0x20012de0       0x2  Data  Gb  apollo.o [1]
exit                    0x002ca0b3       0x4  Code  Gb  exit.o [3]
fputc                   0x002c5d43      0x16  Code  Gb  apollo.o [1]
gImage_xiong            0x002001f8   0xbb808  Data  Lc  app_main.o [1]
hole_ic_value           0x20012d00       0x8  Data  Gb  apollo.o [1]
ic_state                0x20012df8       0x1  Data  Gb  apollo.o [1]
ic_value                0x20012d28       0x4  Data  Gb  apollo.o [1]
lcddev                  0x20012ce0      0x10  Data  Gb  rgb.o [1]
lcdltdc                 0x20012c80      0x20  Data  Gb  rgb.o [1]
localeconv              0x002c434d       0x4  Code  Gb  xlocale_c.o [3]
ltdc_framebuf           0x20012d20       0x8  Data  Gb  rgb.o [1]
ltdc_lcd_framebuf       0xc0000000  0x1f4000  Data  Gb  rgb.o [1]
main                    0x002c9291      0x6c  Code  Gb  app_main.o [1]
memchr                  0x002c406d            Code  Gb  memchr.o [5]
obuf                    0x20012ac4      0x50  Data  Lc  xfiles.o [3]
printf                  0x002c8af9      0x28  Code  Gb  printf.o [3]
putchar                 0x002ca125       0xc  Code  Gb  putchar.o [3]
raw_icekong             0x20012d08       0x8  Data  Gb  app_main.o [1]
ret                     0x20012e04       0x1  Data  Gb  rgb.o [1]
rstr                    0x20012974      0x80  Data  Gb  apollo.o [1]
scale                   0x002c3a55      0x46  Code  Lc  xprintflarge_nomb.o [3]
sec_hand                0x20012ddc       0x4  Data  Lc  xfail_s.o [3]
sprintf                 0x002c9951      0x40  Code  Gb  sprintf.o [3]
strchr                  0x002c3fd9            Code  Gb  strchr.o [5]
strlen                  0x002c4035            Code  Gb  strlen.o [5]
tp_dev                  0x20010080      0x20  Data  Gb  touch.o [1]


[1] = D:\Apollo\ucosiii\Debug\Obj
[2] = command line
[3] = dl7M_tlf.a
[4] = m7M_tlv.a
[5] = rt7M_tl.a
[6] = shb_l.a

   41 422 bytes of readonly  code memory
  787 322 bytes of readonly  data memory
   19 973 bytes of readwrite data memory (+ 2 048 000 absolute)

Errors: none
Warnings: none
